#
# A fatal error has been detected by the Java Runtime Environment:
#
#  EXCEPTION_ACCESS_VIOLATION (0xc0000005) at pc=0x00007ff967e5b804, pid=17272, tid=8056
#
# JRE version: Java(TM) SE Runtime Environment (25.0+37) (build 25+37-LTS-3491)
# Java VM: Java HotSpot(TM) 64-Bit Server VM (25+37-LTS-3491, mixed mode, sharing, tiered, compressed oops, compressed class ptrs, parallel gc, windows-amd64)
# Problematic frame:
# V  [jvm.dll+0x45b804]
#
# No core dump will be written. Minidumps are not enabled by default on client versions of Windows
#
# If you would like to submit a bug report, please visit:
#   https://bugreport.java.com/bugreport/crash.jsp
#

---------------  S U M M A R Y ------------

Command Line: -Djdk.xml.maxGeneralEntitySizeLimit=0 -Djdk.xml.totalEntitySizeLimit=0 --add-modules=ALL-SYSTEM --add-opens=java.base/java.util=ALL-UNNAMED --add-opens=java.base/java.lang=ALL-UNNAMED --add-opens=java.base/sun.nio.fs=ALL-UNNAMED -Declipse.application=org.eclipse.jdt.ls.core.id1 -Dosgi.bundles.defaultStartLevel=4 -Declipse.product=org.eclipse.jdt.ls.core.product -Djava.import.generatesMetadataFilesAtProjectRoot=false -DDetectVMInstallationsJob.disabled=true -Dfile.encoding=utf8 -XX:+UseParallelGC -XX:GCTimeRatio=4 -XX:AdaptiveSizePolicyWeight=90 -Dsun.zip.disableMemoryMapping=true -Xmx2G -Xms100m -Xlog:disable -javaagent:c:\Users\wakam\.vscode\extensions\redhat.java-1.54.2026041108-win32-x64\lombok\lombok-1.18.39-4050.jar -XX:+HeapDumpOnOutOfMemoryError -XX:HeapDumpPath=c:\Users\wakam\AppData\Roaming\Code\User\workspaceStorage\21f1205e5cd5c5ef57f7413777eb285a\redhat.java -Daether.dependencyCollector.impl=bf -XX:+UnlockDiagnosticVMOptions -XX:+AllowArchivingWithJavaAgent -XX:+AutoCreateSharedArchive -XX:SharedArchiveFile=c:\Users\wakam\AppData\Roaming\Code\User\globalStorage\redhat.java\1.54.2026041108\jdtls.jsa c:\Users\wakam\.vscode\extensions\redhat.java-1.54.2026041108-win32-x64\server\plugins\org.eclipse.equinox.launcher_1.7.100.v20251111-0406.jar -configuration c:\Users\wakam\AppData\Roaming\Code\User\globalStorage\redhat.java\1.54.2026041108\config_win -data c:\Users\wakam\AppData\Roaming\Code\User\workspaceStorage\21f1205e5cd5c5ef57f7413777eb285a\redhat.java\jdt_ws --pipe=\\.\pipe\lsp-3ee983b7cd288dc78aadb312340d449d-sock

Host: Intel(R) Core(TM) i5-10500 CPU @ 3.10GHz, 12 cores, 15G,  Windows 11 , 64 bit Build 26100 (10.0.26100.7920)
Time: Tue Apr 14 18:41:19 2026 elapsed time: 2102.377140 seconds (0d 0h 35m 2s)

---------------  T H R E A D  ---------------

Current thread (0x0000020071c89bd0):  VMThread "VM Thread"          [id=8056, stack(0x0000006504d00000,0x0000006504e00000) (1024K)]

Stack: [0x0000006504d00000,0x0000006504e00000],  sp=0x0000006504dff3b0,  free space=1020k
Native frames: (J=compiled Java code, j=interpreted, Vv=VM code, C=native code)
V  [jvm.dll+0x45b804]  (no source info available)
V  [jvm.dll+0x45b84f]  (no source info available)
V  [jvm.dll+0x4612b6]  (no source info available)
V  [jvm.dll+0x38668a]  (no source info available)
V  [jvm.dll+0x3855c6]  (no source info available)
V  [jvm.dll+0x385a03]  (no source info available)
V  [jvm.dll+0x96ee71]  (no source info available)
V  [jvm.dll+0x97018d]  (no source info available)
V  [jvm.dll+0x970709]  (no source info available)
V  [jvm.dll+0x9709b3]  (no source info available)
V  [jvm.dll+0x90681d]  (no source info available)
V  [jvm.dll+0x7a5015]  (no source info available)
C  [ucrtbase.dll+0x37b0]  (no source info available)
C  [KERNEL32.DLL+0x2e8d7]  (no source info available)
C  [ntdll.dll+0x8c48c]  (no source info available)


siginfo: EXCEPTION_ACCESS_VIOLATION (0xc0000005), reading address 0x00000000000000e0


Registers:
RAX=0x000000003b183901, RBX=0x0000000000000000, RCX=0x0000000000000000, RDX=0x0000000000000000
RSP=0x0000006504dff3b0, RBP=0x0000006504dff490, RSI=0x0000000000000001, RDI=0x000002002bce25d8
R8 =0x000002006f7c3300, R9 =0x00000000000000a6, R10=0x000002006f7c0000, R11=0x0000006504dff400
R12=0x00007ff9684cdbc0, R13=0x00007ff9684daca8, R14=0x0000020029b9c560, R15=0x00007ff9684cdae8
RIP=0x00007ff967e5b804, EFLAGS=0x0000000000010287

XMM[0]=0x0000000000000000 0x0000000000000000
XMM[1]=0x0000020029b9a4a0 0x0000020029b9a448
XMM[2]=0x0000020029b4f4b8 0x0000020029b4f460
XMM[3]=0x0000020029b504e0 0x0000020029b50488
XMM[4]=0x0000020029b50328 0x0000020029b502d0
XMM[5]=0x0000020029b9a658 0x0000020029b9a600
XMM[6]=0x0000000000000000 0x0000000000000000
XMM[7]=0x0000000000000000 0x0000000000000000
XMM[8]=0x0000000000000000 0x404e000000000000
XMM[9]=0x0000000000000000 0x0000000000000000
XMM[10]=0x0000000000000000 0x0000000000000000
XMM[11]=0x0000000000000000 0x0000000000000000
XMM[12]=0x0000000000000000 0x0000000000000000
XMM[13]=0x0000000000000000 0x0000000000000000
XMM[14]=0x0000000000000000 0x0000000000000000
XMM[15]=0x0000000000000000 0x0000000000000000
  MXCSR=0x00001fa0


Register to memory mapping:

RAX=0x000000003b183901 is pointing into metadata
RBX=0x0 is null
RCX=0x0 is null
RDX=0x0 is null
RSP=0x0000006504dff3b0 points into unknown readable memory: 0x000002006f930000 | 00 00 93 6f 00 02 00 00
RBP=0x0000006504dff490 points into unknown readable memory: 0x00007ff9684dacb8 | b8 ac 4d 68 f9 7f 00 00
RSI=0x0000000000000001 is an unknown value
RDI=0x000002002bce25d8 points into unknown readable memory: 0x0000000000000000 | 00 00 00 00 00 00 00 00
R8 =0x000002006f7c3300 points into unknown readable memory: 0x000002006f7c0d80 | 80 0d 7c 6f 00 02 00 00
R9 =0x00000000000000a6 is an unknown value
R10=0x000002006f7c0000 points into unknown readable memory: 0x0000000000000000 | 00 00 00 00 00 00 00 00
R11=0x0000006504dff400 points into unknown readable memory: 0x0000020029b9c6f0 | f0 c6 b9 29 00 02 00 00
R12=0x00007ff9684cdbc0 jvm.dll
R13=0x00007ff9684daca8 jvm.dll
R14=0x0000020029b9c560 points into unknown readable memory: 0x000000003b010080 | 80 00 01 3b 00 00 00 00
R15=0x00007ff9684cdae8 jvm.dll

Top of Stack: (sp=0x0000006504dff3b0)
0x0000006504dff3b0:   000002006f930000 00007ff900000000   ...o............
0x0000006504dff3c0:   000002006a896040 00007ff968066bd6   @`.j.....k.h....
0x0000006504dff3d0:   000002002bce25d8 00007ff967e5b84f   .%.+....O..g....
0x0000006504dff3e0:   0000000000000000 0000000000000001   ................
0x0000006504dff3f0:   0000020029b9c560 0000020071c8a130   `..)....0..q....
0x0000006504dff400:   0000020029b9c6f0 00007ff967e612b6   ...).......g....
0x0000006504dff410:   0000000000000000 00007ff9684f3f40   ........@?Oh....
0x0000006504dff420:   0000020029b9c560 0000006504dff490   `..)........e...
0x0000006504dff430:   0000000000002448 0000000000000000   H$..............
0x0000006504dff440:   0000000000000489 0000006504afed60   ........`...e...
0x0000006504dff450:   0000020029b9c560 00007ff967d8668a   `..).....f.g....
0x0000006504dff460:   0000000000000048 0000020071c8a130   H.......0..q....
0x0000006504dff470:   0000000000000000 0000000000458c01   ..........E.....
0x0000006504dff480:   0000020029b9c200 00000008000001d8   ...)............
0x0000006504dff490:   00007ff9684dacb8 0000000000000000   ..Mh............
0x0000006504dff4a0:   0000000000000000 0000000000000000   ................
0x0000006504dff4b0:   00000000000003d8 0000000000000000   ................
0x0000006504dff4c0:   000000003c13d2d8 0000006504afed60   ...<....`...e...
0x0000006504dff4d0:   0000000000012e20 00007ff968497350    .......PsIh....
0x0000006504dff4e0:   00000000000025c4 00007ff967d855c6   .%.......U.g....
0x0000006504dff4f0:   00007ff900000489 0000000000002448   ........H$......
0x0000006504dff500:   0000020071c8a130 00007ff968778ca8   0..q......wh....
0x0000006504dff510:   0000000000000000 0000000000000000   ................
0x0000006504dff520:   00000000000000bd 0000000000000000   ................
0x0000006504dff530:   0000000000000000 00007ff96837d473   ........s.7h....
0x0000006504dff540:   00007ff9686f3890 0000020071c80100   .8oh.......q....
0x0000006504dff550:   000024ed6840cb6c 00007ff9ef2f10c4   l.@h.$..../.....
0x0000006504dff560:   0000000000000000 00007ff9681a0f9f   ...........h....
0x0000006504dff570:   0000000000000030 00007ff96837d343   0.......C.7h....
0x0000006504dff580:   00000000000003e8 00007ff968309a20   ........ .0h....
0x0000006504dff590:   0000020071c84ef0 0000020071c852e0   .N.q.....R.q....
0x0000006504dff5a0:   00007ff9687a1b30 00007ff968497350   0.zh....PsIh....

Instructions: (pc=0x00007ff967e5b804)
  0x00007ff967e5b704:   7e 20 74 0c 4d 89 66 18 4d 89 7e 20 4d 89 6e 28
  0x00007ff967e5b714:   4c 8b b4 24 08 01 00 00 4c 8b ac 24 10 01 00 00
  0x00007ff967e5b724:   4c 8b a4 24 18 01 00 00 4c 8b bc 24 00 01 00 00
  0x00007ff967e5b734:   48 83 7c 24 40 00 74 55 48 8b 9f b0 06 00 00 48
  0x00007ff967e5b744:   8d 44 24 58 33 c9 48 89 45 a8 48 8d 45 99 48 89
  0x00007ff967e5b754:   4d c8 89 4d b8 4c 8d 44 24 50 88 4d c0 48 8d 54
  0x00007ff967e5b764:   24 40 4c 8b cf 48 89 45 b0 48 8d 4c 24 30 48 89
  0x00007ff967e5b774:   b7 b0 06 00 00 c7 45 bc 08 00 00 00 c6 44 24 30
  0x00007ff967e5b784:   0e e8 66 f8 01 00 48 89 9f b0 06 00 00 48 8d 4c
  0x00007ff967e5b794:   24 40 e8 05 eb fd ff 48 8b 9c 24 50 01 00 00 48
  0x00007ff967e5b7a4:   8b 4d f0 48 33 cc e8 61 c3 58 00 48 81 c4 20 01
  0x00007ff967e5b7b4:   00 00 5f 5e 5d c3 cc cc cc cc cc cc 0f b7 41 0e
  0x00007ff967e5b7c4:   66 c1 e8 09 a8 01 74 03 32 c0 c3 e9 6c 9b 20 00
  0x00007ff967e5b7d4:   cc cc cc cc cc cc cc cc cc cc cc cc 48 89 5c 24
  0x00007ff967e5b7e4:   08 48 89 74 24 10 57 48 83 ec 20 48 3b 0d 8a ed
  0x00007ff967e5b7f4:   8d 00 48 8b d9 73 09 48 3b 0d 76 ed 8d 00 73 5b
=>0x00007ff967e5b804:   48 8b 81 e0 00 00 00 66 83 78 30 32 72 5f 48 8b
  0x00007ff967e5b814:   01 ff 50 78 48 85 c0 74 15 48 8b 03 48 8b cb ff
  0x00007ff967e5b824:   50 78 48 8b c8 e8 b2 ff ff ff 84 c0 74 3f 48 8b
  0x00007ff967e5b834:   bb a0 01 00 00 48 63 37 48 85 f6 7e 1e 33 db 48
  0x00007ff967e5b844:   83 c7 08 48 8b 0f e8 91 ff ff ff 84 c0 74 1e 48
  0x00007ff967e5b854:   ff c3 48 83 c7 08 48 3b de 7c e8 b0 01 48 8b 5c
  0x00007ff967e5b864:   24 30 48 8b 74 24 38 48 83 c4 20 5f c3 48 8b 5c
  0x00007ff967e5b874:   24 30 32 c0 48 8b 74 24 38 48 83 c4 20 5f c3 cc
  0x00007ff967e5b884:   cc cc cc cc cc cc cc cc cc cc cc cc 4c 89 44 24
  0x00007ff967e5b894:   18 53 56 57 48 83 ec 70 48 3b 15 2d 53 8e 00 49
  0x00007ff967e5b8a4:   8b f0 48 8b fa 48 8b d9 0f 84 88 02 00 00 48 8b
  0x00007ff967e5b8b4:   4a 08 48 85 c9 0f 84 7b 02 00 00 ff 15 5b e7 87
  0x00007ff967e5b8c4:   00 48 85 c0 0f 84 6c 02 00 00 48 8b cf e8 8a b9
  0x00007ff967e5b8d4:   e3 ff 84 c0 0f 85 5c 02 00 00 48 85 db 0f 84 53
  0x00007ff967e5b8e4:   02 00 00 66 83 7b 04 05 0f 82 48 02 00 00 48 8b
  0x00007ff967e5b8f4:   b6 a8 03 00 00 48 8b cb 0f b6 43 0a 0a 43 09 0a


Stack slot to memory mapping:

stack at sp + 0 slots: 0x000002006f930000 points into unknown readable memory: 0x0000000000000000 | 00 00 00 00 00 00 00 00
stack at sp + 1 slots: 0x00007ff900000000 is an unknown value
stack at sp + 2 slots: 0x000002006a896040 points into unknown readable memory: 0x00007ff9e31535b0 | b0 35 15 e3 f9 7f 00 00
stack at sp + 3 slots: 0x00007ff968066bd6 jvm.dll
stack at sp + 4 slots: 0x000002002bce25d8 points into unknown readable memory: 0x0000000000000000 | 00 00 00 00 00 00 00 00
stack at sp + 5 slots: 0x00007ff967e5b84f jvm.dll
stack at sp + 6 slots: 0x0 is null
stack at sp + 7 slots: 0x0000000000000001 is an unknown value

VM_Operation (0x0000006504afed50): PopulateDumpSharedSpace, mode: safepoint, requested by thread 0x0000020071bdfe50


---------------  P R O C E S S  ---------------

Threads class SMR info:
_java_thread_list=0x000002002010e550, length=49, elements={
0x0000020071bdfe50, 0x000002007c7f0610, 0x000002007c7f2d30, 0x000002007c7f3f90,
0x0000020071c9cff0, 0x0000020071c9d7b0, 0x0000020071c9e2c0, 0x0000020071bf0320,
0x0000020071bf0b30, 0x000002007ea5b430, 0x000002007eab6730, 0x0000020013705820,
0x0000020014c14ee0, 0x0000020014c13f40, 0x0000020014c11830, 0x0000020014c18590,
0x0000020014c17dc0, 0x0000020014c175f0, 0x0000020014c15e80, 0x0000020014c77f60,
0x0000020014c77790, 0x0000020014c76020, 0x0000020014c78f00, 0x0000020014c79ea0,
0x0000020014c7b610, 0x0000020014c7c5b0, 0x00000200149557d0, 0x0000020014957ee0,
0x0000020014955fa0, 0x00000200149586b0, 0x0000020014959e20, 0x0000020014956770,
0x000002001495adc0, 0x000002001495b590, 0x0000020013b5afa0, 0x0000020013b5b770,
0x0000020013b59830, 0x0000020013b5bf40, 0x0000020013b5cee0, 0x00000200133243f0,
0x000002001407ba70, 0x0000020014083770, 0x000002007e9aef00, 0x000002007e9acfc0,
0x000002007e9b25b0, 0x000002007e9b1610, 0x000002007e9baa80, 0x00000200148aa1b0,
0x00000200148a7150
}

Java Threads: ( => current thread )
  0x0000020071bdfe50 JavaThread "main"                              [_thread_blocked, id=16748, stack(0x0000006504a00000,0x0000006504b00000) (1024K)]
  0x000002007c7f0610 JavaThread "Reference Handler"          daemon [_thread_blocked, id=7348, stack(0x0000006504e00000,0x0000006504f00000) (1024K)]
  0x000002007c7f2d30 JavaThread "Finalizer"                  daemon [_thread_blocked, id=1424, stack(0x0000006504f00000,0x0000006505000000) (1024K)]
  0x000002007c7f3f90 JavaThread "Signal Dispatcher"          daemon [_thread_blocked, id=14884, stack(0x0000006505000000,0x0000006505100000) (1024K)]
  0x0000020071c9cff0 JavaThread "Attach Listener"            daemon [_thread_blocked, id=6340, stack(0x0000006505100000,0x0000006505200000) (1024K)]
  0x0000020071c9d7b0 JavaThread "Service Thread"             daemon [_thread_blocked, id=14968, stack(0x0000006505200000,0x0000006505300000) (1024K)]
  0x0000020071c9e2c0 JavaThread "Monitor Deflation Thread"   daemon [_thread_blocked, id=11120, stack(0x0000006505300000,0x0000006505400000) (1024K)]
  0x0000020071bf0320 JavaThread "C2 CompilerThread0"         daemon [_thread_blocked, id=10300, stack(0x0000006505400000,0x0000006505500000) (1024K)]
  0x0000020071bf0b30 JavaThread "C1 CompilerThread0"         daemon [_thread_blocked, id=11776, stack(0x0000006505500000,0x0000006505600000) (1024K)]
  0x000002007ea5b430 JavaThread "Common-Cleaner"             daemon [_thread_blocked, id=16616, stack(0x0000006505600000,0x0000006505700000) (1024K)]
  0x000002007eab6730 JavaThread "Notification Thread"        daemon [_thread_blocked, id=13012, stack(0x0000006505800000,0x0000006505900000) (1024K)]
  0x0000020013705820 JavaThread "JNA Cleaner"                daemon [_thread_blocked, id=17356, stack(0x0000006506000000,0x0000006506100000) (1024K)]
  0x0000020014c14ee0 JavaThread "InnocuousThread-1"          daemon [_thread_in_native, id=9964, stack(0x0000006507200000,0x0000006507300000) (1024K)]
  0x0000020014c13f40 JavaThread "InnocuousThread-2"          daemon [_thread_in_native, id=10232, stack(0x0000006507300000,0x0000006507400000) (1024K)]
  0x0000020014c11830 JavaThread "InnocuousThread-3"          daemon [_thread_in_native, id=16628, stack(0x0000006507400000,0x0000006507500000) (1024K)]
  0x0000020014c18590 JavaThread "InnocuousThread-4"          daemon [_thread_in_native, id=3636, stack(0x0000006507500000,0x0000006507600000) (1024K)]
  0x0000020014c17dc0 JavaThread "InnocuousThread-5"          daemon [_thread_in_native, id=14564, stack(0x0000006507600000,0x0000006507700000) (1024K)]
  0x0000020014c175f0 JavaThread "InnocuousThread-6"          daemon [_thread_in_native, id=11532, stack(0x0000006507700000,0x0000006507800000) (1024K)]
  0x0000020014c15e80 JavaThread "InnocuousThread-7"          daemon [_thread_in_native, id=7140, stack(0x0000006507800000,0x0000006507900000) (1024K)]
  0x0000020014c77f60 JavaThread "InnocuousThread-8"          daemon [_thread_in_native, id=16644, stack(0x0000006507900000,0x0000006507a00000) (1024K)]
  0x0000020014c77790 JavaThread "InnocuousThread-9"          daemon [_thread_in_native, id=16844, stack(0x0000006507a00000,0x0000006507b00000) (1024K)]
  0x0000020014c76020 JavaThread "InnocuousThread-10"         daemon [_thread_in_native, id=16816, stack(0x0000006507b00000,0x0000006507c00000) (1024K)]
  0x0000020014c78f00 JavaThread "InnocuousThread-11"         daemon [_thread_in_native, id=17300, stack(0x0000006507c00000,0x0000006507d00000) (1024K)]
  0x0000020014c79ea0 JavaThread "InnocuousThread-12"         daemon [_thread_in_native, id=17240, stack(0x0000006507d00000,0x0000006507e00000) (1024K)]
  0x0000020014c7b610 JavaThread "InnocuousThread-13"         daemon [_thread_in_native, id=11252, stack(0x0000006507e00000,0x0000006507f00000) (1024K)]
  0x0000020014c7c5b0 JavaThread "pool-2-thread-1"                   [_thread_blocked, id=4764, stack(0x0000006507f00000,0x0000006508000000) (1024K)]
  0x00000200149557d0 JavaThread "WorkspaceEventsHandler"            [_thread_blocked, id=7924, stack(0x0000006508000000,0x0000006508100000) (1024K)]
  0x0000020014957ee0 JavaThread "pool-1-thread-1"                   [_thread_blocked, id=12248, stack(0x0000006508100000,0x0000006508200000) (1024K)]
  0x0000020014955fa0 JavaThread "ForkJoinPool.commonPool-worker-1" daemon [_thread_blocked, id=16632, stack(0x0000006508200000,0x0000006508300000) (1024K)]
  0x00000200149586b0 JavaThread "ForkJoinPool.commonPool-worker-2" daemon [_thread_blocked, id=10268, stack(0x0000006508300000,0x0000006508400000) (1024K)]
  0x0000020014959e20 JavaThread "ForkJoinPool.commonPool-worker-3" daemon [_thread_blocked, id=11784, stack(0x0000006508400000,0x0000006508500000) (1024K)]
  0x0000020014956770 JavaThread "ForkJoinPool.commonPool-worker-4" daemon [_thread_blocked, id=10664, stack(0x0000006508500000,0x0000006508600000) (1024K)]
  0x000002001495adc0 JavaThread "ForkJoinPool.commonPool-worker-5" daemon [_thread_blocked, id=13624, stack(0x0000006508600000,0x0000006508700000) (1024K)]
  0x000002001495b590 JavaThread "ForkJoinPool.commonPool-worker-6" daemon [_thread_blocked, id=12908, stack(0x0000006508700000,0x0000006508800000) (1024K)]
  0x0000020013b5afa0 JavaThread "ForkJoinPool.commonPool-worker-7" daemon [_thread_blocked, id=12808, stack(0x0000006508800000,0x0000006508900000) (1024K)]
  0x0000020013b5b770 JavaThread "ForkJoinPool.commonPool-worker-8" daemon [_thread_blocked, id=13780, stack(0x0000006508900000,0x0000006508a00000) (1024K)]
  0x0000020013b59830 JavaThread "ForkJoinPool.commonPool-worker-9" daemon [_thread_blocked, id=6564, stack(0x0000006508a00000,0x0000006508b00000) (1024K)]
  0x0000020013b5bf40 JavaThread "ForkJoinPool.commonPool-worker-10" daemon [_thread_blocked, id=7188, stack(0x0000006508b00000,0x0000006508c00000) (1024K)]
  0x0000020013b5cee0 JavaThread "ForkJoinPool.commonPool-worker-11" daemon [_thread_blocked, id=10696, stack(0x0000006508c00000,0x0000006508d00000) (1024K)]
  0x00000200133243f0 JavaThread "Cleaner-0"                  daemon [_thread_blocked, id=14940, stack(0x0000006508d00000,0x0000006508e00000) (1024K)]
  0x000002001407ba70 JavaThread "Compiler Source File Reader" daemon [_thread_blocked, id=10320, stack(0x0000006504800000,0x0000006504900000) (1024K)]
  0x0000020014083770 JavaThread "Compiler Processing Task"   daemon [_thread_blocked, id=16524, stack(0x0000006504900000,0x0000006504a00000) (1024K)]
  0x000002007e9aef00 JavaThread "Compiler Source File Reader" daemon [_thread_blocked, id=16560, stack(0x0000006506700000,0x0000006506800000) (1024K)]
  0x000002007e9acfc0 JavaThread "Compiler Source File Reader" daemon [_thread_blocked, id=2308, stack(0x0000006506d00000,0x0000006506e00000) (1024K)]
  0x000002007e9b25b0 JavaThread "Compiler Source File Reader" daemon [_thread_blocked, id=2940, stack(0x0000006506e00000,0x0000006506f00000) (1024K)]
  0x000002007e9b1610 JavaThread "Compiler Source File Reader" daemon [_thread_blocked, id=17296, stack(0x0000006506f00000,0x0000006507000000) (1024K)]
  0x000002007e9baa80 JavaThread "pool-5-thread-1"                   [_thread_blocked, id=7900, stack(0x0000006507100000,0x0000006507200000) (1024K)]
  0x00000200148aa1b0 JavaThread "C2 CompilerThread1"         daemon [_thread_blocked, id=7456, stack(0x0000006504700000,0x0000006504800000) (1024K)]
  0x00000200148a7150 JavaThread "C2 CompilerThread2"         daemon [_thread_blocked, id=8316, stack(0x0000006505700000,0x0000006505800000) (1024K)]
Total: 49

Other Threads:
=>0x0000020071c89bd0 VMThread "VM Thread"                           [id=8056, stack(0x0000006504d00000,0x0000006504e00000) (1024K)]
  0x000002007c7ec6a0 WatcherThread "VM Periodic Task Thread"        [id=8164, stack(0x0000006504c00000,0x0000006504d00000) (1024K)]
  0x0000020071bff4c0 WorkerThread "GC Thread#0"                     [id=3272, stack(0x0000006504b00000,0x0000006504c00000) (1024K)]
  0x000002007f3c1800 WorkerThread "GC Thread#1"                     [id=3152, stack(0x0000006505a00000,0x0000006505b00000) (1024K)]
  0x000002007f3c20a0 WorkerThread "GC Thread#2"                     [id=10560, stack(0x0000006505b00000,0x0000006505c00000) (1024K)]
  0x000002007f3c13b0 WorkerThread "GC Thread#3"                     [id=12312, stack(0x0000006505c00000,0x0000006505d00000) (1024K)]
  0x000002007f3c1c50 WorkerThread "GC Thread#4"                     [id=16592, stack(0x0000006505e00000,0x0000006505f00000) (1024K)]
  0x0000020013460dc0 WorkerThread "GC Thread#5"                     [id=11140, stack(0x0000006506100000,0x0000006506200000) (1024K)]
  0x000002001345e6f0 WorkerThread "GC Thread#6"                     [id=12872, stack(0x0000006506400000,0x0000006506500000) (1024K)]
  0x0000020013461210 WorkerThread "GC Thread#7"                     [id=14896, stack(0x0000006506600000,0x0000006506700000) (1024K)]
  0x0000020013462350 WorkerThread "GC Thread#8"                     [id=2236, stack(0x0000006506900000,0x0000006506a00000) (1024K)]
  0x00000200134600d0 WorkerThread "GC Thread#9"                     [id=16676, stack(0x0000006506a00000,0x0000006506b00000) (1024K)]
Total: 12

Threads with active compile tasks:
C2 CompilerThread0  2102472 36476       4       jdk.internal.classfile.impl.DirectMethodBuilder::withCode (22 bytes)
C2 CompilerThread1  2102472 36477       4       jdk.internal.classfile.impl.TerminalCodeBuilder::setupTopLocal (93 bytes)
Total: 2

VM state: at safepoint (normal execution)

VM Mutex/Monitor currently owned by a thread:  ([mutex/lock_event])
[0x00007ff968778ca8] DumpTimeTable_lock - owner thread: 0x0000020071c89bd0
[0x00007ff9687794a8] Threads_lock - owner thread: 0x0000020071c89bd0
[0x00007ff968779628] Heap_lock - owner thread: 0x0000020071bdfe50

Heap address: 0x0000000080000000, size: 2048 MB, Compressed Oops mode: 32-bit

CDS archive(s) mapped at: [0x000000003b000000-0x000000003bdd0000-0x000000003bdd0000), size 14483456, SharedBaseAddress: 0x000000003b000000, ArchiveRelocationMode: 1.
Compressed class space mapped at: 0x000000003c000000-0x000000007c000000, reserved size: 1073741824
UseCompressedClassPointers 1, UseCompactObjectHeaders 0
Narrow klass pointer bits 32, Max shift 3
Narrow klass base: 0x000000003b000000, Narrow klass shift: 0
Encoding Range: [0x000000003b000000 - 0x000000013b000000), (4294967296 bytes)
Klass Range:    [0x000000003b010000 - 0x000000007c000000), (1090453504 bytes)
Klass ID Range:  [65536 - 1090519033) (1090453497)
Protection zone: [0x000000003b000000 - 0x000000003b010000), (65536 bytes)

GC Precious Log:
 CardTable entry size: 512
 CPUs: 12 total, 12 available
 Memory: 16080M
 Large Page Support: Disabled
 NUMA Support: Disabled
 Compressed Oops: Enabled (32-bit)
 Alignments: Space 512K, Generation 512K, Heap 2M
 Heap Min Capacity: 100M
 Heap Initial Capacity: 100M
 Heap Max Capacity: 2G
 Pre-touch: Disabled
 Parallel Workers: 10

Heap:
 PSYoungGen      total 35840K, used 13096K [0x00000000d5580000, 0x00000000d7d80000, 0x0000000100000000)
  eden space 34816K, 35% used [0x00000000d5580000,0x00000000d619c340,0x00000000d7780000)
  from space 1024K, 67% used [0x00000000d7c80000,0x00000000d7d2dde8,0x00000000d7d80000)
  to   space 3072K, 0% used [0x00000000d7780000,0x00000000d7780000,0x00000000d7a80000)
 ParOldGen       total 574464K, used 574251K [0x0000000080000000, 0x00000000a3100000, 0x00000000d5580000)
  object space 574464K, 99% used [0x0000000080000000,0x00000000a30cad78,0x00000000a3100000)

Card table byte_map: [0x0000020071670000,0x0000020071a70000] _byte_map_base: 0x0000020071270000

Marking Bits: (ParMarkBitMap*) 0x00007ff96877e9c0
 Begin Bits: [0x000002007a710000, 0x000002007c710000)

Polling page: 0x000002006fb10000

Metaspace:
Metaspace        used 89199K, committed 91072K, reserved 1179648K
 class space     used 7659K, committed 8512K, reserved 1048576K

Usage:
  Non-class:     79.63 MB used.
      Class:      7.48 MB used.
       Both:     87.11 MB used.

Virtual space:
  Non-class space:      128.00 MB reserved,      80.62 MB ( 63%) committed,  2 nodes.
      Class space:        1.00 GB reserved,       8.31 MB ( <1%) committed,  1 nodes.
             Both:        1.12 GB reserved,      88.94 MB (  8%) committed. 

Chunk freelists:
   Non-Class:  14.48 MB
       Class:  7.62 MB
        Both:  22.09 MB

MaxMetaspaceSize: unlimited
CompressedClassSpaceSize: 1.00 GB
Initial GC threshold: 21.00 MB
Current GC threshold: 145.62 MB
CDS: on
 - commit_granule_bytes: 65536.
 - commit_granule_words: 8192.
 - virtual_space_node_default_size: 8388608.
 - enlarge_chunks_in_place: 1.
UseCompressedClassPointers 1, UseCompactObjectHeaders 0
Narrow klass pointer bits 32, Max shift 3
Narrow klass base: 0x000000003b000000, Narrow klass shift: 0
Encoding Range: [0x000000003b000000 - 0x000000013b000000), (4294967296 bytes)
Klass Range:    [0x000000003b010000 - 0x000000007c000000), (1090453504 bytes)
Klass ID Range:  [65536 - 1090519033) (1090453497)
Protection zone: [0x000000003b000000 - 0x000000003b010000), (65536 bytes)


Internal statistics:

num_allocs_failed_limit: 9.
num_arena_births: 2220.
num_arena_deaths: 280.
num_vsnodes_births: 3.
num_vsnodes_deaths: 0.
num_space_committed: 1423.
num_space_uncommitted: 0.
num_chunks_returned_to_freelist: 325.
num_chunks_taken_from_freelist: 6788.
num_chunk_merges: 72.
num_chunk_splits: 4131.
num_chunks_enlarged: 2356.
num_inconsistent_stats: 0.

CodeHeap 'non-profiled nmethods': size=120064Kb used=18586Kb max_used=24569Kb free=101477Kb
 bounds [0x0000020007ac0000, 0x00000200092c0000, 0x000002000f000000]
CodeHeap 'profiled nmethods': size=120000Kb used=27800Kb max_used=52449Kb free=92199Kb
 bounds [0x0000020000000000, 0x0000020003340000, 0x0000020007530000]
CodeHeap 'non-nmethods': size=5696Kb used=1614Kb max_used=1707Kb free=4082Kb
 bounds [0x0000020007530000, 0x00000200077a0000, 0x0000020007ac0000]
CodeCache: size=245760Kb, used=48000Kb, max_used=78725Kb, free=197758Kb
 total_blobs=19748, nmethods=18867, adapters=781, full_count=0
Compilation: enabled, stopped_count=0, restarted_count=0

Compilation events (20 events):
Event: 2100.860 Thread 0x00000200148a7150 nmethod 36478 0x0000020008163688 code [0x0000020008163780, 0x0000020008163840]
Event: 2100.861 Thread 0x0000020071bf0b30 nmethod 36500 0x0000020000567d08 code [0x0000020000567e00, 0x00000200005689e8]
Event: 2100.861 Thread 0x0000020071bf0b30 36498       3       jdk.internal.classfile.impl.UnboundAttribute$UnboundExceptionsAttribute::<init> (16 bytes)
Event: 2100.861 Thread 0x00000200148a7150 36479       4       jdk.internal.classfile.impl.DirectCodeBuilder::localAccess (37 bytes)
Event: 2100.861 Thread 0x0000020071bf0b30 nmethod 36498 0x00000200019c8f88 code [0x00000200019c9080, 0x00000200019c93d0]
Event: 2100.861 Thread 0x0000020071bf0b30 36502       3       jdk.internal.classfile.impl.AbstractAttributeMapper$ExceptionsMapper::writeBody (10 bytes)
Event: 2100.861 Thread 0x0000020071bf0b30 nmethod 36502 0x0000020001b8c108 code [0x0000020001b8c200, 0x0000020001b8c550]
Event: 2100.861 Thread 0x0000020071bf0b30 36503       3       jdk.internal.classfile.impl.AbstractAttributeMapper$ExceptionsMapper::writeBody (11 bytes)
Event: 2100.861 Thread 0x0000020071bf0b30 nmethod 36503 0x0000020000bb8308 code [0x0000020000bb8400, 0x0000020000bb8590]
Event: 2100.861 Thread 0x0000020071bf0b30 36496       3       jdk.internal.classfile.impl.DirectCodeBuilder::getfield (22 bytes)
Event: 2100.861 Thread 0x0000020071bf0b30 nmethod 36496 0x0000020000d01788 code [0x0000020000d01880, 0x0000020000d01d50]
Event: 2100.861 Thread 0x0000020071bf0b30 36493       3       java.lang.invoke.ClassSpecializer$Factory$1$1Var::emitLoadInstruction (19 bytes)
Event: 2100.861 Thread 0x0000020071bf0b30 nmethod 36493 0x0000020000bba808 code [0x0000020000bba900, 0x0000020000bbaab0]
Event: 2100.861 Thread 0x00000200148aa1b0 nmethod 36483 0x0000020008163388 code [0x0000020008163480, 0x0000020008163618]
Event: 2100.861 Thread 0x00000200148aa1b0 36477       4       jdk.internal.classfile.impl.TerminalCodeBuilder::setupTopLocal (93 bytes)
Event: 2100.862 Thread 0x00000200148a7150 nmethod 36479 0x0000020008163088 code [0x0000020008163180, 0x0000020008163380]
Event: 2100.862 Thread 0x00000200148a7150 36499       4       java.lang.classfile.Attributes::exceptions (4 bytes)
Event: 2100.862 Thread 0x00000200148a7150 nmethod 36499 0x00000200082e6f08 code [0x00000200082e7000, 0x00000200082e7070]
Event: 2100.862 Thread 0x00000200148a7150 36501       4       jdk.internal.classfile.impl.UnboundAttribute$UnboundExceptionsAttribute::attributeName (4 bytes)
Event: 2100.862 Thread 0x00000200148a7150 nmethod 36501 0x00000200082e6c08 code [0x00000200082e6d00, 0x00000200082e6d80]

GC Heap Usage History (20 events):
Event: 2096.706 {heap Before GC invocations=2038 (full 7):
 PSYoungGen      total 31744K, used 26544K [0x00000000d5580000, 0x00000000d7680000, 0x0000000100000000)
  eden space 26112K, 100% used [0x00000000d5580000,0x00000000d6f00000,0x00000000d6f00000)
  from space 5632K, 7% used [0x00000000d7100000,0x00000000d716c088,0x00000000d7680000)
  to   space 2048K, 0% used [0x00000000d6f00000,0x00000000d6f00000,0x00000000d7100000)
 ParOldGen       total 530944K, used 530503K [0x0000000080000000, 0x00000000a0680000, 0x00000000d558Event: 2096.717 {heap After GC invocations=2038 (full 7):
 PSYoungGen      total 27648K, used 2025K [0x00000000d5580000, 0x00000000d7b80000, 0x0000000100000000)
  eden space 25600K, 0% used [0x00000000d5580000,0x00000000d5580000,0x00000000d6e80000)
  from space 2048K, 98% used [0x00000000d6f00000,0x00000000d70fa438,0x00000000d7100000)
  to   space 6656K, 0% used [0x00000000d7500000,0x00000000d7500000,0x00000000d7b80000)
 ParOldGen       total 534528K, used 534055K [0x0000000080000000, 0x00000000a0a00000, 0x00000000d558000Event: 2096.859 {heap Before GC invocations=2039 (full 7):
 PSYoungGen      total 27648K, used 27625K [0x00000000d5580000, 0x00000000d7b80000, 0x0000000100000000)
  eden space 25600K, 100% used [0x00000000d5580000,0x00000000d6e80000,0x00000000d6e80000)
  from space 2048K, 98% used [0x00000000d6f00000,0x00000000d70fa438,0x00000000d7100000)
  to   space 6656K, 0% used [0x00000000d7500000,0x00000000d7500000,0x00000000d7b80000)
 ParOldGen       total 534528K, used 534055K [0x0000000080000000, 0x00000000a0a00000, 0x00000000d55Event: 2096.867 {heap After GC invocations=2039 (full 7):
 PSYoungGen      total 28672K, used 6652K [0x00000000d5580000, 0x00000000d8200000, 0x0000000100000000)
  eden space 22016K, 0% used [0x00000000d5580000,0x00000000d5580000,0x00000000d6b00000)
  from space 6656K, 99% used [0x00000000d7500000,0x00000000d7b7f138,0x00000000d7b80000)
  to   space 10240K, 0% used [0x00000000d6b00000,0x00000000d6b00000,0x00000000d7500000)
 ParOldGen       total 537088K, used 536768K [0x0000000080000000, 0x00000000a0c80000, 0x00000000d55800Event: 2097.317 {heap Before GC invocations=2040 (full 7):
 PSYoungGen      total 28672K, used 24983K [0x00000000d5580000, 0x00000000d8200000, 0x0000000100000000)
  eden space 22016K, 83% used [0x00000000d5580000,0x00000000d6766d18,0x00000000d6b00000)
  from space 6656K, 99% used [0x00000000d7500000,0x00000000d7b7f138,0x00000000d7b80000)
  to   space 10240K, 0% used [0x00000000d6b00000,0x00000000d6b00000,0x00000000d7500000)
 ParOldGen       total 537088K, used 536768K [0x0000000080000000, 0x00000000a0c80000, 0x00000000d55Event: 2097.342 {heap After GC invocations=2040 (full 7):
 PSYoungGen      total 24576K, used 2128K [0x00000000d5580000, 0x00000000d7680000, 0x0000000100000000)
  eden space 22016K, 0% used [0x00000000d5580000,0x00000000d5580000,0x00000000d6b00000)
  from space 2560K, 83% used [0x00000000d6b00000,0x00000000d6d143f8,0x00000000d6d80000)
  to   space 5120K, 0% used [0x00000000d7180000,0x00000000d7180000,0x00000000d7680000)
 ParOldGen       total 543232K, used 543029K [0x0000000080000000, 0x00000000a1280000, 0x00000000d558000Event: 2097.443 {heap Before GC invocations=2041 (full 7):
 PSYoungGen      total 24576K, used 24144K [0x00000000d5580000, 0x00000000d7680000, 0x0000000100000000)
  eden space 22016K, 100% used [0x00000000d5580000,0x00000000d6b00000,0x00000000d6b00000)
  from space 2560K, 83% used [0x00000000d6b00000,0x00000000d6d143f8,0x00000000d6d80000)
  to   space 5120K, 0% used [0x00000000d7180000,0x00000000d7180000,0x00000000d7680000)
 ParOldGen       total 555008K, used 554549K [0x0000000080000000, 0x00000000a1e00000, 0x00000000d55Event: 2097.446 {heap After GC invocations=2041 (full 7):
 PSYoungGen      total 32256K, used 224K [0x00000000d5580000, 0x00000000d7680000, 0x0000000100000000)
  eden space 27136K, 0% used [0x00000000d5580000,0x00000000d5580000,0x00000000d7000000)
  from space 5120K, 4% used [0x00000000d7180000,0x00000000d71b8000,0x00000000d7680000)
  to   space 1536K, 0% used [0x00000000d7000000,0x00000000d7000000,0x00000000d7180000)
 ParOldGen       total 556544K, used 556472K [0x0000000080000000, 0x00000000a1f80000, 0x00000000d5580000)Event: 2097.644 {heap Before GC invocations=2042 (full 7):
 PSYoungGen      total 32256K, used 27347K [0x00000000d5580000, 0x00000000d7680000, 0x0000000100000000)
  eden space 27136K, 99% used [0x00000000d5580000,0x00000000d6ffcda0,0x00000000d7000000)
  from space 5120K, 4% used [0x00000000d7180000,0x00000000d71b8000,0x00000000d7680000)
  to   space 1536K, 0% used [0x00000000d7000000,0x00000000d7000000,0x00000000d7180000)
 ParOldGen       total 556544K, used 556472K [0x0000000080000000, 0x00000000a1f80000, 0x00000000d5580Event: 2097.663 {heap After GC invocations=2042 (full 7):
 PSYoungGen      total 28160K, used 1532K [0x00000000d5580000, 0x00000000d7e80000, 0x0000000100000000)
  eden space 26624K, 0% used [0x00000000d5580000,0x00000000d5580000,0x00000000d6f80000)
  from space 1536K, 99% used [0x00000000d7000000,0x00000000d717f188,0x00000000d7180000)
  to   space 7680K, 0% used [0x00000000d7700000,0x00000000d7700000,0x00000000d7e80000)
 ParOldGen       total 561664K, used 561190K [0x0000000080000000, 0x00000000a2480000, 0x00000000d558000Event: 2098.245 {heap Before GC invocations=2043 (full 7):
 PSYoungGen      total 28160K, used 27951K [0x00000000d5580000, 0x00000000d7e80000, 0x0000000100000000)
  eden space 26624K, 99% used [0x00000000d5580000,0x00000000d6f4cc00,0x00000000d6f80000)
  from space 1536K, 99% used [0x00000000d7000000,0x00000000d717f188,0x00000000d7180000)
  to   space 7680K, 0% used [0x00000000d7700000,0x00000000d7700000,0x00000000d7e80000)
 ParOldGen       total 561664K, used 561190K [0x0000000080000000, 0x00000000a2480000, 0x00000000d558Event: 2098.248 {heap After GC invocations=2043 (full 7):
 PSYoungGen      total 30208K, used 874K [0x00000000d5580000, 0x00000000d7800000, 0x0000000100000000)
  eden space 29184K, 0% used [0x00000000d5580000,0x00000000d5580000,0x00000000d7200000)
  from space 1024K, 85% used [0x00000000d7700000,0x00000000d77da8e0,0x00000000d7800000)
  to   space 3072K, 0% used [0x00000000d7200000,0x00000000d7200000,0x00000000d7500000)
 ParOldGen       total 561664K, used 561238K [0x0000000080000000, 0x00000000a2480000, 0x00000000d5580000Event: 2098.286 {heap Before GC invocations=2044 (full 7):
 PSYoungGen      total 30208K, used 30058K [0x00000000d5580000, 0x00000000d7800000, 0x0000000100000000)
  eden space 29184K, 100% used [0x00000000d5580000,0x00000000d7200000,0x00000000d7200000)
  from space 1024K, 85% used [0x00000000d7700000,0x00000000d77da8e0,0x00000000d7800000)
  to   space 3072K, 0% used [0x00000000d7200000,0x00000000d7200000,0x00000000d7500000)
 ParOldGen       total 561664K, used 561238K [0x0000000080000000, 0x00000000a2480000, 0x00000000d55Event: 2098.291 {heap After GC invocations=2044 (full 7):
 PSYoungGen      total 31744K, used 3050K [0x00000000d5580000, 0x00000000d8f80000, 0x0000000100000000)
  eden space 28672K, 0% used [0x00000000d5580000,0x00000000d5580000,0x00000000d7180000)
  from space 3072K, 99% used [0x00000000d7200000,0x00000000d74fa8b8,0x00000000d7500000)
  to   space 15360K, 0% used [0x00000000d8080000,0x00000000d8080000,0x00000000d8f80000)
 ParOldGen       total 571392K, used 571138K [0x0000000080000000, 0x00000000a2e00000, 0x00000000d55800Event: 2099.987 {heap Before GC invocations=2045 (full 7):
 PSYoungGen      total 31744K, used 31722K [0x00000000d5580000, 0x00000000d8f80000, 0x0000000100000000)
  eden space 28672K, 100% used [0x00000000d5580000,0x00000000d7180000,0x00000000d7180000)
  from space 3072K, 99% used [0x00000000d7200000,0x00000000d74fa8b8,0x00000000d7500000)
  to   space 15360K, 0% used [0x00000000d8080000,0x00000000d8080000,0x00000000d8f80000)
 ParOldGen       total 571392K, used 571138K [0x0000000080000000, 0x00000000a2e00000, 0x00000000d5Event: 2099.989 {heap After GC invocations=2045 (full 7):
 PSYoungGen      total 29184K, used 672K [0x00000000d5580000, 0x00000000d8180000, 0x0000000100000000)
  eden space 28160K, 0% used [0x00000000d5580000,0x00000000d5580000,0x00000000d7100000)
  from space 1024K, 65% used [0x00000000d8080000,0x00000000d8128000,0x00000000d8180000)
  to   space 5120K, 0% used [0x00000000d7780000,0x00000000d7780000,0x00000000d7c80000)
 ParOldGen       total 572928K, used 572553K [0x0000000080000000, 0x00000000a2f80000, 0x00000000d5580000Event: 2100.190 {heap Before GC invocations=2046 (full 7):
 PSYoungGen      total 29184K, used 28832K [0x00000000d5580000, 0x00000000d8180000, 0x0000000100000000)
  eden space 28160K, 100% used [0x00000000d5580000,0x00000000d7100000,0x00000000d7100000)
  from space 1024K, 65% used [0x00000000d8080000,0x00000000d8128000,0x00000000d8180000)
  to   space 5120K, 0% used [0x00000000d7780000,0x00000000d7780000,0x00000000d7c80000)
 ParOldGen       total 572928K, used 572553K [0x0000000080000000, 0x00000000a2f80000, 0x00000000d55Event: 2100.194 {heap After GC invocations=2046 (full 7):
 PSYoungGen      total 32768K, used 5099K [0x00000000d5580000, 0x00000000d8100000, 0x0000000100000000)
  eden space 27648K, 0% used [0x00000000d5580000,0x00000000d5580000,0x00000000d7080000)
  from space 5120K, 99% used [0x00000000d7780000,0x00000000d7c7ad40,0x00000000d7c80000)
  to   space 4608K, 0% used [0x00000000d7c80000,0x00000000d7c80000,0x00000000d8100000)
 ParOldGen       total 573952K, used 573737K [0x0000000080000000, 0x00000000a3080000, 0x00000000d558000Event: 2100.846 {heap Before GC invocations=2047 (full 7):
 PSYoungGen      total 32768K, used 32747K [0x00000000d5580000, 0x00000000d8100000, 0x0000000100000000)
  eden space 27648K, 100% used [0x00000000d5580000,0x00000000d7080000,0x00000000d7080000)
  from space 5120K, 99% used [0x00000000d7780000,0x00000000d7c7ad40,0x00000000d7c80000)
  to   space 4608K, 0% used [0x00000000d7c80000,0x00000000d7c80000,0x00000000d8100000)
 ParOldGen       total 573952K, used 573737K [0x0000000080000000, 0x00000000a3080000, 0x00000000d55Event: 2100.848 {heap After GC invocations=2047 (full 7):
 PSYoungGen      total 35840K, used 695K [0x00000000d5580000, 0x00000000d7d80000, 0x0000000100000000)
  eden space 34816K, 0% used [0x00000000d5580000,0x00000000d5580000,0x00000000d7780000)
  from space 1024K, 67% used [0x00000000d7c80000,0x00000000d7d2dde8,0x00000000d7d80000)
  to   space 3072K, 0% used [0x00000000d7780000,0x00000000d7780000,0x00000000d7a80000)
 ParOldGen       total 574464K, used 574251K [0x0000000080000000, 0x00000000a3100000, 0x00000000d5580000
Metaspace Usage History (20 events):
Event: 2096.706 {metaspace Before GC invocations=2038 (full 7):
 Metaspace       used 87778K, committed 89472K, reserved 1179648K
  class space    used 7413K, committed 8192K, reserved 1048576K
}
Event: 2096.717 {metaspace After GC invocations=2038 (full 7):
 Metaspace       used 87778K, committed 89472K, reserved 1179648K
  class space    used 7413K, committed 8192K, reserved 1048576K
}
Event: 2096.859 {metaspace Before GC invocations=2039 (full 7):
 Metaspace       used 87779K, committed 89472K, reserved 1179648K
  class space    used 7413K, committed 8192K, reserved 1048576K
}
Event: 2096.867 {metaspace After GC invocations=2039 (full 7):
 Metaspace       used 87779K, committed 89472K, reserved 1179648K
  class space    used 7413K, committed 8192K, reserved 1048576K
}
Event: 2097.317 {metaspace Before GC invocations=2040 (full 7):
 Metaspace       used 87782K, committed 89472K, reserved 1179648K
  class space    used 7413K, committed 8192K, reserved 1048576K
}
Event: 2097.342 {metaspace After GC invocations=2040 (full 7):
 Metaspace       used 87782K, committed 89472K, reserved 1179648K
  class space    used 7413K, committed 8192K, reserved 1048576K
}
Event: 2097.443 {metaspace Before GC invocations=2041 (full 7):
 Metaspace       used 87782K, committed 89472K, reserved 1179648K
  class space    used 7413K, committed 8192K, reserved 1048576K
}
Event: 2097.446 {metaspace After GC invocations=2041 (full 7):
 Metaspace       used 87782K, committed 89472K, reserved 1179648K
  class space    used 7413K, committed 8192K, reserved 1048576K
}
Event: 2097.644 {metaspace Before GC invocations=2042 (full 7):
 Metaspace       used 87782K, committed 89472K, reserved 1179648K
  class space    used 7413K, committed 8192K, reserved 1048576K
}
Event: 2097.663 {metaspace After GC invocations=2042 (full 7):
 Metaspace       used 87782K, committed 89472K, reserved 1179648K
  class space    used 7413K, committed 8192K, reserved 1048576K
}
Event: 2098.245 {metaspace Before GC invocations=2043 (full 7):
 Metaspace       used 87782K, committed 89472K, reserved 1179648K
  class space    used 7413K, committed 8192K, reserved 1048576K
}
Event: 2098.248 {metaspace After GC invocations=2043 (full 7):
 Metaspace       used 87782K, committed 89472K, reserved 1179648K
  class space    used 7413K, committed 8192K, reserved 1048576K
}
Event: 2098.286 {metaspace Before GC invocations=2044 (full 7):
 Metaspace       used 87782K, committed 89472K, reserved 1179648K
  class space    used 7413K, committed 8192K, reserved 1048576K
}
Event: 2098.291 {metaspace After GC invocations=2044 (full 7):
 Metaspace       used 87782K, committed 89472K, reserved 1179648K
  class space    used 7413K, committed 8192K, reserved 1048576K
}
Event: 2099.987 {metaspace Before GC invocations=2045 (full 7):
 Metaspace       used 87900K, committed 89536K, reserved 1179648K
  class space    used 7431K, committed 8192K, reserved 1048576K
}
Event: 2099.989 {metaspace After GC invocations=2045 (full 7):
 Metaspace       used 87900K, committed 89536K, reserved 1179648K
  class space    used 7431K, committed 8192K, reserved 1048576K
}
Event: 2100.190 {metaspace Before GC invocations=2046 (full 7):
 Metaspace       used 88071K, committed 89664K, reserved 1179648K
  class space    used 7453K, committed 8192K, reserved 1048576K
}
Event: 2100.194 {metaspace After GC invocations=2046 (full 7):
 Metaspace       used 88071K, committed 89664K, reserved 1179648K
  class space    used 7453K, committed 8192K, reserved 1048576K
}
Event: 2100.846 {metaspace Before GC invocations=2047 (full 7):
 Metaspace       used 88909K, committed 90688K, reserved 1179648K
  class space    used 7629K, committed 8448K, reserved 1048576K
}
Event: 2100.848 {metaspace After GC invocations=2047 (full 7):
 Metaspace       used 88909K, committed 90688K, reserved 1179648K
  class space    used 7629K, committed 8448K, reserved 1048576K
}

Dll operation events (10 events):
Event: 0.017 Loaded shared library C:\Program Files\Java\jdk-25\bin\java.dll
Event: 0.045 Loaded shared library C:\Program Files\Java\jdk-25\bin\zip.dll
Event: 0.135 Loaded shared library C:\Program Files\Java\jdk-25\bin\instrument.dll
Event: 0.139 Loaded shared library C:\Program Files\Java\jdk-25\bin\net.dll
Event: 0.153 Loaded shared library C:\Program Files\Java\jdk-25\bin\nio.dll
Event: 0.159 Loaded shared library C:\Program Files\Java\jdk-25\bin\zip.dll
Event: 0.182 Loaded shared library C:\Program Files\Java\jdk-25\bin\jimage.dll
Event: 0.282 Loaded shared library C:\Program Files\Java\jdk-25\bin\verify.dll
Event: 1.555 Loaded shared library C:\Users\wakam\AppData\Roaming\Code\User\globalStorage\redhat.java\1.54.2026041108\config_win\org.eclipse.equinox.launcher\org.eclipse.equinox.launcher.win32.win32.x86_64_1.3.0.v20260203-2149\eclipse_11919.dll
Event: 2.898 Loaded shared library C:\Users\wakam\AppData\Local\Temp\jna-112894669\jna12631135642464648028.dll

Deoptimization events (20 events):
Event: 2100.764 Thread 0x000002007e9b7ba0 Uncommon trap: trap_request=0xffffffc6 fr.pc=0x00000200082bb3a4 relative=0x00000000000012a4
Event: 2100.764 Thread 0x000002007e9b7ba0 Uncommon trap: reason=bimorphic_or_optimized_type_check action=maybe_recompile pc=0x00000200082bb3a4 method=java.util.TimSort.gallopRight(Ljava/lang/Object;[Ljava/lang/Object;IIILjava/util/Comparator;)I @ 77 c2
Event: 2100.764 Thread 0x000002007e9b7ba0 DEOPT PACKING pc=0x00000200082bb3a4 sp=0x00000065090feec0
Event: 2100.764 Thread 0x000002007e9b7ba0 DEOPT UNPACKING pc=0x0000020007646c02 sp=0x00000065090fee60 mode 2
Event: 2100.821 Thread 0x0000020071bdfe50 Uncommon trap: trap_request=0xffffff45 fr.pc=0x0000020007bf3a94 relative=0x0000000000000094
Event: 2100.821 Thread 0x0000020071bdfe50 Uncommon trap: reason=unstable_if action=reinterpret pc=0x0000020007bf3a94 method=java.lang.invoke.LambdaForm$BasicType.basicType(C)Ljava/lang/invoke/LambdaForm$BasicType; @ 1 c2
Event: 2100.821 Thread 0x0000020071bdfe50 DEOPT PACKING pc=0x0000020007bf3a94 sp=0x0000006504afe210
Event: 2100.821 Thread 0x0000020071bdfe50 DEOPT UNPACKING pc=0x0000020007646c02 sp=0x0000006504afe1a8 mode 2
Event: 2100.821 Thread 0x0000020071bdfe50 Uncommon trap: trap_request=0xffffff45 fr.pc=0x000002000856bf38 relative=0x0000000000000938
Event: 2100.821 Thread 0x0000020071bdfe50 Uncommon trap: reason=unstable_if action=reinterpret pc=0x000002000856bf38 method=java.lang.invoke.LambdaForm$BasicType.basicType(C)Ljava/lang/invoke/LambdaForm$BasicType; @ 1 c2
Event: 2100.821 Thread 0x0000020071bdfe50 DEOPT PACKING pc=0x000002000856bf38 sp=0x0000006504afe160
Event: 2100.821 Thread 0x0000020071bdfe50 DEOPT UNPACKING pc=0x0000020007646c02 sp=0x0000006504afdf60 mode 2
Event: 2100.824 Thread 0x0000020071bdfe50 Uncommon trap: trap_request=0xffffff45 fr.pc=0x00000200087b3ae0 relative=0x00000000000005e0
Event: 2100.824 Thread 0x0000020071bdfe50 Uncommon trap: reason=unstable_if action=reinterpret pc=0x00000200087b3ae0 method=java.lang.invoke.LambdaForm$BasicType.basicType(C)Ljava/lang/invoke/LambdaForm$BasicType; @ 1 c2
Event: 2100.824 Thread 0x0000020071bdfe50 DEOPT PACKING pc=0x00000200087b3ae0 sp=0x0000006504afdb50
Event: 2100.824 Thread 0x0000020071bdfe50 DEOPT UNPACKING pc=0x0000020007646c02 sp=0x0000006504afda30 mode 2
Event: 2100.826 Thread 0x0000020071bdfe50 Uncommon trap: trap_request=0xfffffff4 fr.pc=0x0000020007c34710 relative=0x0000000000000e90
Event: 2100.826 Thread 0x0000020071bdfe50 Uncommon trap: reason=null_check action=make_not_entrant pc=0x0000020007c34710 method=java.lang.invoke.MethodTypeForm.cachedLambdaForm(I)Ljava/lang/invoke/LambdaForm; @ 15 c2
Event: 2100.826 Thread 0x0000020071bdfe50 DEOPT PACKING pc=0x0000020007c34710 sp=0x0000006504afe400
Event: 2100.826 Thread 0x0000020071bdfe50 DEOPT UNPACKING pc=0x0000020007646c02 sp=0x0000006504afe2c8 mode 2

Classes loaded (20 events):
Event: 1652.858 Loading class java/lang/StringLatin1$CharsSpliterator
Event: 1652.859 Loading class java/lang/StringLatin1$CharsSpliterator done
Event: 2099.931 Loading class java/util/concurrent/ConcurrentHashMap$EntrySpliterator
Event: 2099.932 Loading class java/util/concurrent/ConcurrentHashMap$EntrySpliterator done
Event: 2099.948 Loading class java/util/zip/Deflater
Event: 2099.949 Loading class java/util/zip/Deflater done
Event: 2099.950 Loading class java/util/zip/Deflater$DeflaterZStreamRef
Event: 2099.951 Loading class java/util/zip/Deflater$DeflaterZStreamRef done
Event: 2100.751 Loading class javax/security/auth/login/Configuration
Event: 2100.752 Loading class javax/security/auth/login/Configuration done
Event: 2100.803 Loading class java/lang/invoke/GenerateJLIClassesHelper
Event: 2100.804 Loading class java/lang/invoke/GenerateJLIClassesHelper done
Event: 2100.804 Loading class java/lang/invoke/GenerateJLIClassesHelper$HolderClassBuilder
Event: 2100.805 Loading class java/lang/invoke/GenerateJLIClassesHelper$HolderClassBuilder done
Event: 2100.832 Loading class java/lang/invoke/BoundMethodHandle$Species_J
Event: 2100.832 Loading class java/lang/invoke/BoundMethodHandle$Species_J done
Event: 2100.851 Loading class java/lang/invoke/BoundMethodHandle$Species_F
Event: 2100.851 Loading class java/lang/invoke/BoundMethodHandle$Species_F done
Event: 2100.853 Loading class java/lang/classfile/CodeModel
Event: 2100.853 Loading class java/lang/classfile/CodeModel done

Classes unloaded (20 events):
Event: 1990.692 Thread 0x0000020071c89bd0 Unloading class 0x000000003c0a0c00 'java/lang/invoke/LambdaForm$MH+0x000000003c0a0c00'
Event: 1990.692 Thread 0x0000020071c89bd0 Unloading class 0x000000003c050800 'java/lang/invoke/LambdaForm$MH+0x000000003c050800'
Event: 1990.692 Thread 0x0000020071c89bd0 Unloading class 0x000000003c04b800 'java/lang/invoke/LambdaForm$MH+0x000000003c04b800'
Event: 1990.692 Thread 0x0000020071c89bd0 Unloading class 0x000000003c04b400 'java/lang/invoke/LambdaForm$MH+0x000000003c04b400'
Event: 1990.692 Thread 0x0000020071c89bd0 Unloading class 0x000000003c04b000 'java/lang/invoke/LambdaForm$MH+0x000000003c04b000'
Event: 1990.692 Thread 0x0000020071c89bd0 Unloading class 0x000000003c04ac00 'java/lang/invoke/LambdaForm$MH+0x000000003c04ac00'
Event: 1990.692 Thread 0x0000020071c89bd0 Unloading class 0x000000003c04a800 'java/lang/invoke/LambdaForm$BMH+0x000000003c04a800'
Event: 1990.692 Thread 0x0000020071c89bd0 Unloading class 0x000000003c04a000 'java/lang/invoke/LambdaForm$DMH+0x000000003c04a000'
Event: 1990.692 Thread 0x0000020071c89bd0 Unloading class 0x000000003c047800 'java/lang/invoke/LambdaForm$MH+0x000000003c047800'
Event: 1990.692 Thread 0x0000020071c89bd0 Unloading class 0x000000003c047400 'java/lang/invoke/LambdaForm$MH+0x000000003c047400'
Event: 1990.692 Thread 0x0000020071c89bd0 Unloading class 0x000000003c047000 'java/lang/invoke/LambdaForm$MH+0x000000003c047000'
Event: 1990.692 Thread 0x0000020071c89bd0 Unloading class 0x000000003c045c00 'java/lang/invoke/LambdaForm$MH+0x000000003c045c00'
Event: 1990.692 Thread 0x0000020071c89bd0 Unloading class 0x000000003c045800 'java/lang/invoke/LambdaForm$MH+0x000000003c045800'
Event: 1990.692 Thread 0x0000020071c89bd0 Unloading class 0x000000003c045400 'java/lang/invoke/LambdaForm$MH+0x000000003c045400'
Event: 1990.692 Thread 0x0000020071c89bd0 Unloading class 0x000000003c045000 'java/lang/invoke/LambdaForm$MH+0x000000003c045000'
Event: 1990.692 Thread 0x0000020071c89bd0 Unloading class 0x000000003c044c00 'java/lang/invoke/LambdaForm$BMH+0x000000003c044c00'
Event: 1990.692 Thread 0x0000020071c89bd0 Unloading class 0x000000003c043400 'java/lang/invoke/LambdaForm$DMH+0x000000003c043400'
Event: 1990.692 Thread 0x0000020071c89bd0 Unloading class 0x000000003c041c00 'java/lang/invoke/LambdaForm$MH+0x000000003c041c00'
Event: 1990.692 Thread 0x0000020071c89bd0 Unloading class 0x000000003c041800 'java/lang/invoke/LambdaForm$MH+0x000000003c041800'
Event: 1990.692 Thread 0x0000020071c89bd0 Unloading class 0x000000003c041000 'java/lang/invoke/LambdaForm$MH+0x000000003c041000'

Classes redefined (0 events):
No events

Internal exceptions (20 events):
Event: 2100.855 Thread 0x0000020071bdfe50 Exception <a 'java/lang/NoSuchMethodError'{0x00000000d5d06288}: 'java.lang.Object java.lang.invoke.Invokers$Holder.invoke_MT(java.lang.Object, java.lang.Object, java.lang.Object, java.lang.Object, java.lang.Object)'> (0x00000000d5d06288) 
thrown [s\open\src\hotspot\share\interpreter\linkResolver.cpp, line 804]
Event: 2100.855 Thread 0x0000020071bdfe50 Exception <a 'java/lang/NoSuchMethodError'{0x00000000d5d0e9b0}: 'java.lang.Object java.lang.invoke.Invokers$Holder.invoke_MT(java.lang.Object, int, java.lang.Object)'> (0x00000000d5d0e9b0) 
thrown [s\open\src\hotspot\share\interpreter\linkResolver.cpp, line 804]
Event: 2100.855 Thread 0x0000020071bdfe50 Exception <a 'java/lang/NoSuchMethodError'{0x00000000d5d16e10}: 'void java.lang.invoke.Invokers$Holder.invoke_MT(java.lang.Object, java.lang.Object, int, java.lang.Object)'> (0x00000000d5d16e10) 
thrown [s\open\src\hotspot\share\interpreter\linkResolver.cpp, line 804]
Event: 2100.855 Thread 0x0000020071bdfe50 Exception <a 'java/lang/NoSuchMethodError'{0x00000000d5d1f258}: 'int java.lang.invoke.Invokers$Holder.invoke_MT(java.lang.Object, java.lang.Object)'> (0x00000000d5d1f258) 
thrown [s\open\src\hotspot\share\interpreter\linkResolver.cpp, line 804]
Event: 2100.856 Thread 0x0000020071bdfe50 Exception <a 'java/lang/NoSuchMethodError'{0x00000000d5d276d8}: 'long java.lang.invoke.Invokers$Holder.invoke_MT(java.lang.Object, java.lang.Object)'> (0x00000000d5d276d8) 
thrown [s\open\src\hotspot\share\interpreter\linkResolver.cpp, line 804]
Event: 2100.856 Thread 0x0000020071bdfe50 Exception <a 'java/lang/NoSuchMethodError'{0x00000000d5d34110}: 'java.lang.Object java.lang.invoke.Invokers$Holder.linkToCallSite(int, int, int, java.lang.Object)'> (0x00000000d5d34110) 
thrown [s\open\src\hotspot\share\interpreter\linkResolver.cpp, line 804]
Event: 2100.856 Thread 0x0000020071bdfe50 Exception <a 'java/lang/NoSuchMethodError'{0x00000000d5d3c808}: 'java.lang.Object java.lang.invoke.Invokers$Holder.linkToCallSite(int, long, java.lang.Object)'> (0x00000000d5d3c808) 
thrown [s\open\src\hotspot\share\interpreter\linkResolver.cpp, line 804]
Event: 2100.856 Thread 0x0000020071bdfe50 Exception <a 'java/lang/NoSuchMethodError'{0x00000000d5d44990}: 'java.lang.Object java.lang.invoke.Invokers$Holder.linkToCallSite(int, java.lang.Object, java.lang.Object, java.lang.Object)'> (0x00000000d5d44990) 
thrown [s\open\src\hotspot\share\interpreter\linkResolver.cpp, line 804]
Event: 2100.856 Thread 0x0000020071bdfe50 Exception <a 'java/lang/NoSuchMethodError'{0x00000000d5d515b8}: 'java.lang.Object java.lang.invoke.Invokers$Holder.linkToCallSite(java.lang.Object, java.lang.Object, java.lang.Object, int, java.lang.Object, java.lang.Object, java.lang.Object)'> (0x00000000d5d515b8) 
thrown [s\open\src\hotspot\share\interpreter\linkResolver.cpp, line 804]
Event: 2100.856 Thread 0x0000020071bdfe50 Exception <a 'java/lang/NoSuchMethodError'{0x00000000d5d59b18}: 'java.lang.Object java.lang.invoke.Invokers$Holder.linkToCallSite(java.lang.Object, java.lang.Object, java.lang.Object, int, java.lang.Object, java.lang.Object)'> (0x00000000d5d59b18) 
thrown [s\open\src\hotspot\share\interpreter\linkResolver.cpp, line 804]
Event: 2100.856 Thread 0x0000020071bdfe50 Exception <a 'java/lang/NoSuchMethodError'{0x00000000d5d65840}: 'java.lang.Object java.lang.invoke.Invokers$Holder.linkToCallSite(java.lang.Object, java.lang.Object, java.lang.Object, java.lang.Object, java.lang.Object, java.lang.Object, java.lang.Object, java.lang.Object, java.lang.Object, int, java.lang.Object, java.lang.Object, java.lang.Object, java.lang.Object)'> (0x00000000d5d65840) 
thrown [s\open\src\hotspot\share\interpreter\linkResolver.cpp, line 804]
Event: 2100.857 Thread 0x0000020071bdfe50 Exception <a 'java/lang/NoSuchMethodError'{0x00000000d5d71710}: 'java.lang.Object java.lang.invoke.Invokers$Holder.linkToCallSite(java.lang.Object, int, java.lang.Object, java.lang.Object, java.lang.Object)'> (0x00000000d5d71710) 
thrown [s\open\src\hotspot\share\interpreter\linkResolver.cpp, line 804]
Event: 2100.857 Thread 0x0000020071bdfe50 Exception <a 'java/lang/NoSuchMethodError'{0x00000000d5d79b78}: 'java.lang.Object java.lang.invoke.Invokers$Holder.linkToCallSite(java.lang.Object, int, java.lang.Object, java.lang.Object, java.lang.Object, java.lang.Object, java.lang.Object)'> (0x00000000d5d79b78) 
thrown [s\open\src\hotspot\share\interpreter\linkResolver.cpp, line 804]
Event: 2100.857 Thread 0x0000020071bdfe50 Exception <a 'java/lang/NoSuchMethodError'{0x00000000d5d820c8}: 'java.lang.Object java.lang.invoke.Invokers$Holder.linkToCallSite(java.lang.Object, int, java.lang.Object, int, java.lang.Object, java.lang.Object)'> (0x00000000d5d820c8) 
thrown [s\open\src\hotspot\share\interpreter\linkResolver.cpp, line 804]
Event: 2100.857 Thread 0x0000020071bdfe50 Exception <a 'java/lang/NoSuchMethodError'{0x00000000d5d8a430}: 'java.lang.Object java.lang.invoke.Invokers$Holder.linkToCallSite(java.lang.Object, int, java.lang.Object, java.lang.Object)'> (0x00000000d5d8a430) 
thrown [s\open\src\hotspot\share\interpreter\linkResolver.cpp, line 804]
Event: 2100.857 Thread 0x0000020071bdfe50 Exception <a 'java/lang/NoSuchMethodError'{0x00000000d5d93430}: 'java.lang.Object java.lang.invoke.Invokers$Holder.linkToCallSite(java.lang.Object, long, java.lang.Object, java.lang.Object)'> (0x00000000d5d93430) 
thrown [s\open\src\hotspot\share\interpreter\linkResolver.cpp, line 804]
Event: 2100.857 Thread 0x0000020071bdfe50 Exception <a 'java/lang/NoSuchMethodError'{0x00000000d5d9b6d8}: 'java.lang.Object java.lang.invoke.Invokers$Holder.linkToCallSite(java.lang.Object, long, java.lang.Object)'> (0x00000000d5d9b6d8) 
thrown [s\open\src\hotspot\share\interpreter\linkResolver.cpp, line 804]
Event: 2100.857 Thread 0x0000020071bdfe50 Exception <a 'java/lang/NoSuchMethodError'{0x00000000d5da3938}: 'java.lang.Object java.lang.invoke.Invokers$Holder.linkToCallSite(java.lang.Object, java.lang.Object, int, java.lang.Object, java.lang.Object)'> (0x00000000d5da3938) 
thrown [s\open\src\hotspot\share\interpreter\linkResolver.cpp, line 804]
Event: 2100.857 Thread 0x0000020071bdfe50 Exception <a 'java/lang/NoSuchMethodError'{0x00000000d5dabc80}: 'java.lang.Object java.lang.invoke.Invokers$Holder.linkToCallSite(java.lang.Object, java.lang.Object, int, java.lang.Object)'> (0x00000000d5dabc80) 
thrown [s\open\src\hotspot\share\interpreter\linkResolver.cpp, line 804]
Event: 2100.857 Thread 0x0000020071bdfe50 Exception <a 'java/lang/NoSuchMethodError'{0x00000000d5db4820}: 'java.lang.Object java.lang.invoke.Invokers$Holder.linkToCallSite(java.lang.Object, java.lang.Object, long, java.lang.Object)'> (0x00000000d5db4820) 
thrown [s\open\src\hotspot\share\interpreter\linkResolver.cpp, line 804]

VM Operations (20 events):
Event: 2098.248 Executing safepoint VM operation: ParallelCollectForAllocation (Allocation Failure) done
Event: 2098.286 Executing safepoint VM operation: ParallelCollectForAllocation (Allocation Failure)
Event: 2098.291 Executing safepoint VM operation: ParallelCollectForAllocation (Allocation Failure) done
Event: 2099.987 Executing safepoint VM operation: ParallelCollectForAllocation (Allocation Failure)
Event: 2099.989 Executing safepoint VM operation: ParallelCollectForAllocation (Allocation Failure) done
Event: 2100.050 Executing non-safepoint VM operation: HandshakeAllThreads (Deoptimize)
Event: 2100.050 Executing non-safepoint VM operation: HandshakeAllThreads (Deoptimize) done
Event: 2100.190 Executing safepoint VM operation: ParallelCollectForAllocation (Allocation Failure)
Event: 2100.194 Executing safepoint VM operation: ParallelCollectForAllocation (Allocation Failure) done
Event: 2100.775 Executing non-safepoint VM operation: HandshakeAllThreads (Deoptimize)
Event: 2100.775 Executing non-safepoint VM operation: HandshakeAllThreads (Deoptimize) done
Event: 2100.779 Executing non-safepoint VM operation: HandshakeAllThreads (Deoptimize)
Event: 2100.779 Executing non-safepoint VM operation: HandshakeAllThreads (Deoptimize) done
Event: 2100.781 Executing non-safepoint VM operation: HandshakeAllThreads (Deoptimize)
Event: 2100.781 Executing non-safepoint VM operation: HandshakeAllThreads (Deoptimize) done
Event: 2100.786 Executing non-safepoint VM operation: HandshakeAllThreads (Deoptimize)
Event: 2100.786 Executing non-safepoint VM operation: HandshakeAllThreads (Deoptimize) done
Event: 2100.846 Executing safepoint VM operation: ParallelCollectForAllocation (Allocation Failure)
Event: 2100.848 Executing safepoint VM operation: ParallelCollectForAllocation (Allocation Failure) done
Event: 2100.863 Executing safepoint VM operation: PopulateDumpSharedSpace

Memory protections (0 events):
No events

Nmethod flushes (20 events):
Event: 1990.747 Thread 0x0000020071c89bd0 flushing  nmethod 0x00000200032a1e08
Event: 1990.747 Thread 0x0000020071c89bd0 flushing  nmethod 0x00000200032ad908
Event: 1990.747 Thread 0x0000020071c89bd0 flushing  nmethod 0x00000200032e2e88
Event: 1990.747 Thread 0x0000020071c89bd0 flushing  nmethod 0x00000200032f1a08
Event: 1990.747 Thread 0x0000020071c89bd0 flushing  nmethod 0x00000200032f2f08
Event: 1990.747 Thread 0x0000020071c89bd0 flushing  nmethod 0x00000200032f4e08
Event: 1990.747 Thread 0x0000020071c89bd0 flushing  nmethod 0x00000200032f5888
Event: 1990.747 Thread 0x0000020071c89bd0 flushing  nmethod 0x00000200032f7808
Event: 1990.747 Thread 0x0000020071c89bd0 flushing  nmethod 0x00000200032feb88
Event: 1990.747 Thread 0x0000020071c89bd0 flushing  nmethod 0x0000020003304588
Event: 1990.747 Thread 0x0000020071c89bd0 flushing  nmethod 0x0000020003306408
Event: 1990.747 Thread 0x0000020071c89bd0 flushing  nmethod 0x000002000331a608
Event: 1990.747 Thread 0x0000020071c89bd0 flushing  nmethod 0x000002000332d788
Event: 1990.747 Thread 0x0000020071c89bd0 flushing  nmethod 0x0000020003330208
Event: 1990.747 Thread 0x0000020071c89bd0 flushing  nmethod 0x0000020003332688
Event: 1990.747 Thread 0x0000020071c89bd0 flushing  nmethod 0x0000020003333488
Event: 1990.747 Thread 0x0000020071c89bd0 flushing  nmethod 0x0000020003333b88
Event: 1990.747 Thread 0x0000020071c89bd0 flushing  nmethod 0x0000020003333e88
Event: 1990.747 Thread 0x0000020071c89bd0 flushing  nmethod 0x0000020003334508
Event: 1990.747 Thread 0x0000020071c89bd0 flushing  nmethod 0x0000020003335f88

Events (20 events):
Event: 2100.737 Thread 0x000002001370c580 Thread exited: 0x000002001370c580
Event: 2100.738 Thread 0x00000200148a8170 Thread exited: 0x00000200148a8170
Event: 2100.738 Thread 0x00000200148aa1b0 Thread exited: 0x00000200148aa1b0
Event: 2100.758 Thread 0x000002007c815d30 Thread exited: 0x000002007c815d30
Event: 2100.758 Thread 0x00000200130ee7a0 Thread exited: 0x00000200130ee7a0
Event: 2100.758 Thread 0x000002007e9b2d80 Thread exited: 0x000002007e9b2d80
Event: 2100.758 Thread 0x00000200140800c0 Thread exited: 0x00000200140800c0
Event: 2100.758 Thread 0x0000020014077420 Thread exited: 0x0000020014077420
Event: 2100.758 Thread 0x0000020013707760 Thread exited: 0x0000020013707760
Event: 2100.759 Thread 0x00000200131a5630 Thread exited: 0x00000200131a5630
Event: 2100.763 Thread 0x00000200131a2750 Thread exited: 0x00000200131a2750
Event: 2100.763 Thread 0x000002001310e290 Thread exited: 0x000002001310e290
Event: 2100.764 Thread 0x000002007f15c090 Thread exited: 0x000002007f15c090
Event: 2100.764 Thread 0x000002007f1124c0 Thread exited: 0x000002007f1124c0
Event: 2100.766 Thread 0x000002007e9b7ba0 Thread exited: 0x000002007e9b7ba0
Event: 2100.766 Thread 0x0000020071bdfe50 Thread added: 0x000002007e9b2d80
Event: 2100.766 Thread 0x000002007e9b2d80 Thread exited: 0x000002007e9b2d80
Event: 2100.767 Thread 0x0000020071bdfe50 Before exit entered
Event: 2100.826 Thread 0x0000020071bf0b30 Thread added: 0x00000200148aa1b0
Event: 2100.859 Thread 0x0000020071bf0b30 Thread added: 0x00000200148a7150


Dynamic libraries:
0x00007ff655ba0000 - 0x00007ff655bb0000 	C:\Program Files\Java\jdk-25\bin\java.exe
0x00007ff9ef220000 - 0x00007ff9ef487000 	C:\Windows\SYSTEM32\ntdll.dll
0x00007ff9edf90000 - 0x00007ff9ee059000 	C:\Windows\System32\KERNEL32.DLL
0x00007ff9ec990000 - 0x00007ff9ecd81000 	C:\Windows\System32\KERNELBASE.dll
0x00007ff9ebb00000 - 0x00007ff9ebc4b000 	C:\Windows\System32\ucrtbase.dll
0x00007ff9ba7f0000 - 0x00007ff9ba807000 	C:\Program Files\Java\jdk-25\bin\jli.dll
0x00007ff9ed280000 - 0x00007ff9ed445000 	C:\Windows\System32\USER32.dll
0x00007ff9ecf90000 - 0x00007ff9ecfb7000 	C:\Windows\System32\win32u.dll
0x00007ff9ed1c0000 - 0x00007ff9ed1eb000 	C:\Windows\System32\GDI32.dll
0x00007ff9ebd10000 - 0x00007ff9ebe3b000 	C:\Windows\System32\gdi32full.dll
0x00007ff9cf100000 - 0x00007ff9cf393000 	C:\Windows\WinSxS\amd64_microsoft.windows.common-controls_6595b64144ccf1df_6.0.26100.8037_none_3e092faae333b53b\COMCTL32.dll
0x00007ff9ec830000 - 0x00007ff9ec8d3000 	C:\Windows\System32\msvcp_win.dll
0x00007ff9ee180000 - 0x00007ff9ee229000 	C:\Windows\System32\msvcrt.dll
0x00007ff9babd0000 - 0x00007ff9babee000 	C:\Program Files\Java\jdk-25\bin\VCRUNTIME140.dll
0x00007ff9ef190000 - 0x00007ff9ef1c1000 	C:\Windows\System32\IMM32.DLL
0x00007ff9bc080000 - 0x00007ff9bc08c000 	C:\Program Files\Java\jdk-25\bin\vcruntime140_1.dll
0x00007ff9892b0000 - 0x00007ff98933d000 	C:\Program Files\Java\jdk-25\bin\msvcp140.dll
0x00007ff967a00000 - 0x00007ff96885f000 	C:\Program Files\Java\jdk-25\bin\server\jvm.dll
0x00007ff9eef30000 - 0x00007ff9eefeb000 	C:\Windows\System32\ADVAPI32.dll
0x00007ff9eee80000 - 0x00007ff9eef27000 	C:\Windows\System32\sechost.dll
0x00007ff9ee060000 - 0x00007ff9ee178000 	C:\Windows\System32\RPCRT4.dll
0x00007ff9ed140000 - 0x00007ff9ed1b4000 	C:\Windows\System32\WS2_32.dll
0x00007ff9eb980000 - 0x00007ff9eb9de000 	C:\Windows\SYSTEM32\POWRPROF.dll
0x00007ff9e02f0000 - 0x00007ff9e0325000 	C:\Windows\SYSTEM32\WINMM.dll
0x00007ff9e5740000 - 0x00007ff9e574b000 	C:\Windows\SYSTEM32\VERSION.dll
0x00007ff9eb960000 - 0x00007ff9eb974000 	C:\Windows\SYSTEM32\UMPDC.dll
0x00007ff9ea850000 - 0x00007ff9ea86b000 	C:\Windows\SYSTEM32\kernel.appcore.dll
0x00007ff9babc0000 - 0x00007ff9babca000 	C:\Program Files\Java\jdk-25\bin\jimage.dll
0x00007ff9e2fb0000 - 0x00007ff9e31f2000 	C:\Windows\SYSTEM32\DBGHELP.DLL
0x00007ff9ee290000 - 0x00007ff9ee612000 	C:\Windows\System32\combase.dll
0x00007ff9eec40000 - 0x00007ff9eed17000 	C:\Windows\System32\OLEAUT32.dll
0x00007ff9c2110000 - 0x00007ff9c214b000 	C:\Windows\SYSTEM32\dbgcore.DLL
0x00007ff9ec8e0000 - 0x00007ff9ec985000 	C:\Windows\System32\bcryptPrimitives.dll
0x00007ff9ba7e0000 - 0x00007ff9ba7f0000 	C:\Program Files\Java\jdk-25\bin\instrument.dll
0x00007ff9b2e00000 - 0x00007ff9b2e1f000 	C:\Program Files\Java\jdk-25\bin\java.dll
0x00007ff9eeff0000 - 0x00007ff9ef185000 	C:\Windows\System32\ole32.dll
0x00007ff9ed710000 - 0x00007ff9ede6f000 	C:\Windows\System32\SHELL32.dll
0x00007ff9ece20000 - 0x00007ff9ecf8a000 	C:\Windows\System32\wintypes.dll
0x00007ff9ba790000 - 0x00007ff9ba7a7000 	C:\Program Files\Java\jdk-25\bin\zip.dll
0x00007ff9ebfc0000 - 0x00007ff9ec824000 	C:\Windows\System32\windows.storage.dll
0x00007ff9ed040000 - 0x00007ff9ed137000 	C:\Windows\System32\SHCORE.dll
0x00007ff9ed450000 - 0x00007ff9ed4b7000 	C:\Windows\System32\shlwapi.dll
0x00007ff9eba20000 - 0x00007ff9eba49000 	C:\Windows\SYSTEM32\profapi.dll
0x00007ff9ba770000 - 0x00007ff9ba782000 	C:\Program Files\Java\jdk-25\bin\net.dll
0x00007ff9eada0000 - 0x00007ff9eae0b000 	C:\Windows\system32\mswsock.dll
0x00007ff9acde0000 - 0x00007ff9acdf6000 	C:\Program Files\Java\jdk-25\bin\nio.dll
0x00007ff9ba760000 - 0x00007ff9ba770000 	C:\Program Files\Java\jdk-25\bin\verify.dll
0x00007ff989210000 - 0x00007ff989255000 	C:\Users\wakam\AppData\Roaming\Code\User\globalStorage\redhat.java\1.54.2026041108\config_win\org.eclipse.equinox.launcher\org.eclipse.equinox.launcher.win32.win32.x86_64_1.3.0.v20260203-2149\eclipse_11919.dll
0x00007ff9eb1a0000 - 0x00007ff9eb1bb000 	C:\Windows\SYSTEM32\CRYPTSP.dll
0x00007ff9ea7b0000 - 0x00007ff9ea7e9000 	C:\Windows\system32\rsaenh.dll
0x00007ff9eae50000 - 0x00007ff9eae82000 	C:\Windows\SYSTEM32\USERENV.dll
0x00007ff9eb9f0000 - 0x00007ff9eba1a000 	C:\Windows\SYSTEM32\bcrypt.dll
0x00007ff9eb000000 - 0x00007ff9eb00c000 	C:\Windows\SYSTEM32\CRYPTBASE.dll
0x00007ff9ea160000 - 0x00007ff9ea193000 	C:\Windows\SYSTEM32\IPHLPAPI.DLL
0x00007ff9ef1d0000 - 0x00007ff9ef1da000 	C:\Windows\System32\NSI.dll
0x00007ff989170000 - 0x00007ff9891b9000 	C:\Users\wakam\AppData\Local\Temp\jna-112894669\jna12631135642464648028.dll
0x00007ff9ed700000 - 0x00007ff9ed708000 	C:\Windows\System32\PSAPI.DLL
0x00007ff9e4d80000 - 0x00007ff9e4ea7000 	C:\Windows\SYSTEM32\winhttp.dll
0x00007ff9e4ff0000 - 0x00007ff9e500d000 	C:\Windows\SYSTEM32\dhcpcsvc6.DLL
0x00007ff9e4d50000 - 0x00007ff9e4d73000 	C:\Windows\SYSTEM32\dhcpcsvc.DLL
0x00007ff9ea970000 - 0x00007ff9ea9a6000 	C:\Windows\SYSTEM32\ntmarta.dll

JVMTI agents:
c:\Users\wakam\.vscode\extensions\redhat.java-1.54.2026041108-win32-x64\lombok\lombok-1.18.39-4050.jar path:C:\Program Files\Java\jdk-25\bin\instrument.dll, loaded, initialized, instrumentlib options:none

dbghelp: loaded successfully - version: 4.0.5 - missing functions: none
symbol engine: initialized successfully - sym options: 0x614 - pdb path: .;C:\Program Files\Java\jdk-25\bin;C:\Windows\SYSTEM32;C:\Windows\WinSxS\amd64_microsoft.windows.common-controls_6595b64144ccf1df_6.0.26100.8037_none_3e092faae333b53b;C:\Program Files\Java\jdk-25\bin\server;C:\Users\wakam\AppData\Roaming\Code\User\globalStorage\redhat.java\1.54.2026041108\config_win\org.eclipse.equinox.launcher\org.eclipse.equinox.launcher.win32.win32.x86_64_1.3.0.v20260203-2149;C:\Users\wakam\AppData\Local\Temp\jna-112894669

VM Arguments:
jvm_args: -Djdk.xml.maxGeneralEntitySizeLimit=0 -Djdk.xml.totalEntitySizeLimit=0 --add-modules=ALL-SYSTEM --add-opens=java.base/java.util=ALL-UNNAMED --add-opens=java.base/java.lang=ALL-UNNAMED --add-opens=java.base/sun.nio.fs=ALL-UNNAMED -Declipse.application=org.eclipse.jdt.ls.core.id1 -Dosgi.bundles.defaultStartLevel=4 -Declipse.product=org.eclipse.jdt.ls.core.product -Djava.import.generatesMetadataFilesAtProjectRoot=false -DDetectVMInstallationsJob.disabled=true -Dfile.encoding=utf8 -XX:+UseParallelGC -XX:GCTimeRatio=4 -XX:AdaptiveSizePolicyWeight=90 -Dsun.zip.disableMemoryMapping=true -Xmx2G -Xms100m -Xlog:disable -javaagent:c:\Users\wakam\.vscode\extensions\redhat.java-1.54.2026041108-win32-x64\lombok\lombok-1.18.39-4050.jar -XX:+HeapDumpOnOutOfMemoryError -XX:HeapDumpPath=c:\Users\wakam\AppData\Roaming\Code\User\workspaceStorage\21f1205e5cd5c5ef57f7413777eb285a\redhat.java -Daether.dependencyCollector.impl=bf -XX:+UnlockDiagnosticVMOptions -XX:+AllowArchivingWithJavaAgent -XX:+AutoCreateSharedArchive -XX:SharedArchiveFile=c:\Users\wakam\AppData\Roaming\Code\User\globalStorage\redhat.java\1.54.2026041108\jdtls.jsa 
java_command: c:\Users\wakam\.vscode\extensions\redhat.java-1.54.2026041108-win32-x64\server\plugins\org.eclipse.equinox.launcher_1.7.100.v20251111-0406.jar -configuration c:\Users\wakam\AppData\Roaming\Code\User\globalStorage\redhat.java\1.54.2026041108\config_win -data c:\Users\wakam\AppData\Roaming\Code\User\workspaceStorage\21f1205e5cd5c5ef57f7413777eb285a\redhat.java\jdt_ws --pipe=\\.\pipe\lsp-3ee983b7cd288dc78aadb312340d449d-sock
java_class_path (initial): c:\Users\wakam\.vscode\extensions\redhat.java-1.54.2026041108-win32-x64\server\plugins\org.eclipse.equinox.launcher_1.7.100.v20251111-0406.jar
Launcher Type: SUN_STANDARD

[Global flags]
     bool AOTInvokeDynamicLinking                  = false                                  {diagnostic} {ergonomic}
     bool AOTRecordTraining                        = false                                  {diagnostic} {ergonomic}
     bool AOTReplayTraining                        = false                                  {diagnostic} {ergonomic}
     uint AdaptiveSizePolicyWeight                 = 90                                        {product} {command line}
     bool AllowArchivingWithJavaAgent              = true                                   {diagnostic} {command line}
    ccstr ArchiveClassesAtExit                     = c:\Users\wakam\AppData\Roaming\Code\User\globalStorage\redhat.java\1.54.2026041108\jdtls.jsa            {product} {ergonomic}
     bool AutoCreateSharedArchive                  = true                                      {product} {command line}
     intx CICompilerCount                          = 4                                         {product} {ergonomic}
     uint GCTimeRatio                              = 4                                         {product} {command line}
     bool HeapDumpOnOutOfMemoryError               = true                                   {manageable} {command line}
    ccstr HeapDumpPath                             = c:\Users\wakam\AppData\Roaming\Code\User\workspaceStorage\21f1205e5cd5c5ef57f7413777eb285a\redhat.java         {manageable} {command line}
   size_t InitialHeapSize                          = 104857600                                 {product} {command line}
   size_t MaxHeapSize                              = 2147483648                                {product} {command line}
   size_t MaxNewSize                               = 715653120                                 {product} {ergonomic}
   size_t MinHeapDeltaBytes                        = 524288                                    {product} {ergonomic}
   size_t MinHeapSize                              = 104857600                                 {product} {command line}
   size_t NewSize                                  = 34603008                                  {product} {ergonomic}
    uintx NonNMethodCodeHeapSize                   = 5832704                                {pd product} {ergonomic}
    uintx NonProfiledCodeHeapSize                  = 122945536                              {pd product} {ergonomic}
    uintx ProfiledCodeHeapSize                     = 122880000                              {pd product} {ergonomic}
    uintx ReservedCodeCacheSize                    = 251658240                              {pd product} {ergonomic}
     bool SegmentedCodeCache                       = true                                      {product} {ergonomic}
    ccstr SharedArchiveFile                        =                                           {product} {command line, ergonomic}
   size_t SoftMaxHeapSize                          = 2147483648                             {manageable} {ergonomic}
     bool UnlockDiagnosticVMOptions                = true                                   {diagnostic} {command line}
     bool UseCompressedOops                        = true                           {product lp64_product} {ergonomic}
     bool UseLargePagesIndividualAllocation        = false                                  {pd product} {ergonomic}
     bool UseParallelGC                            = true                                      {product} {command line}
      int X86ICacheSync                            = 2                                 {ARCH diagnostic} {ergonomic}

Logging:
Log output configuration:
 #0: stdout all=off uptime,level,tags foldmultilines=false
 #1: stderr all=off uptime,level,tags foldmultilines=false

Release file:
IMPLEMENTOR="Oracle Corporation" 
JAVA_RUNTIME_VERSION="25+37-LTS-3491" 
JAVA_VERSION="25" 
JAVA_VERSION_DATE="2025-09-16" 
LIBC="default" 
MODULES="java.base java.compiler java.datatransfer java.xml java.prefs java.desktop java.instrument java.logging java.management java.security.sasl java.naming java.rmi java.management.rmi java.net.http java.scripting java.security.jgss java.transaction.xa java.sql java.sql.rowset java.xml.crypto java.se java.smartcardio jdk.accessibility jdk.internal.jvmstat jdk.attach jdk.charsets jdk.internal.opt jdk.zipfs jdk.compiler jdk.crypto.cryptoki jdk.crypto.ec jdk.crypto.mscapi jdk.dynalink jdk.internal.ed jdk.editpad jdk.internal.vm.ci jdk.graal.compiler jdk.graal.compiler.management jdk.hotspot.agent jdk.httpserver jdk.incubator.vector jdk.internal.le jdk.internal.md jdk.jartool jdk.javadoc jdk.jcmd jdk.management jdk.management.agent jdk.jconsole jdk.jdeps jdk.jdwp.agent jdk.jdi jdk.jfr jdk.jlink jdk.jpackage jdk.jshell jdk.jsobject jdk.jstatd jdk.localedata jdk.management.jfr jdk.naming.dns jdk.naming.rmi jdk.net jdk.nio.mapmode jdk.sctp jdk.security.auth jdk.security.jgss jdk.unsupported jdk.unsupported.desktop jdk.xml.dom" 
OS_ARCH="x86_64" 
OS_NAME="Windows" 
SOURCE=".:git:49d6a23b8806 open:git:6c48f4ed707b" 

Environment Variables:
JAVA_HOME=C:\Program Files\Eclipse Adoptium\jdk-17.0.18.8-hotspot
PATH=C:\Users\wakam\AppData\Local\Programs\Microsoft VS Code;C:\Windows\system32;C:\Windows;C:\Windows\System32\Wbem;C:\Windows\System32\WindowsPowerShell\v1.0\;C:\Windows\System32\OpenSSH\;C:\Program Files\dotnet\;C:\Program Files\Microsoft SQL Server\150\Tools\Binn\;C:\Program Files\Microsoft SQL Server\Client SDK\ODBC\170\Tools\Binn\;C:\Program Files (x86)\Windows Kits\10\Windows Performance Toolkit\;C:\Program Files\Git\cmd;C:\Program Files\Eclipse Adoptium\jdk-17.0.18.8-hotspot\bin;C:\Users\wakam\AppData\Local\Microsoft\WindowsApps;C:\Users\wakam\AppData\Local\Programs\Microsoft VS Code\bin;C:\Users\wakam\.dotnet\tools;
USERNAME=wakam
OS=Windows_NT
PROCESSOR_IDENTIFIER=Intel64 Family 6 Model 165 Stepping 3, GenuineIntel
TMP=C:\Users\wakam\AppData\Local\Temp
TEMP=C:\Users\wakam\AppData\Local\Temp




Compilation memory statistics disabled.

Periodic native trim disabled

---------------  S Y S T E M  ---------------

OS:
 Windows 11 , 64 bit Build 26100 (10.0.26100.7920)
OS uptime: 0 days 0:39 hours
Hyper-V role detected

CPU: total 12 (initial active 12) (6 cores per cpu, 2 threads per core) family 6 model 165 stepping 3 microcode 0x100, cx8, cmov, fxsr, ht, mmx, 3dnowpref, sse, sse2, sse3, ssse3, sse4.1, sse4.2, popcnt, lzcnt, tsc, tscinvbit, avx, avx2, aes, erms, clmul, bmi1, bmi2, adx, fma, vzeroupper, clflush, clflushopt, hv, rdtscp, f16c
Processor Information for the first 12 processors :
  Max Mhz: 3101, Current Mhz: 3101, Mhz Limit: 3101

Memory: 4k page, system-wide physical 16080M (9190M free)
TotalPageFile size 17104M (AvailPageFile size 8828M)
current process WorkingSet (physical memory assigned to process): 1055M, peak: 1750M
current process commit charge ("private bytes"): 1117M, peak: 1812M

vm_info: Java HotSpot(TM) 64-Bit Server VM (25+37-LTS-3491) for windows-amd64 JRE (25+37-LTS-3491), built on 2025-08-14T21:13:00Z with unknown MS VC++:1943

END.
