#
# A fatal error has been detected by the Java Runtime Environment:
#
#  EXCEPTION_ACCESS_VIOLATION (0xc0000005) at pc=0x00007ffc1d22b804, pid=8264, tid=15164
#
# JRE version: Java(TM) SE Runtime Environment (25.0+37) (build 25+37-LTS-3491)
# Java VM: Java HotSpot(TM) 64-Bit Server VM (25+37-LTS-3491, mixed mode, sharing, tiered, compressed oops, compressed class ptrs, parallel gc, windows-amd64)
# Problematic frame:
# V  [jvm.dll+0x45b804]
#
# No core dump will be written. Minidumps are not enabled by default on client versions of Windows
#
# If you would like to submit a bug report, please visit:
#   https://bugreport.java.com/bugreport/crash.jsp
#

---------------  S U M M A R Y ------------

Command Line: -Djdk.xml.maxGeneralEntitySizeLimit=0 -Djdk.xml.totalEntitySizeLimit=0 --add-modules=ALL-SYSTEM --add-opens=java.base/java.util=ALL-UNNAMED --add-opens=java.base/java.lang=ALL-UNNAMED --add-opens=java.base/sun.nio.fs=ALL-UNNAMED -Declipse.application=org.eclipse.jdt.ls.core.id1 -Dosgi.bundles.defaultStartLevel=4 -Declipse.product=org.eclipse.jdt.ls.core.product -Djava.import.generatesMetadataFilesAtProjectRoot=false -DDetectVMInstallationsJob.disabled=true -Dfile.encoding=utf8 -XX:+UseParallelGC -XX:GCTimeRatio=4 -XX:AdaptiveSizePolicyWeight=90 -Dsun.zip.disableMemoryMapping=true -Xmx2G -Xms100m -Xlog:disable -javaagent:c:\Users\wakam\.vscode\extensions\redhat.java-1.54.2026041108-win32-x64\lombok\lombok-1.18.39-4050.jar -XX:+HeapDumpOnOutOfMemoryError -XX:HeapDumpPath=c:\Users\wakam\AppData\Roaming\Code\User\workspaceStorage\21f1205e5cd5c5ef57f7413777eb285a\redhat.java -Daether.dependencyCollector.impl=bf -XX:+UnlockDiagnosticVMOptions -XX:+AllowArchivingWithJavaAgent -XX:+AutoCreateSharedArchive -XX:SharedArchiveFile=c:\Users\wakam\AppData\Roaming\Code\User\globalStorage\redhat.java\1.54.2026041108\jdtls.jsa c:\Users\wakam\.vscode\extensions\redhat.java-1.54.2026041108-win32-x64\server\plugins\org.eclipse.equinox.launcher_1.7.100.v20251111-0406.jar -configuration c:\Users\wakam\AppData\Roaming\Code\User\globalStorage\redhat.java\1.54.2026041108\config_win -data c:\Users\wakam\AppData\Roaming\Code\User\workspaceStorage\21f1205e5cd5c5ef57f7413777eb285a\redhat.java\jdt_ws --pipe=\\.\pipe\lsp-3c8b733927fc38bae2aed546b4eaa900-sock

Host: Intel(R) Core(TM) i5-10500 CPU @ 3.10GHz, 12 cores, 15G,  Windows 11 , 64 bit Build 26100 (10.0.26100.7920)
Time: Wed Apr 15 18:26:12 2026 elapsed time: 2266.417122 seconds (0d 0h 37m 46s)

---------------  T H R E A D  ---------------

Current thread (0x000002144307a6a0):  VMThread "VM Thread"          [id=15164, stack(0x000000f1fbb00000,0x000000f1fbc00000) (1024K)]

Stack: [0x000000f1fbb00000,0x000000f1fbc00000],  sp=0x000000f1fbbff2c0,  free space=1020k
Native frames: (J=compiled Java code, j=interpreted, Vv=VM code, C=native code)
V  [jvm.dll+0x45b804]  (no source info available)
V  [jvm.dll+0x45b84f]  (no source info available)
V  [jvm.dll+0x4612b6]  (no source info available)
V  [jvm.dll+0x38668a]  (no source info available)
V  [jvm.dll+0x3855c6]  (no source info available)
V  [jvm.dll+0x385a03]  (no source info available)
V  [jvm.dll+0x96ee71]  (no source info available)
V  [jvm.dll+0x97018d]  (no source info available)
V  [jvm.dll+0x970709]  (no source info available)
V  [jvm.dll+0x9709b3]  (no source info available)
V  [jvm.dll+0x90681d]  (no source info available)
V  [jvm.dll+0x7a5015]  (no source info available)
C  [ucrtbase.dll+0x37b0]  (no source info available)
C  [KERNEL32.DLL+0x2e8d7]  (no source info available)
C  [ntdll.dll+0x8c48c]  (no source info available)


siginfo: EXCEPTION_ACCESS_VIOLATION (0xc0000005), reading address 0x00000000000000e0


Registers:
RAX=0x0000000030183901, RBX=0x0000000000000000, RCX=0x0000000000000000, RDX=0x0000000000000000
RSP=0x000000f1fbbff2c0, RBP=0x000000f1fbbff3a0, RSI=0x0000000000000001, RDI=0x00000214030ecd50
R8 =0x0000021440bd1380, R9 =0x0000000000000566, R10=0x0000021440bd0000, R11=0x000000f1fbbff310
R12=0x00007ffc1d89dbc0, R13=0x00007ffc1d8aaca8, R14=0x00000214009cd2d8, R15=0x00007ffc1d89dae8
RIP=0x00007ffc1d22b804, EFLAGS=0x0000000000010287

XMM[0]=0x0000000000000000 0x0000000000000000
XMM[1]=0x00000214009cacc8 0x00000214009caa60
XMM[2]=0x0000021400846858 0x000002140014ccf0
XMM[3]=0x00000214007d0d58 0x00000214007d0eb8
XMM[4]=0x00000214007d1018 0x00000214007d0f68
XMM[5]=0x00000214009caed8 0x00000214009cae28
XMM[6]=0x0000000000000000 0x0000000000000000
XMM[7]=0x0000000000000000 0x0000000000000000
XMM[8]=0x0000000000000000 0x404e000000000000
XMM[9]=0x0000000000000000 0x0000000000000000
XMM[10]=0x0000000000000000 0x0000000000000000
XMM[11]=0x0000000000000000 0x0000000000000000
XMM[12]=0x0000000000000000 0x0000000000000000
XMM[13]=0x0000000000000000 0x0000000000000000
XMM[14]=0x0000000000000000 0x0000000000000000
XMM[15]=0x0000000000000000 0x0000000000000000
  MXCSR=0x00001fa0


Register to memory mapping:

RAX=0x0000000030183901 is pointing into metadata
RBX=0x0 is null
RCX=0x0 is null
RDX=0x0 is null
RSP=0x000000f1fbbff2c0 points into unknown readable memory: 0x0000021440cf0000 | 00 00 cf 40 14 02 00 00
RBP=0x000000f1fbbff3a0 points into unknown readable memory: 0x00007ffc1d8aacb8 | b8 ac 8a 1d fc 7f 00 00
RSI=0x0000000000000001 is an unknown value
RDI=0x00000214030ecd50 points into unknown readable memory: 0x0000000000000000 | 00 00 00 00 00 00 00 00
R8 =0x0000021440bd1380 points into unknown readable memory: 0x0000021440bd0d20 | 20 0d bd 40 14 02 00 00
R9 =0x0000000000000566 is an unknown value
R10=0x0000021440bd0000 points into unknown readable memory: 0x0000000000000000 | 00 00 00 00 00 00 00 00
R11=0x000000f1fbbff310 points into unknown readable memory: 0x00000214009cd468 | 68 d4 9c 00 14 02 00 00
R12=0x00007ffc1d89dbc0 jvm.dll
R13=0x00007ffc1d8aaca8 jvm.dll
R14=0x00000214009cd2d8 points into unknown readable memory: 0x0000000030010080 | 80 00 01 30 00 00 00 00
R15=0x00007ffc1d89dae8 jvm.dll

Top of Stack: (sp=0x000000f1fbbff2c0)
0x000000f1fbbff2c0:   0000021440cf0000 0000000000000000   ...@............
0x000000f1fbbff2d0:   000002147d0f4440 00007ffc1d436bd6   @D.}.....kC.....
0x000000f1fbbff2e0:   00000214030ecd50 00007ffc1d22b84f   P.......O.".....
0x000000f1fbbff2f0:   0000000000000000 0000000000000001   ................
0x000000f1fbbff300:   00000214009cd2d8 00000214430610b0   ...........C....
0x000000f1fbbff310:   00000214009cd468 00007ffc1d2312b6   h.........#.....
0x000000f1fbbff320:   0000000000000000 00007ffc1d8c3f40   ........@?......
0x000000f1fbbff330:   00000214009cd2d8 000000f1fbbff3a0   ................
0x000000f1fbbff340:   000000000000ab40 0000000000000000   @...............
0x000000f1fbbff350:   0000000000001568 000000f1fb8feed0   h...............
0x000000f1fbbff360:   00000214009cd2d8 00007ffc1d15668a   .........f......
0x000000f1fbbff370:   0000000000000048 00000214430610b0   H..........C....
0x000000f1fbbff380:   0000000000000000 00000000004e1bf9   ..........N.....
0x000000f1fbbff390:   00000214009cca58 00000011000001d8   X...............
0x000000f1fbbff3a0:   00007ffc1d8aacb8 0000000000000000   ................
0x000000f1fbbff3b0:   0000000000000000 0000000000000000   ................
0x000000f1fbbff3c0:   00000000000003d8 0000000000000000   ................
0x000000f1fbbff3d0:   0000000031360450 000000f1fb8feed0   P.61............
0x000000f1fbbff3e0:   00000000000155f0 00007ffc1d867350   .U......Ps......
0x000000f1fbbff3f0:   0000000000002abe 00007ffc1d1555c6   .*.......U......
0x000000f1fbbff400:   00007ffc00001568 000000000000ab40   h.......@.......
0x000000f1fbbff410:   00000214430610b0 00007ffc1db48ca8   ...C............
0x000000f1fbbff420:   0000000000000000 0000000000000000   ................
0x000000f1fbbff430:   000000000000009a 0000000000000000   ................
0x000000f1fbbff440:   0000000000000000 00007ffc1d74d473   ........s.t.....
0x000000f1fbbff450:   00007ffc1dac3890 0000021443070100   .8.........C....
0x000000f1fbbff460:   0000cec54a6f5d56 00007ffc8ed510c4   V]oJ............
0x000000f1fbbff470:   0000000000000000 00007ffc1d570f9f   ..........W.....
0x000000f1fbbff480:   000000000000002c 00007ffc1d74d343   ,.......C.t.....
0x000000f1fbbff490:   00000000000003e8 00007ffc1d6d9a20   ........ .m.....
0x000000f1fbbff4a0:   00000214430759c0 0000021443075db0   .Y.C.....].C....
0x000000f1fbbff4b0:   00007ffc1db71b30 00007ffc1d867350   0.......Ps......

Instructions: (pc=0x00007ffc1d22b804)
  0x00007ffc1d22b704:   7e 20 74 0c 4d 89 66 18 4d 89 7e 20 4d 89 6e 28
  0x00007ffc1d22b714:   4c 8b b4 24 08 01 00 00 4c 8b ac 24 10 01 00 00
  0x00007ffc1d22b724:   4c 8b a4 24 18 01 00 00 4c 8b bc 24 00 01 00 00
  0x00007ffc1d22b734:   48 83 7c 24 40 00 74 55 48 8b 9f b0 06 00 00 48
  0x00007ffc1d22b744:   8d 44 24 58 33 c9 48 89 45 a8 48 8d 45 99 48 89
  0x00007ffc1d22b754:   4d c8 89 4d b8 4c 8d 44 24 50 88 4d c0 48 8d 54
  0x00007ffc1d22b764:   24 40 4c 8b cf 48 89 45 b0 48 8d 4c 24 30 48 89
  0x00007ffc1d22b774:   b7 b0 06 00 00 c7 45 bc 08 00 00 00 c6 44 24 30
  0x00007ffc1d22b784:   0e e8 66 f8 01 00 48 89 9f b0 06 00 00 48 8d 4c
  0x00007ffc1d22b794:   24 40 e8 05 eb fd ff 48 8b 9c 24 50 01 00 00 48
  0x00007ffc1d22b7a4:   8b 4d f0 48 33 cc e8 61 c3 58 00 48 81 c4 20 01
  0x00007ffc1d22b7b4:   00 00 5f 5e 5d c3 cc cc cc cc cc cc 0f b7 41 0e
  0x00007ffc1d22b7c4:   66 c1 e8 09 a8 01 74 03 32 c0 c3 e9 6c 9b 20 00
  0x00007ffc1d22b7d4:   cc cc cc cc cc cc cc cc cc cc cc cc 48 89 5c 24
  0x00007ffc1d22b7e4:   08 48 89 74 24 10 57 48 83 ec 20 48 3b 0d 8a ed
  0x00007ffc1d22b7f4:   8d 00 48 8b d9 73 09 48 3b 0d 76 ed 8d 00 73 5b
=>0x00007ffc1d22b804:   48 8b 81 e0 00 00 00 66 83 78 30 32 72 5f 48 8b
  0x00007ffc1d22b814:   01 ff 50 78 48 85 c0 74 15 48 8b 03 48 8b cb ff
  0x00007ffc1d22b824:   50 78 48 8b c8 e8 b2 ff ff ff 84 c0 74 3f 48 8b
  0x00007ffc1d22b834:   bb a0 01 00 00 48 63 37 48 85 f6 7e 1e 33 db 48
  0x00007ffc1d22b844:   83 c7 08 48 8b 0f e8 91 ff ff ff 84 c0 74 1e 48
  0x00007ffc1d22b854:   ff c3 48 83 c7 08 48 3b de 7c e8 b0 01 48 8b 5c
  0x00007ffc1d22b864:   24 30 48 8b 74 24 38 48 83 c4 20 5f c3 48 8b 5c
  0x00007ffc1d22b874:   24 30 32 c0 48 8b 74 24 38 48 83 c4 20 5f c3 cc
  0x00007ffc1d22b884:   cc cc cc cc cc cc cc cc cc cc cc cc 4c 89 44 24
  0x00007ffc1d22b894:   18 53 56 57 48 83 ec 70 48 3b 15 2d 53 8e 00 49
  0x00007ffc1d22b8a4:   8b f0 48 8b fa 48 8b d9 0f 84 88 02 00 00 48 8b
  0x00007ffc1d22b8b4:   4a 08 48 85 c9 0f 84 7b 02 00 00 ff 15 5b e7 87
  0x00007ffc1d22b8c4:   00 48 85 c0 0f 84 6c 02 00 00 48 8b cf e8 8a b9
  0x00007ffc1d22b8d4:   e3 ff 84 c0 0f 85 5c 02 00 00 48 85 db 0f 84 53
  0x00007ffc1d22b8e4:   02 00 00 66 83 7b 04 05 0f 82 48 02 00 00 48 8b
  0x00007ffc1d22b8f4:   b6 a8 03 00 00 48 8b cb 0f b6 43 0a 0a 43 09 0a


Stack slot to memory mapping:

stack at sp + 0 slots: 0x0000021440cf0000 points into unknown readable memory: 0x0000000000000000 | 00 00 00 00 00 00 00 00
stack at sp + 1 slots: 0x0 is null
stack at sp + 2 slots: 0x000002147d0f4440 points into unknown readable memory: 0x4c3ca27653445352 | 52 53 44 53 76 a2 3c 4c
stack at sp + 3 slots: 0x00007ffc1d436bd6 jvm.dll
stack at sp + 4 slots: 0x00000214030ecd50 points into unknown readable memory: 0x0000000000000000 | 00 00 00 00 00 00 00 00
stack at sp + 5 slots: 0x00007ffc1d22b84f jvm.dll
stack at sp + 6 slots: 0x0 is null
stack at sp + 7 slots: 0x0000000000000001 is an unknown value

VM_Operation (0x000000f1fb8feec0): PopulateDumpSharedSpace, mode: safepoint, requested by thread 0x0000021442fcf5e0


---------------  P R O C E S S  ---------------

Threads class SMR info:
_java_thread_list=0x0000021465f05b50, length=44, elements={
0x0000021442fcf5e0, 0x000002145cbe0200, 0x000002145cbe0d70, 0x0000021443089fd0,
0x000002144308c7a0, 0x000002144308d0b0, 0x000002145cbe5fb0, 0x0000021442fe2400,
0x0000021442fe0bd0, 0x0000021462fa3c30, 0x000002146346b890, 0x000002146453b030,
0x0000021464825ea0, 0x0000021464827610, 0x0000021464826670, 0x0000021464827de0,
0x0000021464824730, 0x000002146482a4f0, 0x0000021464828d80, 0x000002146482acc0,
0x0000021464829550, 0x00000214648285b0, 0x0000021464829d20, 0x000002146482bc60,
0x000002146482b490, 0x0000021467491a10, 0x00000214650028a0, 0x0000021465003070,
0x0000021471c7d810, 0x00000214689558c0, 0x0000021465fa0990, 0x0000021465fa4040,
0x0000021465fa2100, 0x0000021468f6da40, 0x00000214713541e0, 0x0000021468b7c460,
0x000002146593d5d0, 0x0000021469178750, 0x0000021466c3a4a0, 0x0000021471383520,
0x0000021472da0150, 0x0000021468b7e3a0, 0x00000214636f88e0, 0x000002146385d4b0
}

Java Threads: ( => current thread )
  0x0000021442fcf5e0 JavaThread "main"                              [_thread_blocked, id=15056, stack(0x000000f1fb800000,0x000000f1fb900000) (1024K)]
  0x000002145cbe0200 JavaThread "Reference Handler"          daemon [_thread_blocked, id=16024, stack(0x000000f1fbc00000,0x000000f1fbd00000) (1024K)]
  0x000002145cbe0d70 JavaThread "Finalizer"                  daemon [_thread_blocked, id=13048, stack(0x000000f1fbd00000,0x000000f1fbe00000) (1024K)]
  0x0000021443089fd0 JavaThread "Signal Dispatcher"          daemon [_thread_blocked, id=15836, stack(0x000000f1fbe00000,0x000000f1fbf00000) (1024K)]
  0x000002144308c7a0 JavaThread "Attach Listener"            daemon [_thread_blocked, id=4776, stack(0x000000f1fbf00000,0x000000f1fc000000) (1024K)]
  0x000002144308d0b0 JavaThread "Service Thread"             daemon [_thread_blocked, id=17596, stack(0x000000f1fc000000,0x000000f1fc100000) (1024K)]
  0x000002145cbe5fb0 JavaThread "Monitor Deflation Thread"   daemon [_thread_blocked, id=13664, stack(0x000000f1fc100000,0x000000f1fc200000) (1024K)]
  0x0000021442fe2400 JavaThread "C2 CompilerThread0"         daemon [_thread_blocked, id=8528, stack(0x000000f1fc200000,0x000000f1fc300000) (1024K)]
  0x0000021442fe0bd0 JavaThread "C1 CompilerThread0"         daemon [_thread_blocked, id=3944, stack(0x000000f1fc300000,0x000000f1fc400000) (1024K)]
  0x0000021462fa3c30 JavaThread "Common-Cleaner"             daemon [_thread_blocked, id=9736, stack(0x000000f1fc400000,0x000000f1fc500000) (1024K)]
  0x000002146346b890 JavaThread "Notification Thread"        daemon [_thread_blocked, id=18104, stack(0x000000f1fc500000,0x000000f1fc600000) (1024K)]
  0x000002146453b030 JavaThread "JNA Cleaner"                daemon [_thread_blocked, id=7420, stack(0x000000f1fe700000,0x000000f1fe800000) (1024K)]
  0x0000021464825ea0 JavaThread "InnocuousThread-1"          daemon [_thread_in_native, id=5628, stack(0x000000f1fed00000,0x000000f1fee00000) (1024K)]
  0x0000021464827610 JavaThread "InnocuousThread-2"          daemon [_thread_in_native, id=13328, stack(0x000000f1fee00000,0x000000f1fef00000) (1024K)]
  0x0000021464826670 JavaThread "InnocuousThread-3"          daemon [_thread_in_native, id=2268, stack(0x000000f1fef00000,0x000000f1ff000000) (1024K)]
  0x0000021464827de0 JavaThread "InnocuousThread-4"          daemon [_thread_in_native, id=17904, stack(0x000000f1ff000000,0x000000f1ff100000) (1024K)]
  0x0000021464824730 JavaThread "InnocuousThread-5"          daemon [_thread_in_native, id=13732, stack(0x000000f1ff100000,0x000000f1ff200000) (1024K)]
  0x000002146482a4f0 JavaThread "InnocuousThread-6"          daemon [_thread_in_native, id=4816, stack(0x000000f1ff200000,0x000000f1ff300000) (1024K)]
  0x0000021464828d80 JavaThread "InnocuousThread-7"          daemon [_thread_in_native, id=18088, stack(0x000000f1ff300000,0x000000f1ff400000) (1024K)]
  0x000002146482acc0 JavaThread "InnocuousThread-8"          daemon [_thread_in_native, id=17628, stack(0x000000f1ff400000,0x000000f1ff500000) (1024K)]
  0x0000021464829550 JavaThread "InnocuousThread-9"          daemon [_thread_in_native, id=1640, stack(0x000000f1ff500000,0x000000f1ff600000) (1024K)]
  0x00000214648285b0 JavaThread "InnocuousThread-10"         daemon [_thread_in_native, id=7244, stack(0x000000f1ff600000,0x000000f1ff700000) (1024K)]
  0x0000021464829d20 JavaThread "InnocuousThread-11"         daemon [_thread_in_native, id=17108, stack(0x000000f1ff700000,0x000000f1ff800000) (1024K)]
  0x000002146482bc60 JavaThread "InnocuousThread-12"         daemon [_thread_in_native, id=7436, stack(0x000000f1ff800000,0x000000f1ff900000) (1024K)]
  0x000002146482b490 JavaThread "InnocuousThread-13"         daemon [_thread_in_native, id=2296, stack(0x000000f1ff900000,0x000000f1ffa00000) (1024K)]
  0x0000021467491a10 JavaThread "pool-2-thread-1"                   [_thread_blocked, id=3552, stack(0x000000f1ffa00000,0x000000f1ffb00000) (1024K)]
  0x00000214650028a0 JavaThread "WorkspaceEventsHandler"            [_thread_blocked, id=17304, stack(0x000000f1ffc00000,0x000000f1ffd00000) (1024K)]
  0x0000021465003070 JavaThread "pool-1-thread-1"                   [_thread_blocked, id=10968, stack(0x000000f1ffd00000,0x000000f1ffe00000) (1024K)]
  0x0000021471c7d810 JavaThread "Cleaner-0"                  daemon [_thread_blocked, id=13064, stack(0x000000f182e00000,0x000000f182f00000) (1024K)]
  0x00000214689558c0 JavaThread "ForkJoinPool.commonPool-worker-23" daemon [_thread_blocked, id=10532, stack(0x000000f180200000,0x000000f180300000) (1024K)]
  0x0000021465fa0990 JavaThread "ForkJoinPool.commonPool-worker-24" daemon [_thread_blocked, id=12136, stack(0x000000f180300000,0x000000f180400000) (1024K)]
  0x0000021465fa4040 JavaThread "ForkJoinPool.commonPool-worker-25" daemon [_thread_blocked, id=7224, stack(0x000000f180600000,0x000000f180700000) (1024K)]
  0x0000021465fa2100 JavaThread "ForkJoinPool.commonPool-worker-26" daemon [_thread_blocked, id=9932, stack(0x000000f180700000,0x000000f180800000) (1024K)]
  0x0000021468f6da40 JavaThread "ForkJoinPool.commonPool-worker-27" daemon [_thread_blocked, id=9048, stack(0x000000f180800000,0x000000f180900000) (1024K)]
  0x00000214713541e0 JavaThread "ForkJoinPool.commonPool-worker-28" daemon [_thread_blocked, id=12364, stack(0x000000f180900000,0x000000f180a00000) (1024K)]
  0x0000021468b7c460 JavaThread "ForkJoinPool.commonPool-worker-29" daemon [_thread_blocked, id=4784, stack(0x000000f180a00000,0x000000f180b00000) (1024K)]
  0x000002146593d5d0 JavaThread "ForkJoinPool.commonPool-worker-30" daemon [_thread_blocked, id=3948, stack(0x000000f180b00000,0x000000f180c00000) (1024K)]
  0x0000021469178750 JavaThread "ForkJoinPool.commonPool-worker-31" daemon [_thread_blocked, id=4516, stack(0x000000f180c00000,0x000000f180d00000) (1024K)]
  0x0000021466c3a4a0 JavaThread "ForkJoinPool.commonPool-worker-32" daemon [_thread_blocked, id=17272, stack(0x000000f180d00000,0x000000f180e00000) (1024K)]
  0x0000021471383520 JavaThread "ForkJoinPool.commonPool-worker-33" daemon [_thread_blocked, id=14660, stack(0x000000f180e00000,0x000000f180f00000) (1024K)]
  0x0000021472da0150 JavaThread "Compiler Source File Reader" daemon [_thread_blocked, id=6348, stack(0x000000f181700000,0x000000f181800000) (1024K)]
  0x0000021468b7e3a0 JavaThread "pool-7-thread-1"                   [_thread_blocked, id=11820, stack(0x000000f180100000,0x000000f180200000) (1024K)]
  0x00000214636f88e0 JavaThread "C2 CompilerThread1"         daemon [_thread_blocked, id=7772, stack(0x000000f180000000,0x000000f180100000) (1024K)]
  0x000002146385d4b0 JavaThread "C2 CompilerThread2"         daemon [_thread_blocked, id=14924, stack(0x000000f180400000,0x000000f180500000) (1024K)]
Total: 44

Other Threads:
=>0x000002144307a6a0 VMThread "VM Thread"                           [id=15164, stack(0x000000f1fbb00000,0x000000f1fbc00000) (1024K)]
  0x000002145cbdcaf0 WatcherThread "VM Periodic Task Thread"        [id=17392, stack(0x000000f1fba00000,0x000000f1fbb00000) (1024K)]
  0x0000021442fee640 WorkerThread "GC Thread#0"                     [id=13408, stack(0x000000f1fb900000,0x000000f1fba00000) (1024K)]
  0x000002146365af50 WorkerThread "GC Thread#1"                     [id=11660, stack(0x000000f1fc800000,0x000000f1fc900000) (1024K)]
  0x00000214636cb380 WorkerThread "GC Thread#2"                     [id=16168, stack(0x000000f1fc900000,0x000000f1fca00000) (1024K)]
  0x00000214636cb7b0 WorkerThread "GC Thread#3"                     [id=17060, stack(0x000000f1fca00000,0x000000f1fcb00000) (1024K)]
  0x0000021463b418a0 WorkerThread "GC Thread#4"                     [id=11824, stack(0x000000f1fd100000,0x000000f1fd200000) (1024K)]
  0x0000021463b3f1d0 WorkerThread "GC Thread#5"                     [id=17696, stack(0x000000f1fdd00000,0x000000f1fde00000) (1024K)]
  0x00000214648be560 WorkerThread "GC Thread#6"                     [id=6572, stack(0x000000f1fdf00000,0x000000f1fe000000) (1024K)]
  0x000002146595ec50 WorkerThread "GC Thread#7"                     [id=1780, stack(0x000000f1fe000000,0x000000f1fe100000) (1024K)]
  0x000002146595df60 WorkerThread "GC Thread#8"                     [id=18060, stack(0x000000f1fe400000,0x000000f1fe500000) (1024K)]
  0x000002146595e800 WorkerThread "GC Thread#9"                     [id=16716, stack(0x000000f1fe500000,0x000000f1fe600000) (1024K)]
Total: 12

Threads with active compile tasks:
C2 CompilerThread0  2266581 36002       4       jdk.internal.classfile.impl.StackMapGenerator::processFieldInstructions (140 bytes)
C2 CompilerThread1  2266581 35963       4       java.lang.invoke.DirectMethodHandle::make (275 bytes)
Total: 2

VM state: at safepoint (normal execution)

VM Mutex/Monitor currently owned by a thread:  ([mutex/lock_event])
[0x00007ffc1db48ca8] DumpTimeTable_lock - owner thread: 0x000002144307a6a0
[0x00007ffc1db494a8] Threads_lock - owner thread: 0x000002144307a6a0
[0x00007ffc1db49628] Heap_lock - owner thread: 0x0000021442fcf5e0

Heap address: 0x0000000080000000, size: 2048 MB, Compressed Oops mode: 32-bit

CDS archive(s) mapped at: [0x0000000030000000-0x0000000030dd0000-0x0000000030dd0000), size 14483456, SharedBaseAddress: 0x0000000030000000, ArchiveRelocationMode: 1.
Compressed class space mapped at: 0x0000000031000000-0x0000000071000000, reserved size: 1073741824
UseCompressedClassPointers 1, UseCompactObjectHeaders 0
Narrow klass pointer bits 32, Max shift 3
Narrow klass base: 0x0000000030000000, Narrow klass shift: 0
Encoding Range: [0x0000000030000000 - 0x0000000130000000), (4294967296 bytes)
Klass Range:    [0x0000000030010000 - 0x0000000071000000), (1090453504 bytes)
Klass ID Range:  [65536 - 1090519033) (1090453497)
Protection zone: [0x0000000030000000 - 0x0000000030010000), (65536 bytes)

GC Precious Log:
 CardTable entry size: 512
 CPUs: 12 total, 12 available
 Memory: 16080M
 Large Page Support: Disabled
 NUMA Support: Disabled
 Compressed Oops: Enabled (32-bit)
 Alignments: Space 512K, Generation 512K, Heap 2M
 Heap Min Capacity: 100M
 Heap Initial Capacity: 100M
 Heap Max Capacity: 2G
 Pre-touch: Disabled
 Parallel Workers: 10

Heap:
 PSYoungGen      total 31232K, used 17622K [0x00000000d5580000, 0x00000000d8900000, 0x0000000100000000)
  eden space 30720K, 55% used [0x00000000d5580000,0x00000000d663f510,0x00000000d7380000)
  from space 512K, 92% used [0x00000000d8880000,0x00000000d88f63d8,0x00000000d8900000)
  to   space 7168K, 0% used [0x00000000d7b00000,0x00000000d7b00000,0x00000000d8200000)
 ParOldGen       total 1246720K, used 1246435K [0x0000000080000000, 0x00000000cc180000, 0x00000000d5580000)
  object space 1246720K, 99% used [0x0000000080000000,0x00000000cc138f30,0x00000000cc180000)

Card table byte_map: [0x0000021442a70000,0x0000021442e70000] _byte_map_base: 0x0000021442670000

Marking Bits: (ParMarkBitMap*) 0x00007ffc1db4e9c0
 Begin Bits: [0x000002145ab00000, 0x000002145cb00000)

Polling page: 0x0000021440cd0000

Metaspace:
Metaspace        used 96942K, committed 98944K, reserved 1179648K
 class space     used 8384K, committed 9280K, reserved 1048576K

Usage:
  Non-class:     86.48 MB used.
      Class:      8.19 MB used.
       Both:     94.67 MB used.

Virtual space:
  Non-class space:      128.00 MB reserved,      87.56 MB ( 68%) committed,  2 nodes.
      Class space:        1.00 GB reserved,       9.06 MB ( <1%) committed,  1 nodes.
             Both:        1.12 GB reserved,      96.62 MB (  8%) committed. 

Chunk freelists:
   Non-Class:  8.13 MB
       Class:  6.98 MB
        Both:  15.12 MB

MaxMetaspaceSize: unlimited
CompressedClassSpaceSize: 1.00 GB
Initial GC threshold: 21.00 MB
Current GC threshold: 157.94 MB
CDS: on
 - commit_granule_bytes: 65536.
 - commit_granule_words: 8192.
 - virtual_space_node_default_size: 8388608.
 - enlarge_chunks_in_place: 1.
UseCompressedClassPointers 1, UseCompactObjectHeaders 0
Narrow klass pointer bits 32, Max shift 3
Narrow klass base: 0x0000000030000000, Narrow klass shift: 0
Encoding Range: [0x0000000030000000 - 0x0000000130000000), (4294967296 bytes)
Klass Range:    [0x0000000030010000 - 0x0000000071000000), (1090453504 bytes)
Klass ID Range:  [65536 - 1090519033) (1090453497)
Protection zone: [0x0000000030000000 - 0x0000000030010000), (65536 bytes)


Internal statistics:

num_allocs_failed_limit: 13.
num_arena_births: 2198.
num_arena_deaths: 212.
num_vsnodes_births: 3.
num_vsnodes_deaths: 0.
num_space_committed: 1546.
num_space_uncommitted: 0.
num_chunks_returned_to_freelist: 231.
num_chunks_taken_from_freelist: 6919.
num_chunk_merges: 65.
num_chunk_splits: 4228.
num_chunks_enlarged: 2410.
num_inconsistent_stats: 0.

CodeHeap 'non-profiled nmethods': size=120064Kb used=23196Kb max_used=24162Kb free=96867Kb
 bounds [0x0000021453310000, 0x0000021454ac0000, 0x000002145a850000]
CodeHeap 'profiled nmethods': size=120000Kb used=35119Kb max_used=51291Kb free=84880Kb
 bounds [0x000002144b850000, 0x000002144ea70000, 0x0000021452d80000]
CodeHeap 'non-nmethods': size=5696Kb used=1653Kb max_used=1703Kb free=4043Kb
 bounds [0x0000021452d80000, 0x0000021452ff0000, 0x0000021453310000]
CodeCache: size=245760Kb, used=59968Kb, max_used=77156Kb, free=185790Kb
 total_blobs=23214, nmethods=22287, adapters=827, full_count=0
Compilation: enabled, stopped_count=0, restarted_count=0

Compilation events (20 events):
Event: 2264.977 Thread 0x0000021442fe0bd0 nmethod 36011 0x000002145459b888 code [0x000002145459b980, 0x000002145459ba48]
Event: 2264.977 Thread 0x0000021442fe0bd0 36012       3       java.lang.invoke.ClassSpecializer$Factory$1$1Var::isInHeap (13 bytes)
Event: 2264.977 Thread 0x0000021442fe0bd0 nmethod 36012 0x000002144c7a5888 code [0x000002144c7a5980, 0x000002144c7a5ad8]
Event: 2264.977 Thread 0x0000021442fe0bd0 36013       3       java.lang.invoke.ClassSpecializer$Factory$1$1Var::nextIndex (18 bytes)
Event: 2264.977 Thread 0x0000021442fe2400 nmethod 36001 0x0000021453ca9108 code [0x0000021453ca9200, 0x0000021453ca9c08]
Event: 2264.977 Thread 0x0000021442fe0bd0 nmethod 36013 0x000002144dc47508 code [0x000002144dc47600, 0x000002144dc47998]
Event: 2264.977 Thread 0x0000021442fe0bd0 36014       3       java.lang.invoke.ClassSpecializer$Factory$1$1Var::<init> (137 bytes)
Event: 2264.977 Thread 0x0000021442fe2400 36003       4       jdk.internal.classfile.impl.AbstractPoolEntry$Utf8EntryImpl::clone (6 bytes)
Event: 2264.978 Thread 0x0000021442fe0bd0 nmethod 36014 0x000002144c294188 code [0x000002144c294280, 0x000002144c295dc8]
Event: 2264.978 Thread 0x0000021442fe0bd0 36015       3       java.lang.invoke.ClassSpecializer$Factory$1$1Var::nextSlotIndex (24 bytes)
Event: 2264.978 Thread 0x0000021442fe2400 nmethod 36003 0x000002145459b588 code [0x000002145459b680, 0x000002145459b818]
Event: 2264.978 Thread 0x0000021442fe2400 36018       4       jdk.internal.classfile.impl.DirectCodeBuilder::aload (32 bytes)
Event: 2264.978 Thread 0x0000021442fe0bd0 nmethod 36015 0x000002144d650b08 code [0x000002144d650c00, 0x000002144d650f80]
Event: 2264.978 Thread 0x0000021442fe0bd0 36016       3       java.lang.invoke.ClassSpecializer$Factory$1$1Var::emitLoadInstruction (19 bytes)
Event: 2264.978 Thread 0x0000021442fe0bd0 nmethod 36016 0x000002144c7b8408 code [0x000002144c7b8500, 0x000002144c7b86b0]
Event: 2264.978 Thread 0x0000021442fe0bd0 36017       3       jdk.internal.classfile.impl.DirectCodeBuilder::getfield (22 bytes)
Event: 2264.978 Thread 0x0000021442fe0bd0 nmethod 36017 0x000002144c530b08 code [0x000002144c530c00, 0x000002144c5310d0]
Event: 2264.979 Thread 0x0000021442fe2400 nmethod 36018 0x000002145459b288 code [0x000002145459b380, 0x000002145459b560]
Event: 2264.979 Thread 0x0000021442fe2400 36002       4       jdk.internal.classfile.impl.StackMapGenerator::processFieldInstructions (140 bytes)
Event: 2264.979 Thread 0x000002146385d4b0 nmethod 35889 0x0000021453ca7388 code [0x0000021453ca7480, 0x0000021453ca90c0]

GC Heap Usage History (20 events):
Event: 2245.808 {heap Before GC invocations=2252 (full 7):
 PSYoungGen      total 32768K, used 32224K [0x00000000d5580000, 0x00000000d7680000, 0x0000000100000000)
  eden space 31744K, 100% used [0x00000000d5580000,0x00000000d7480000,0x00000000d7480000)
  from space 1024K, 46% used [0x00000000d7580000,0x00000000d75f8020,0x00000000d7680000)
  to   space 1024K, 0% used [0x00000000d7480000,0x00000000d7480000,0x00000000d7580000)
 ParOldGen       total 1212416K, used 1212327K [0x0000000080000000, 0x00000000ca000000, 0x00000000dEvent: 2245.809 {heap After GC invocations=2252 (full 7):
 PSYoungGen      total 32256K, used 1012K [0x00000000d5580000, 0x00000000d7700000, 0x0000000100000000)
  eden space 31232K, 0% used [0x00000000d5580000,0x00000000d5580000,0x00000000d7400000)
  from space 1024K, 98% used [0x00000000d7480000,0x00000000d757d220,0x00000000d7580000)
  to   space 1536K, 0% used [0x00000000d7580000,0x00000000d7580000,0x00000000d7700000)
 ParOldGen       total 1212928K, used 1212439K [0x0000000080000000, 0x00000000ca080000, 0x00000000d5580Event: 2246.155 {heap Before GC invocations=2253 (full 7):
 PSYoungGen      total 32256K, used 32244K [0x00000000d5580000, 0x00000000d7700000, 0x0000000100000000)
  eden space 31232K, 100% used [0x00000000d5580000,0x00000000d7400000,0x00000000d7400000)
  from space 1024K, 98% used [0x00000000d7480000,0x00000000d757d220,0x00000000d7580000)
  to   space 1536K, 0% used [0x00000000d7580000,0x00000000d7580000,0x00000000d7700000)
 ParOldGen       total 1212928K, used 1212439K [0x0000000080000000, 0x00000000ca080000, 0x00000000dEvent: 2246.160 {heap After GC invocations=2253 (full 7):
 PSYoungGen      total 20992K, used 1531K [0x00000000d5580000, 0x00000000d8d80000, 0x0000000100000000)
  eden space 19456K, 0% used [0x00000000d5580000,0x00000000d5580000,0x00000000d6880000)
  from space 1536K, 99% used [0x00000000d7580000,0x00000000d76fef88,0x00000000d7700000)
  to   space 13312K, 0% used [0x00000000d6880000,0x00000000d6880000,0x00000000d7580000)
 ParOldGen       total 1222656K, used 1222368K [0x0000000080000000, 0x00000000caa00000, 0x00000000d558Event: 2246.204 {heap Before GC invocations=2254 (full 7):
 PSYoungGen      total 20992K, used 20987K [0x00000000d5580000, 0x00000000d8d80000, 0x0000000100000000)
  eden space 19456K, 100% used [0x00000000d5580000,0x00000000d6880000,0x00000000d6880000)
  from space 1536K, 99% used [0x00000000d7580000,0x00000000d76fef88,0x00000000d7700000)
  to   space 13312K, 0% used [0x00000000d6880000,0x00000000d6880000,0x00000000d7580000)
 ParOldGen       total 1222656K, used 1222368K [0x0000000080000000, 0x00000000caa00000, 0x00000000Event: 2246.206 {heap After GC invocations=2254 (full 7):
 PSYoungGen      total 20480K, used 917K [0x00000000d5580000, 0x00000000d7680000, 0x0000000100000000)
  eden space 19456K, 0% used [0x00000000d5580000,0x00000000d5580000,0x00000000d6880000)
  from space 1024K, 89% used [0x00000000d6880000,0x00000000d69654e8,0x00000000d6980000)
  to   space 5120K, 0% used [0x00000000d7180000,0x00000000d7180000,0x00000000d7680000)
 ParOldGen       total 1222656K, used 1222520K [0x0000000080000000, 0x00000000caa00000, 0x00000000d55800Event: 2250.213 {heap Before GC invocations=2255 (full 7):
 PSYoungGen      total 20480K, used 20373K [0x00000000d5580000, 0x00000000d7680000, 0x0000000100000000)
  eden space 19456K, 100% used [0x00000000d5580000,0x00000000d6880000,0x00000000d6880000)
  from space 1024K, 89% used [0x00000000d6880000,0x00000000d69654e8,0x00000000d6980000)
  to   space 5120K, 0% used [0x00000000d7180000,0x00000000d7180000,0x00000000d7680000)
 ParOldGen       total 1222656K, used 1222520K [0x0000000080000000, 0x00000000caa00000, 0x00000000dEvent: 2250.215 {heap After GC invocations=2255 (full 7):
 PSYoungGen      total 31232K, used 1817K [0x00000000d5580000, 0x00000000d7680000, 0x0000000100000000)
  eden space 26112K, 0% used [0x00000000d5580000,0x00000000d5580000,0x00000000d6f00000)
  from space 5120K, 35% used [0x00000000d7180000,0x00000000d7346718,0x00000000d7680000)
  to   space 2560K, 0% used [0x00000000d6f00000,0x00000000d6f00000,0x00000000d7180000)
 ParOldGen       total 1223680K, used 1223243K [0x0000000080000000, 0x00000000cab00000, 0x00000000d5580Event: 2250.399 {heap Before GC invocations=2256 (full 7):
 PSYoungGen      total 31232K, used 27896K [0x00000000d5580000, 0x00000000d7680000, 0x0000000100000000)
  eden space 26112K, 99% used [0x00000000d5580000,0x00000000d6ef7b48,0x00000000d6f00000)
  from space 5120K, 35% used [0x00000000d7180000,0x00000000d7346718,0x00000000d7680000)
  to   space 2560K, 0% used [0x00000000d6f00000,0x00000000d6f00000,0x00000000d7180000)
 ParOldGen       total 1223680K, used 1223243K [0x0000000080000000, 0x00000000cab00000, 0x00000000d5Event: 2250.403 {heap After GC invocations=2256 (full 7):
 PSYoungGen      total 28160K, used 2556K [0x00000000d5580000, 0x00000000d7b80000, 0x0000000100000000)
  eden space 25600K, 0% used [0x00000000d5580000,0x00000000d5580000,0x00000000d6e80000)
  from space 2560K, 99% used [0x00000000d6f00000,0x00000000d717f1d8,0x00000000d7180000)
  to   space 6656K, 0% used [0x00000000d7500000,0x00000000d7500000,0x00000000d7b80000)
 ParOldGen       total 1226752K, used 1226583K [0x0000000080000000, 0x00000000cae00000, 0x00000000d5580Event: 2250.482 {heap Before GC invocations=2257 (full 7):
 PSYoungGen      total 28160K, used 28156K [0x00000000d5580000, 0x00000000d7b80000, 0x0000000100000000)
  eden space 25600K, 100% used [0x00000000d5580000,0x00000000d6e80000,0x00000000d6e80000)
  from space 2560K, 99% used [0x00000000d6f00000,0x00000000d717f1d8,0x00000000d7180000)
  to   space 6656K, 0% used [0x00000000d7500000,0x00000000d7500000,0x00000000d7b80000)
 ParOldGen       total 1226752K, used 1226583K [0x0000000080000000, 0x00000000cae00000, 0x00000000dEvent: 2250.485 {heap After GC invocations=2257 (full 7):
 PSYoungGen      total 30208K, used 2057K [0x00000000d5580000, 0x00000000d7780000, 0x0000000100000000)
  eden space 27648K, 0% used [0x00000000d5580000,0x00000000d5580000,0x00000000d7080000)
  from space 2560K, 80% used [0x00000000d7500000,0x00000000d7702728,0x00000000d7780000)
  to   space 3584K, 0% used [0x00000000d7080000,0x00000000d7080000,0x00000000d7400000)
 ParOldGen       total 1227264K, used 1227103K [0x0000000080000000, 0x00000000cae80000, 0x00000000d5580Event: 2250.837 {heap Before GC invocations=2258 (full 7):
 PSYoungGen      total 30208K, used 29705K [0x00000000d5580000, 0x00000000d7780000, 0x0000000100000000)
  eden space 27648K, 100% used [0x00000000d5580000,0x00000000d7080000,0x00000000d7080000)
  from space 2560K, 80% used [0x00000000d7500000,0x00000000d7702728,0x00000000d7780000)
  to   space 3584K, 0% used [0x00000000d7080000,0x00000000d7080000,0x00000000d7400000)
 ParOldGen       total 1227264K, used 1227103K [0x0000000080000000, 0x00000000cae80000, 0x00000000dEvent: 2250.840 {heap After GC invocations=2258 (full 7):
 PSYoungGen      total 31232K, used 416K [0x00000000d5580000, 0x00000000d7680000, 0x0000000100000000)
  eden space 27648K, 0% used [0x00000000d5580000,0x00000000d5580000,0x00000000d7080000)
  from space 3584K, 11% used [0x00000000d7080000,0x00000000d70e8020,0x00000000d7400000)
  to   space 1536K, 0% used [0x00000000d7500000,0x00000000d7500000,0x00000000d7680000)
 ParOldGen       total 1228800K, used 1228436K [0x0000000080000000, 0x00000000cb000000, 0x00000000d55800Event: 2263.863 {heap Before GC invocations=2259 (full 7):
 PSYoungGen      total 31232K, used 27636K [0x00000000d5580000, 0x00000000d7680000, 0x0000000100000000)
  eden space 27648K, 98% used [0x00000000d5580000,0x00000000d7015140,0x00000000d7080000)
  from space 3584K, 11% used [0x00000000d7080000,0x00000000d70e8020,0x00000000d7400000)
  to   space 1536K, 0% used [0x00000000d7500000,0x00000000d7500000,0x00000000d7680000)
 ParOldGen       total 1228800K, used 1228436K [0x0000000080000000, 0x00000000cb000000, 0x00000000d5Event: 2263.867 {heap After GC invocations=2259 (full 7):
 PSYoungGen      total 33280K, used 224K [0x00000000d5580000, 0x00000000d7680000, 0x0000000100000000)
  eden space 31744K, 0% used [0x00000000d5580000,0x00000000d5580000,0x00000000d7480000)
  from space 1536K, 14% used [0x00000000d7500000,0x00000000d7538000,0x00000000d7680000)
  to   space 512K, 0% used [0x00000000d7480000,0x00000000d7480000,0x00000000d7500000)
 ParOldGen       total 1228800K, used 1228540K [0x0000000080000000, 0x00000000cb000000, 0x00000000d558000Event: 2264.122 {heap Before GC invocations=2260 (full 7):
 PSYoungGen      total 33280K, used 31391K [0x00000000d5580000, 0x00000000d7680000, 0x0000000100000000)
  eden space 31744K, 98% used [0x00000000d5580000,0x00000000d73efc88,0x00000000d7480000)
  from space 1536K, 14% used [0x00000000d7500000,0x00000000d7538000,0x00000000d7680000)
  to   space 512K, 0% used [0x00000000d7480000,0x00000000d7480000,0x00000000d7500000)
 ParOldGen       total 1228800K, used 1228540K [0x0000000080000000, 0x00000000cb000000, 0x00000000d55Event: 2264.132 {heap After GC invocations=2260 (full 7):
 PSYoungGen      total 31744K, used 493K [0x00000000d5580000, 0x00000000d9d00000, 0x0000000100000000)
  eden space 31232K, 0% used [0x00000000d5580000,0x00000000d5580000,0x00000000d7400000)
  from space 512K, 96% used [0x00000000d7480000,0x00000000d74fb4e8,0x00000000d7500000)
  to   space 20992K, 0% used [0x00000000d8880000,0x00000000d8880000,0x00000000d9d00000)
 ParOldGen       total 1246208K, used 1245999K [0x0000000080000000, 0x00000000cc100000, 0x00000000d55800Event: 2264.948 {heap Before GC invocations=2261 (full 7):
 PSYoungGen      total 31744K, used 31725K [0x00000000d5580000, 0x00000000d9d00000, 0x0000000100000000)
  eden space 31232K, 100% used [0x00000000d5580000,0x00000000d7400000,0x00000000d7400000)
  from space 512K, 96% used [0x00000000d7480000,0x00000000d74fb4e8,0x00000000d7500000)
  to   space 20992K, 0% used [0x00000000d8880000,0x00000000d8880000,0x00000000d9d00000)
 ParOldGen       total 1246208K, used 1245999K [0x0000000080000000, 0x00000000cc100000, 0x00000000dEvent: 2264.950 {heap After GC invocations=2261 (full 7):
 PSYoungGen      total 31232K, used 472K [0x00000000d5580000, 0x00000000d8900000, 0x0000000100000000)
  eden space 30720K, 0% used [0x00000000d5580000,0x00000000d5580000,0x00000000d7380000)
  from space 512K, 92% used [0x00000000d8880000,0x00000000d88f63d8,0x00000000d8900000)
  to   space 7168K, 0% used [0x00000000d7b00000,0x00000000d7b00000,0x00000000d8200000)
 ParOldGen       total 1246720K, used 1246435K [0x0000000080000000, 0x00000000cc180000, 0x00000000d558000
Metaspace Usage History (20 events):
Event: 2245.808 {metaspace Before GC invocations=2252 (full 7):
 Metaspace       used 95556K, committed 97216K, reserved 1179648K
  class space    used 8140K, committed 8960K, reserved 1048576K
}
Event: 2245.809 {metaspace After GC invocations=2252 (full 7):
 Metaspace       used 95556K, committed 97216K, reserved 1179648K
  class space    used 8140K, committed 8960K, reserved 1048576K
}
Event: 2246.155 {metaspace Before GC invocations=2253 (full 7):
 Metaspace       used 95556K, committed 97216K, reserved 1179648K
  class space    used 8140K, committed 8960K, reserved 1048576K
}
Event: 2246.160 {metaspace After GC invocations=2253 (full 7):
 Metaspace       used 95556K, committed 97216K, reserved 1179648K
  class space    used 8140K, committed 8960K, reserved 1048576K
}
Event: 2246.204 {metaspace Before GC invocations=2254 (full 7):
 Metaspace       used 95556K, committed 97216K, reserved 1179648K
  class space    used 8140K, committed 8960K, reserved 1048576K
}
Event: 2246.206 {metaspace After GC invocations=2254 (full 7):
 Metaspace       used 95556K, committed 97216K, reserved 1179648K
  class space    used 8140K, committed 8960K, reserved 1048576K
}
Event: 2250.213 {metaspace Before GC invocations=2255 (full 7):
 Metaspace       used 95556K, committed 97216K, reserved 1179648K
  class space    used 8140K, committed 8960K, reserved 1048576K
}
Event: 2250.215 {metaspace After GC invocations=2255 (full 7):
 Metaspace       used 95556K, committed 97216K, reserved 1179648K
  class space    used 8140K, committed 8960K, reserved 1048576K
}
Event: 2250.399 {metaspace Before GC invocations=2256 (full 7):
 Metaspace       used 95557K, committed 97216K, reserved 1179648K
  class space    used 8140K, committed 8960K, reserved 1048576K
}
Event: 2250.403 {metaspace After GC invocations=2256 (full 7):
 Metaspace       used 95557K, committed 97216K, reserved 1179648K
  class space    used 8140K, committed 8960K, reserved 1048576K
}
Event: 2250.482 {metaspace Before GC invocations=2257 (full 7):
 Metaspace       used 95557K, committed 97216K, reserved 1179648K
  class space    used 8140K, committed 8960K, reserved 1048576K
}
Event: 2250.485 {metaspace After GC invocations=2257 (full 7):
 Metaspace       used 95557K, committed 97216K, reserved 1179648K
  class space    used 8140K, committed 8960K, reserved 1048576K
}
Event: 2250.837 {metaspace Before GC invocations=2258 (full 7):
 Metaspace       used 95557K, committed 97216K, reserved 1179648K
  class space    used 8140K, committed 8960K, reserved 1048576K
}
Event: 2250.840 {metaspace After GC invocations=2258 (full 7):
 Metaspace       used 95557K, committed 97216K, reserved 1179648K
  class space    used 8140K, committed 8960K, reserved 1048576K
}
Event: 2263.863 {metaspace Before GC invocations=2259 (full 7):
 Metaspace       used 95576K, committed 97216K, reserved 1179648K
  class space    used 8144K, committed 8960K, reserved 1048576K
}
Event: 2263.867 {metaspace After GC invocations=2259 (full 7):
 Metaspace       used 95576K, committed 97216K, reserved 1179648K
  class space    used 8144K, committed 8960K, reserved 1048576K
}
Event: 2264.122 {metaspace Before GC invocations=2260 (full 7):
 Metaspace       used 95752K, committed 97408K, reserved 1179648K
  class space    used 8167K, committed 8960K, reserved 1048576K
}
Event: 2264.132 {metaspace After GC invocations=2260 (full 7):
 Metaspace       used 95752K, committed 97408K, reserved 1179648K
  class space    used 8167K, committed 8960K, reserved 1048576K
}
Event: 2264.948 {metaspace Before GC invocations=2261 (full 7):
 Metaspace       used 96385K, committed 98176K, reserved 1179648K
  class space    used 8281K, committed 9088K, reserved 1048576K
}
Event: 2264.950 {metaspace After GC invocations=2261 (full 7):
 Metaspace       used 96385K, committed 98176K, reserved 1179648K
  class space    used 8281K, committed 9088K, reserved 1048576K
}

Dll operation events (14 events):
Event: 0.033 Loaded shared library C:\Program Files\Java\jdk-25\bin\java.dll
Event: 0.074 Loaded shared library C:\Program Files\Java\jdk-25\bin\zip.dll
Event: 0.167 Loaded shared library C:\Program Files\Java\jdk-25\bin\instrument.dll
Event: 0.171 Loaded shared library C:\Program Files\Java\jdk-25\bin\net.dll
Event: 0.174 Loaded shared library C:\Program Files\Java\jdk-25\bin\nio.dll
Event: 0.177 Loaded shared library C:\Program Files\Java\jdk-25\bin\zip.dll
Event: 0.197 Loaded shared library C:\Program Files\Java\jdk-25\bin\jimage.dll
Event: 0.304 Loaded shared library C:\Program Files\Java\jdk-25\bin\verify.dll
Event: 1.821 Loaded shared library C:\Users\wakam\AppData\Roaming\Code\User\globalStorage\redhat.java\1.54.2026041108\config_win\org.eclipse.equinox.launcher\org.eclipse.equinox.launcher.win32.win32.x86_64_1.3.0.v20260203-2149\eclipse_11919.dll
Event: 4.070 Loaded shared library C:\Program Files\Java\jdk-25\bin\management.dll
Event: 4.076 Loaded shared library C:\Program Files\Java\jdk-25\bin\management_ext.dll
Event: 5.296 Loaded shared library C:\Users\wakam\AppData\Local\Temp\jna-112894669\jna436702330905216548.dll
Event: 5.832 Loaded shared library C:\Program Files\Java\jdk-25\bin\sunmscapi.dll
Event: 6.092 Loaded shared library C:\Program Files\Java\jdk-25\bin\extnet.dll

Deoptimization events (20 events):
Event: 2264.936 Thread 0x0000021442fcf5e0 Uncommon trap: trap_request=0xffffffd6 fr.pc=0x000002145477a6b8 relative=0x00000000000001b8
Event: 2264.936 Thread 0x0000021442fcf5e0 Uncommon trap: reason=array_check action=maybe_recompile pc=0x000002145477a6b8 method=java.util.Arrays.fill([Ljava/lang/Object;IILjava/lang/Object;)V @ 20 c2
Event: 2264.936 Thread 0x0000021442fcf5e0 DEOPT PACKING pc=0x000002145477a6b8 sp=0x000000f1fb8fd820
Event: 2264.936 Thread 0x0000021442fcf5e0 DEOPT UNPACKING pc=0x0000021452e95702 sp=0x000000f1fb8fd7a8 mode 2
Event: 2264.943 Thread 0x0000021442fcf5e0 Uncommon trap: trap_request=0xffffff45 fr.pc=0x0000021454331ee8 relative=0x00000000000011e8
Event: 2264.943 Thread 0x0000021442fcf5e0 Uncommon trap: reason=unstable_if action=reinterpret pc=0x0000021454331ee8 method=jdk.internal.classfile.impl.StackMapGenerator$Frame.pushStack(Ljava/lang/constant/ClassDesc;)Ljdk/internal/classfile/impl/StackMapGenerator$Frame; @ 61 c2
Event: 2264.943 Thread 0x0000021442fcf5e0 DEOPT PACKING pc=0x0000021454331ee8 sp=0x000000f1fb8fdb10
Event: 2264.943 Thread 0x0000021442fcf5e0 DEOPT UNPACKING pc=0x0000021452e95702 sp=0x000000f1fb8fda38 mode 2
Event: 2264.943 Thread 0x0000021442fcf5e0 Uncommon trap: trap_request=0xffffff45 fr.pc=0x000002145338def8 relative=0x00000000000003f8
Event: 2264.943 Thread 0x0000021442fcf5e0 Uncommon trap: reason=unstable_if action=reinterpret pc=0x000002145338def8 method=jdk.internal.classfile.impl.StackMapGenerator$Frame.pushStack(Ljava/lang/constant/ClassDesc;)Ljdk/internal/classfile/impl/StackMapGenerator$Frame; @ 61 c2
Event: 2264.943 Thread 0x0000021442fcf5e0 DEOPT PACKING pc=0x000002145338def8 sp=0x000000f1fb8fda80
Event: 2264.943 Thread 0x0000021442fcf5e0 DEOPT UNPACKING pc=0x0000021452e95702 sp=0x000000f1fb8fda30 mode 2
Event: 2264.944 Thread 0x0000021442fcf5e0 Uncommon trap: trap_request=0xfffffff4 fr.pc=0x0000021453b42ff0 relative=0x00000000000011f0
Event: 2264.944 Thread 0x0000021442fcf5e0 Uncommon trap: reason=null_check action=make_not_entrant pc=0x0000021453b42ff0 method=java.lang.invoke.MethodTypeForm.cachedLambdaForm(I)Ljava/lang/invoke/LambdaForm; @ 15 c2
Event: 2264.944 Thread 0x0000021442fcf5e0 DEOPT PACKING pc=0x0000021453b42ff0 sp=0x000000f1fb8fe550
Event: 2264.944 Thread 0x0000021442fcf5e0 DEOPT UNPACKING pc=0x0000021452e95702 sp=0x000000f1fb8fe470 mode 2
Event: 2264.968 Thread 0x0000021442fcf5e0 Uncommon trap: trap_request=0xffffff45 fr.pc=0x00000214542af868 relative=0x0000000000000568
Event: 2264.968 Thread 0x0000021442fcf5e0 Uncommon trap: reason=unstable_if action=reinterpret pc=0x00000214542af868 method=java.lang.invoke.MethodType.insertParameterTypes(I[Ljava/lang/Class;)Ljava/lang/invoke/MethodType; @ 48 c2
Event: 2264.968 Thread 0x0000021442fcf5e0 DEOPT PACKING pc=0x00000214542af868 sp=0x000000f1fb8fe450
Event: 2264.968 Thread 0x0000021442fcf5e0 DEOPT UNPACKING pc=0x0000021452e95702 sp=0x000000f1fb8fe408 mode 2

Classes loaded (20 events):
Event: 2206.627 Loading class jdk/internal/icu/impl/Norm2AllModes$NFCSingleton
Event: 2206.627 Loading class jdk/internal/icu/impl/Norm2AllModes$NFCSingleton done
Event: 2263.905 Loading class java/util/concurrent/ConcurrentHashMap$EntrySpliterator
Event: 2263.905 Loading class java/util/concurrent/ConcurrentHashMap$EntrySpliterator done
Event: 2263.917 Loading class java/util/zip/Deflater
Event: 2263.917 Loading class java/util/zip/Deflater done
Event: 2263.918 Loading class java/util/zip/Deflater$DeflaterZStreamRef
Event: 2263.918 Loading class java/util/zip/Deflater$DeflaterZStreamRef done
Event: 2263.938 Loading class java/util/Collections$EmptyListIterator
Event: 2263.938 Loading class java/util/Collections$EmptyListIterator done
Event: 2264.749 Loading class javax/security/auth/login/Configuration
Event: 2264.749 Loading class javax/security/auth/login/Configuration done
Event: 2264.921 Loading class java/lang/invoke/GenerateJLIClassesHelper
Event: 2264.922 Loading class java/lang/invoke/GenerateJLIClassesHelper done
Event: 2264.922 Loading class java/lang/invoke/GenerateJLIClassesHelper$HolderClassBuilder
Event: 2264.922 Loading class java/lang/invoke/GenerateJLIClassesHelper$HolderClassBuilder done
Event: 2264.952 Loading class java/lang/invoke/BoundMethodHandle$Species_J
Event: 2264.952 Loading class java/lang/invoke/BoundMethodHandle$Species_J done
Event: 2264.975 Loading class java/lang/invoke/BoundMethodHandle$Species_F
Event: 2264.975 Loading class java/lang/invoke/BoundMethodHandle$Species_F done

Classes unloaded (20 events):
Event: 1879.468 Thread 0x000002144307a6a0 Unloading class 0x0000000031095000 'java/lang/invoke/LambdaForm$MH+0x0000000031095000'
Event: 1879.468 Thread 0x000002144307a6a0 Unloading class 0x0000000031094c00 'java/lang/invoke/LambdaForm$MH+0x0000000031094c00'
Event: 1879.468 Thread 0x000002144307a6a0 Unloading class 0x000000003104b800 'java/lang/invoke/LambdaForm$MH+0x000000003104b800'
Event: 1879.468 Thread 0x000002144307a6a0 Unloading class 0x000000003104b400 'java/lang/invoke/LambdaForm$MH+0x000000003104b400'
Event: 1879.468 Thread 0x000002144307a6a0 Unloading class 0x000000003104b000 'java/lang/invoke/LambdaForm$MH+0x000000003104b000'
Event: 1879.468 Thread 0x000002144307a6a0 Unloading class 0x000000003104ac00 'java/lang/invoke/LambdaForm$MH+0x000000003104ac00'
Event: 1879.468 Thread 0x000002144307a6a0 Unloading class 0x000000003104a800 'java/lang/invoke/LambdaForm$BMH+0x000000003104a800'
Event: 1879.468 Thread 0x000002144307a6a0 Unloading class 0x000000003104a000 'java/lang/invoke/LambdaForm$DMH+0x000000003104a000'
Event: 1879.468 Thread 0x000002144307a6a0 Unloading class 0x0000000031047800 'java/lang/invoke/LambdaForm$MH+0x0000000031047800'
Event: 1879.468 Thread 0x000002144307a6a0 Unloading class 0x0000000031047400 'java/lang/invoke/LambdaForm$MH+0x0000000031047400'
Event: 1879.468 Thread 0x000002144307a6a0 Unloading class 0x0000000031047000 'java/lang/invoke/LambdaForm$MH+0x0000000031047000'
Event: 1879.468 Thread 0x000002144307a6a0 Unloading class 0x0000000031045c00 'java/lang/invoke/LambdaForm$MH+0x0000000031045c00'
Event: 1879.468 Thread 0x000002144307a6a0 Unloading class 0x0000000031045800 'java/lang/invoke/LambdaForm$MH+0x0000000031045800'
Event: 1879.468 Thread 0x000002144307a6a0 Unloading class 0x0000000031045400 'java/lang/invoke/LambdaForm$MH+0x0000000031045400'
Event: 1879.468 Thread 0x000002144307a6a0 Unloading class 0x0000000031045000 'java/lang/invoke/LambdaForm$MH+0x0000000031045000'
Event: 1879.468 Thread 0x000002144307a6a0 Unloading class 0x0000000031044c00 'java/lang/invoke/LambdaForm$BMH+0x0000000031044c00'
Event: 1879.468 Thread 0x000002144307a6a0 Unloading class 0x0000000031043400 'java/lang/invoke/LambdaForm$DMH+0x0000000031043400'
Event: 1879.468 Thread 0x000002144307a6a0 Unloading class 0x0000000031041c00 'java/lang/invoke/LambdaForm$MH+0x0000000031041c00'
Event: 1879.468 Thread 0x000002144307a6a0 Unloading class 0x0000000031041800 'java/lang/invoke/LambdaForm$MH+0x0000000031041800'
Event: 1879.468 Thread 0x000002144307a6a0 Unloading class 0x0000000031041000 'java/lang/invoke/LambdaForm$MH+0x0000000031041000'

Classes redefined (0 events):
No events

Internal exceptions (20 events):
Event: 2264.972 Thread 0x0000021442fcf5e0 Exception <a 'java/lang/NoSuchMethodError'{0x00000000d61b3060}: 'void java.lang.invoke.Invokers$Holder.invoke_MT(java.lang.Object, java.lang.Object, int, java.lang.Object)'> (0x00000000d61b3060) 
thrown [s\open\src\hotspot\share\interpreter\linkResolver.cpp, line 804]
Event: 2264.972 Thread 0x0000021442fcf5e0 Exception <a 'java/lang/NoSuchMethodError'{0x00000000d61bfb90}: 'int java.lang.invoke.Invokers$Holder.invoke_MT(java.lang.Object, java.lang.Object)'> (0x00000000d61bfb90) 
thrown [s\open\src\hotspot\share\interpreter\linkResolver.cpp, line 804]
Event: 2264.972 Thread 0x0000021442fcf5e0 Exception <a 'java/lang/NoSuchMethodError'{0x00000000d61c8050}: 'long java.lang.invoke.Invokers$Holder.invoke_MT(java.lang.Object, java.lang.Object)'> (0x00000000d61c8050) 
thrown [s\open\src\hotspot\share\interpreter\linkResolver.cpp, line 804]
Event: 2264.972 Thread 0x0000021442fcf5e0 Exception <a 'java/lang/NoSuchMethodError'{0x00000000d61d4a48}: 'java.lang.Object java.lang.invoke.Invokers$Holder.linkToCallSite(int, int, int, java.lang.Object)'> (0x00000000d61d4a48) 
thrown [s\open\src\hotspot\share\interpreter\linkResolver.cpp, line 804]
Event: 2264.972 Thread 0x0000021442fcf5e0 Exception <a 'java/lang/NoSuchMethodError'{0x00000000d61dd170}: 'java.lang.Object java.lang.invoke.Invokers$Holder.linkToCallSite(int, long, java.lang.Object)'> (0x00000000d61dd170) 
thrown [s\open\src\hotspot\share\interpreter\linkResolver.cpp, line 804]
Event: 2264.972 Thread 0x0000021442fcf5e0 Exception <a 'java/lang/NoSuchMethodError'{0x00000000d61e5568}: 'java.lang.Object java.lang.invoke.Invokers$Holder.linkToCallSite(int, java.lang.Object, java.lang.Object, java.lang.Object)'> (0x00000000d61e5568) 
thrown [s\open\src\hotspot\share\interpreter\linkResolver.cpp, line 804]
Event: 2264.973 Thread 0x0000021442fcf5e0 Exception <a 'java/lang/NoSuchMethodError'{0x00000000d61f1f48}: 'java.lang.Object java.lang.invoke.Invokers$Holder.linkToCallSite(java.lang.Object, java.lang.Object, java.lang.Object, int, java.lang.Object, java.lang.Object, java.lang.Object)'> (0x00000000d61f1f48) 
thrown [s\open\src\hotspot\share\interpreter\linkResolver.cpp, line 804]
Event: 2264.973 Thread 0x0000021442fcf5e0 Exception <a 'java/lang/NoSuchMethodError'{0x00000000d61fa4c8}: 'java.lang.Object java.lang.invoke.Invokers$Holder.linkToCallSite(java.lang.Object, java.lang.Object, java.lang.Object, int, java.lang.Object, java.lang.Object)'> (0x00000000d61fa4c8) 
thrown [s\open\src\hotspot\share\interpreter\linkResolver.cpp, line 804]
Event: 2264.973 Thread 0x0000021442fcf5e0 Exception <a 'java/lang/NoSuchMethodError'{0x00000000d6206270}: 'java.lang.Object java.lang.invoke.Invokers$Holder.linkToCallSite(java.lang.Object, java.lang.Object, java.lang.Object, java.lang.Object, java.lang.Object, java.lang.Object, java.lang.Object, java.lang.Object, java.lang.Object, int, java.lang.Object, java.lang.Object, java.lang.Object, java.lang.Object)'> (0x00000000d6206270) 
thrown [s\open\src\hotspot\share\interpreter\linkResolver.cpp, line 804]
Event: 2264.973 Thread 0x0000021442fcf5e0 Exception <a 'java/lang/NoSuchMethodError'{0x00000000d6211de0}: 'java.lang.Object java.lang.invoke.Invokers$Holder.linkToCallSite(java.lang.Object, int, int, java.lang.Object, java.lang.Object)'> (0x00000000d6211de0) 
thrown [s\open\src\hotspot\share\interpreter\linkResolver.cpp, line 804]
Event: 2264.973 Thread 0x0000021442fcf5e0 Exception <a 'java/lang/NoSuchMethodError'{0x00000000d621a118}: 'java.lang.Object java.lang.invoke.Invokers$Holder.linkToCallSite(java.lang.Object, int, java.lang.Object, java.lang.Object, java.lang.Object)'> (0x00000000d621a118) 
thrown [s\open\src\hotspot\share\interpreter\linkResolver.cpp, line 804]
Event: 2264.974 Thread 0x0000021442fcf5e0 Exception <a 'java/lang/NoSuchMethodError'{0x00000000d62225a0}: 'java.lang.Object java.lang.invoke.Invokers$Holder.linkToCallSite(java.lang.Object, int, java.lang.Object, java.lang.Object, java.lang.Object, java.lang.Object, java.lang.Object)'> (0x00000000d62225a0) 
thrown [s\open\src\hotspot\share\interpreter\linkResolver.cpp, line 804]
Event: 2264.974 Thread 0x0000021442fcf5e0 Exception <a 'java/lang/NoSuchMethodError'{0x00000000d622ab10}: 'java.lang.Object java.lang.invoke.Invokers$Holder.linkToCallSite(java.lang.Object, int, java.lang.Object, int, java.lang.Object, java.lang.Object)'> (0x00000000d622ab10) 
thrown [s\open\src\hotspot\share\interpreter\linkResolver.cpp, line 804]
Event: 2264.974 Thread 0x0000021442fcf5e0 Exception <a 'java/lang/NoSuchMethodError'{0x00000000d6232e98}: 'java.lang.Object java.lang.invoke.Invokers$Holder.linkToCallSite(java.lang.Object, int, java.lang.Object, java.lang.Object)'> (0x00000000d6232e98) 
thrown [s\open\src\hotspot\share\interpreter\linkResolver.cpp, line 804]
Event: 2264.974 Thread 0x0000021442fcf5e0 Exception <a 'java/lang/NoSuchMethodError'{0x00000000d623c130}: 'java.lang.Object java.lang.invoke.Invokers$Holder.linkToCallSite(java.lang.Object, long, java.lang.Object, java.lang.Object)'> (0x00000000d623c130) 
thrown [s\open\src\hotspot\share\interpreter\linkResolver.cpp, line 804]
Event: 2264.974 Thread 0x0000021442fcf5e0 Exception <a 'java/lang/NoSuchMethodError'{0x00000000d62443f8}: 'java.lang.Object java.lang.invoke.Invokers$Holder.linkToCallSite(java.lang.Object, long, java.lang.Object)'> (0x00000000d62443f8) 
thrown [s\open\src\hotspot\share\interpreter\linkResolver.cpp, line 804]
Event: 2264.974 Thread 0x0000021442fcf5e0 Exception <a 'java/lang/NoSuchMethodError'{0x00000000d624c678}: 'java.lang.Object java.lang.invoke.Invokers$Holder.linkToCallSite(java.lang.Object, java.lang.Object, int, java.lang.Object, java.lang.Object)'> (0x00000000d624c678) 
thrown [s\open\src\hotspot\share\interpreter\linkResolver.cpp, line 804]
Event: 2264.974 Thread 0x0000021442fcf5e0 Exception <a 'java/lang/NoSuchMethodError'{0x00000000d62549e0}: 'java.lang.Object java.lang.invoke.Invokers$Holder.linkToCallSite(java.lang.Object, java.lang.Object, int, java.lang.Object)'> (0x00000000d62549e0) 
thrown [s\open\src\hotspot\share\interpreter\linkResolver.cpp, line 804]
Event: 2264.974 Thread 0x0000021442fcf5e0 Exception <a 'java/lang/NoSuchMethodError'{0x00000000d625ccb8}: 'java.lang.Object java.lang.invoke.Invokers$Holder.linkToCallSite(java.lang.Object, java.lang.Object, long, java.lang.Object)'> (0x00000000d625ccb8) 
thrown [s\open\src\hotspot\share\interpreter\linkResolver.cpp, line 804]
Event: 2264.976 Thread 0x0000021442fcf5e0 Exception <a 'java/lang/NoSuchMethodError'{0x00000000d652a798}: 'java.lang.Object java.lang.invoke.DirectMethodHandle$Holder.invokeStatic(java.lang.Object, java.lang.Object, java.lang.Object, float)'> (0x00000000d652a798) 
thrown [s\open\src\hotspot\share\interpreter\linkResolver.cpp, line 804]

VM Operations (20 events):
Event: 2263.867 Executing safepoint VM operation: ParallelCollectForAllocation (Allocation Failure) done
Event: 2264.010 Executing non-safepoint VM operation: HandshakeAllThreads (Deoptimize)
Event: 2264.010 Executing non-safepoint VM operation: HandshakeAllThreads (Deoptimize) done
Event: 2264.122 Executing safepoint VM operation: ParallelCollectForAllocation (Allocation Failure)
Event: 2264.132 Executing safepoint VM operation: ParallelCollectForAllocation (Allocation Failure) done
Event: 2264.844 Executing non-safepoint VM operation: HandshakeAllThreads (Deoptimize)
Event: 2264.844 Executing non-safepoint VM operation: HandshakeAllThreads (Deoptimize) done
Event: 2264.888 Executing non-safepoint VM operation: HandshakeAllThreads (Deoptimize)
Event: 2264.888 Executing non-safepoint VM operation: HandshakeAllThreads (Deoptimize) done
Event: 2264.891 Executing non-safepoint VM operation: HandshakeAllThreads (Deoptimize)
Event: 2264.892 Executing non-safepoint VM operation: HandshakeAllThreads (Deoptimize) done
Event: 2264.894 Executing non-safepoint VM operation: HandshakeAllThreads (Deoptimize)
Event: 2264.894 Executing non-safepoint VM operation: HandshakeAllThreads (Deoptimize) done
Event: 2264.896 Executing non-safepoint VM operation: HandshakeAllThreads (Deoptimize)
Event: 2264.896 Executing non-safepoint VM operation: HandshakeAllThreads (Deoptimize) done
Event: 2264.907 Executing non-safepoint VM operation: HandshakeAllThreads (Deoptimize)
Event: 2264.907 Executing non-safepoint VM operation: HandshakeAllThreads (Deoptimize) done
Event: 2264.948 Executing safepoint VM operation: ParallelCollectForAllocation (Allocation Failure)
Event: 2264.950 Executing safepoint VM operation: ParallelCollectForAllocation (Allocation Failure) done
Event: 2264.981 Executing safepoint VM operation: PopulateDumpSharedSpace

Memory protections (0 events):
No events

Nmethod flushes (20 events):
Event: 1879.517 Thread 0x000002144307a6a0 flushing  nmethod 0x000002144e9fe588
Event: 1879.517 Thread 0x000002144307a6a0 flushing  nmethod 0x000002144e9fe888
Event: 1879.517 Thread 0x000002144307a6a0 flushing  nmethod 0x000002144e9fef08
Event: 1879.517 Thread 0x000002144307a6a0 flushing  nmethod 0x000002144ea02d08
Event: 1879.517 Thread 0x000002144307a6a0 flushing  nmethod 0x000002144ea03908
Event: 1879.517 Thread 0x000002144307a6a0 flushing  nmethod 0x000002144ea07308
Event: 1879.517 Thread 0x000002144307a6a0 flushing  nmethod 0x000002144ea08708
Event: 1879.517 Thread 0x000002144307a6a0 flushing  nmethod 0x000002144ea09f08
Event: 1879.517 Thread 0x000002144307a6a0 flushing  nmethod 0x000002144ea0b408
Event: 1879.517 Thread 0x000002144307a6a0 flushing  nmethod 0x000002144ea11388
Event: 1879.517 Thread 0x000002144307a6a0 flushing  nmethod 0x000002144ea22288
Event: 1879.517 Thread 0x000002144307a6a0 flushing  nmethod 0x000002144ea37f08
Event: 1879.517 Thread 0x000002144307a6a0 flushing  nmethod 0x000002144ea42b88
Event: 1879.517 Thread 0x000002144307a6a0 flushing  nmethod 0x000002144ea44608
Event: 1879.517 Thread 0x000002144307a6a0 flushing  nmethod 0x000002144ea47a08
Event: 1879.517 Thread 0x000002144307a6a0 flushing  nmethod 0x000002144ea50088
Event: 1879.517 Thread 0x000002144307a6a0 flushing  nmethod 0x000002144ea52f08
Event: 1879.517 Thread 0x000002144307a6a0 flushing  nmethod 0x000002144ea59988
Event: 1879.517 Thread 0x000002144307a6a0 flushing  nmethod 0x000002144ea5bf88
Event: 1879.517 Thread 0x000002144307a6a0 flushing  nmethod 0x000002144ea5dd88

Events (20 events):
Event: 2263.993 Thread 0x0000021442fe0bd0 Thread added: 0x0000021463904c10
Event: 2264.734 Thread 0x000002146453cf70 Thread exited: 0x000002146453cf70
Event: 2264.735 Thread 0x0000021463904c10 Thread exited: 0x0000021463904c10
Event: 2264.735 Thread 0x0000021469193250 Thread exited: 0x0000021469193250
Event: 2264.750 Thread 0x0000021442fe2400 Thread added: 0x00000214636f88e0
Event: 2264.873 Thread 0x0000021464826e40 Thread exited: 0x0000021464826e40
Event: 2264.873 Thread 0x00000214637af3a0 Thread exited: 0x00000214637af3a0
Event: 2264.873 Thread 0x00000214652dc3a0 Thread exited: 0x00000214652dc3a0
Event: 2264.873 Thread 0x0000021468957030 Thread exited: 0x0000021468957030
Event: 2264.874 Thread 0x0000021464184810 Thread exited: 0x0000021464184810
Event: 2264.877 Thread 0x0000021463aa3960 Thread exited: 0x0000021463aa3960
Event: 2264.877 Thread 0x0000021463a9eb40 Thread exited: 0x0000021463a9eb40
Event: 2264.877 Thread 0x0000021463a9dba0 Thread exited: 0x0000021463a9dba0
Event: 2264.877 Thread 0x0000021463aa29c0 Thread exited: 0x0000021463aa29c0
Event: 2264.877 Thread 0x0000021463aa1a20 Thread exited: 0x0000021463aa1a20
Event: 2264.879 Thread 0x0000021471c7b100 Thread exited: 0x0000021471c7b100
Event: 2264.879 Thread 0x0000021442fcf5e0 Thread added: 0x0000021471c7b100
Event: 2264.879 Thread 0x0000021471c7b100 Thread exited: 0x0000021471c7b100
Event: 2264.879 Thread 0x0000021442fcf5e0 Before exit entered
Event: 2264.943 Thread 0x00000214636f88e0 Thread added: 0x000002146385d4b0


Dynamic libraries:
0x00007ff7bbdf0000 - 0x00007ff7bbe00000 	C:\Program Files\Java\jdk-25\bin\java.exe
0x00007ffc8ec80000 - 0x00007ffc8eee7000 	C:\Windows\SYSTEM32\ntdll.dll
0x00007ffc8d740000 - 0x00007ffc8d809000 	C:\Windows\System32\KERNEL32.DLL
0x00007ffc8c170000 - 0x00007ffc8c561000 	C:\Windows\System32\KERNELBASE.dll
0x00007ffc8b560000 - 0x00007ffc8b6ab000 	C:\Windows\System32\ucrtbase.dll
0x00007ffc82000000 - 0x00007ffc82017000 	C:\Program Files\Java\jdk-25\bin\jli.dll
0x00007ffc8d570000 - 0x00007ffc8d735000 	C:\Windows\System32\USER32.dll
0x00007ffc8bf20000 - 0x00007ffc8bf47000 	C:\Windows\System32\win32u.dll
0x00007ffc8dac0000 - 0x00007ffc8daeb000 	C:\Windows\System32\GDI32.dll
0x00007ffc8c840000 - 0x00007ffc8c96b000 	C:\Windows\System32\gdi32full.dll
0x00007ffc8c970000 - 0x00007ffc8ca13000 	C:\Windows\System32\msvcp_win.dll
0x00007ffc86d50000 - 0x00007ffc86d6e000 	C:\Program Files\Java\jdk-25\bin\VCRUNTIME140.dll
0x00007ffc6b260000 - 0x00007ffc6b4f3000 	C:\Windows\WinSxS\amd64_microsoft.windows.common-controls_6595b64144ccf1df_6.0.26100.8037_none_3e092faae333b53b\COMCTL32.dll
0x00007ffc8d3b0000 - 0x00007ffc8d459000 	C:\Windows\System32\msvcrt.dll
0x00007ffc8d460000 - 0x00007ffc8d491000 	C:\Windows\System32\IMM32.DLL
0x00007ffc7f430000 - 0x00007ffc7f43c000 	C:\Program Files\Java\jdk-25\bin\vcruntime140_1.dll
0x00007ffc786d0000 - 0x00007ffc7875d000 	C:\Program Files\Java\jdk-25\bin\msvcp140.dll
0x00007ffc1cdd0000 - 0x00007ffc1dc2f000 	C:\Program Files\Java\jdk-25\bin\server\jvm.dll
0x00007ffc8dd40000 - 0x00007ffc8ddfb000 	C:\Windows\System32\ADVAPI32.dll
0x00007ffc8caa0000 - 0x00007ffc8cb47000 	C:\Windows\System32\sechost.dll
0x00007ffc8cf10000 - 0x00007ffc8d028000 	C:\Windows\System32\RPCRT4.dll
0x00007ffc8dcc0000 - 0x00007ffc8dd34000 	C:\Windows\System32\WS2_32.dll
0x00007ffc8b3e0000 - 0x00007ffc8b43e000 	C:\Windows\SYSTEM32\POWRPROF.dll
0x00007ffc7fb60000 - 0x00007ffc7fb95000 	C:\Windows\SYSTEM32\WINMM.dll
0x00007ffc84fa0000 - 0x00007ffc84fab000 	C:\Windows\SYSTEM32\VERSION.dll
0x00007ffc8b3c0000 - 0x00007ffc8b3d4000 	C:\Windows\SYSTEM32\UMPDC.dll
0x00007ffc8a2b0000 - 0x00007ffc8a2cb000 	C:\Windows\SYSTEM32\kernel.appcore.dll
0x00007ffc7f420000 - 0x00007ffc7f42a000 	C:\Program Files\Java\jdk-25\bin\jimage.dll
0x00007ffc82d70000 - 0x00007ffc82fb2000 	C:\Windows\SYSTEM32\DBGHELP.DLL
0x00007ffc8cb80000 - 0x00007ffc8cf02000 	C:\Windows\System32\combase.dll
0x00007ffc8daf0000 - 0x00007ffc8dbc7000 	C:\Windows\System32\OLEAUT32.dll
0x00007ffc620f0000 - 0x00007ffc6212b000 	C:\Windows\SYSTEM32\dbgcore.DLL
0x00007ffc8c0c0000 - 0x00007ffc8c165000 	C:\Windows\System32\bcryptPrimitives.dll
0x00007ffc7f410000 - 0x00007ffc7f420000 	C:\Program Files\Java\jdk-25\bin\instrument.dll
0x00007ffc7dbb0000 - 0x00007ffc7dbcf000 	C:\Program Files\Java\jdk-25\bin\java.dll
0x00007ffc8d030000 - 0x00007ffc8d1c5000 	C:\Windows\System32\ole32.dll
0x00007ffc8dfb0000 - 0x00007ffc8e70f000 	C:\Windows\System32\SHELL32.dll
0x00007ffc8bf50000 - 0x00007ffc8c0ba000 	C:\Windows\System32\wintypes.dll
0x00007ffc79630000 - 0x00007ffc79647000 	C:\Program Files\Java\jdk-25\bin\zip.dll
0x00007ffc8b6b0000 - 0x00007ffc8bf14000 	C:\Windows\System32\windows.storage.dll
0x00007ffc8d920000 - 0x00007ffc8da17000 	C:\Windows\System32\SHCORE.dll
0x00007ffc8d500000 - 0x00007ffc8d567000 	C:\Windows\System32\shlwapi.dll
0x00007ffc8b480000 - 0x00007ffc8b4a9000 	C:\Windows\SYSTEM32\profapi.dll
0x00007ffc795f0000 - 0x00007ffc79602000 	C:\Program Files\Java\jdk-25\bin\net.dll
0x00007ffc8a800000 - 0x00007ffc8a86b000 	C:\Windows\system32\mswsock.dll
0x00007ffc795d0000 - 0x00007ffc795e6000 	C:\Program Files\Java\jdk-25\bin\nio.dll
0x00007ffc7dba0000 - 0x00007ffc7dbb0000 	C:\Program Files\Java\jdk-25\bin\verify.dll
0x00007ffc784e0000 - 0x00007ffc78525000 	C:\Users\wakam\AppData\Roaming\Code\User\globalStorage\redhat.java\1.54.2026041108\config_win\org.eclipse.equinox.launcher\org.eclipse.equinox.launcher.win32.win32.x86_64_1.3.0.v20260203-2149\eclipse_11919.dll
0x00007ffc86d70000 - 0x00007ffc86d7a000 	C:\Program Files\Java\jdk-25\bin\management.dll
0x00007ffc84540000 - 0x00007ffc8454c000 	C:\Program Files\Java\jdk-25\bin\management_ext.dll
0x00007ffc8cb50000 - 0x00007ffc8cb58000 	C:\Windows\System32\PSAPI.DLL
0x00007ffc8ac00000 - 0x00007ffc8ac1b000 	C:\Windows\SYSTEM32\CRYPTSP.dll
0x00007ffc8a210000 - 0x00007ffc8a249000 	C:\Windows\system32\rsaenh.dll
0x00007ffc8a8b0000 - 0x00007ffc8a8e2000 	C:\Windows\SYSTEM32\USERENV.dll
0x00007ffc8b450000 - 0x00007ffc8b47a000 	C:\Windows\SYSTEM32\bcrypt.dll
0x00007ffc8aa60000 - 0x00007ffc8aa6c000 	C:\Windows\SYSTEM32\CRYPTBASE.dll
0x00007ffc89bc0000 - 0x00007ffc89bf3000 	C:\Windows\SYSTEM32\IPHLPAPI.DLL
0x00007ffc8dab0000 - 0x00007ffc8daba000 	C:\Windows\System32\NSI.dll
0x00007ffc77ee0000 - 0x00007ffc77f29000 	C:\Users\wakam\AppData\Local\Temp\jna-112894669\jna436702330905216548.dll
0x00007ffc84800000 - 0x00007ffc84927000 	C:\Windows\SYSTEM32\winhttp.dll
0x00007ffc847b0000 - 0x00007ffc847cd000 	C:\Windows\SYSTEM32\dhcpcsvc6.DLL
0x00007ffc84780000 - 0x00007ffc847a3000 	C:\Windows\SYSTEM32\dhcpcsvc.DLL
0x00007ffc7db90000 - 0x00007ffc7db9e000 	C:\Program Files\Java\jdk-25\bin\sunmscapi.dll
0x00007ffc8c570000 - 0x00007ffc8c6e7000 	C:\Windows\System32\CRYPT32.dll
0x00007ffc8ad60000 - 0x00007ffc8ad90000 	C:\Windows\SYSTEM32\ncrypt.dll
0x00007ffc8ad10000 - 0x00007ffc8ad4f000 	C:\Windows\SYSTEM32\NTASN1.dll
0x00007ffc89d30000 - 0x00007ffc89e5a000 	C:\Windows\SYSTEM32\DNSAPI.dll
0x00007ffc84770000 - 0x00007ffc8477b000 	C:\Windows\System32\rasadhlp.dll
0x00007ffc832e0000 - 0x00007ffc83366000 	C:\Windows\System32\fwpuclnt.dll
0x00007ffc7db80000 - 0x00007ffc7db89000 	C:\Program Files\Java\jdk-25\bin\extnet.dll

JVMTI agents:
c:\Users\wakam\.vscode\extensions\redhat.java-1.54.2026041108-win32-x64\lombok\lombok-1.18.39-4050.jar path:C:\Program Files\Java\jdk-25\bin\instrument.dll, loaded, initialized, instrumentlib options:none

dbghelp: loaded successfully - version: 4.0.5 - missing functions: none
symbol engine: initialized successfully - sym options: 0x614 - pdb path: .;C:\Program Files\Java\jdk-25\bin;C:\Windows\SYSTEM32;C:\Windows\WinSxS\amd64_microsoft.windows.common-controls_6595b64144ccf1df_6.0.26100.8037_none_3e092faae333b53b;C:\Program Files\Java\jdk-25\bin\server;C:\Users\wakam\AppData\Roaming\Code\User\globalStorage\redhat.java\1.54.2026041108\config_win\org.eclipse.equinox.launcher\org.eclipse.equinox.launcher.win32.win32.x86_64_1.3.0.v20260203-2149;C:\Users\wakam\AppData\Local\Temp\jna-112894669

VM Arguments:
jvm_args: -Djdk.xml.maxGeneralEntitySizeLimit=0 -Djdk.xml.totalEntitySizeLimit=0 --add-modules=ALL-SYSTEM --add-opens=java.base/java.util=ALL-UNNAMED --add-opens=java.base/java.lang=ALL-UNNAMED --add-opens=java.base/sun.nio.fs=ALL-UNNAMED -Declipse.application=org.eclipse.jdt.ls.core.id1 -Dosgi.bundles.defaultStartLevel=4 -Declipse.product=org.eclipse.jdt.ls.core.product -Djava.import.generatesMetadataFilesAtProjectRoot=false -DDetectVMInstallationsJob.disabled=true -Dfile.encoding=utf8 -XX:+UseParallelGC -XX:GCTimeRatio=4 -XX:AdaptiveSizePolicyWeight=90 -Dsun.zip.disableMemoryMapping=true -Xmx2G -Xms100m -Xlog:disable -javaagent:c:\Users\wakam\.vscode\extensions\redhat.java-1.54.2026041108-win32-x64\lombok\lombok-1.18.39-4050.jar -XX:+HeapDumpOnOutOfMemoryError -XX:HeapDumpPath=c:\Users\wakam\AppData\Roaming\Code\User\workspaceStorage\21f1205e5cd5c5ef57f7413777eb285a\redhat.java -Daether.dependencyCollector.impl=bf -XX:+UnlockDiagnosticVMOptions -XX:+AllowArchivingWithJavaAgent -XX:+AutoCreateSharedArchive -XX:SharedArchiveFile=c:\Users\wakam\AppData\Roaming\Code\User\globalStorage\redhat.java\1.54.2026041108\jdtls.jsa 
java_command: c:\Users\wakam\.vscode\extensions\redhat.java-1.54.2026041108-win32-x64\server\plugins\org.eclipse.equinox.launcher_1.7.100.v20251111-0406.jar -configuration c:\Users\wakam\AppData\Roaming\Code\User\globalStorage\redhat.java\1.54.2026041108\config_win -data c:\Users\wakam\AppData\Roaming\Code\User\workspaceStorage\21f1205e5cd5c5ef57f7413777eb285a\redhat.java\jdt_ws --pipe=\\.\pipe\lsp-3c8b733927fc38bae2aed546b4eaa900-sock
java_class_path (initial): c:\Users\wakam\.vscode\extensions\redhat.java-1.54.2026041108-win32-x64\server\plugins\org.eclipse.equinox.launcher_1.7.100.v20251111-0406.jar
Launcher Type: SUN_STANDARD

[Global flags]
     bool AOTInvokeDynamicLinking                  = false                                  {diagnostic} {ergonomic}
     bool AOTRecordTraining                        = false                                  {diagnostic} {ergonomic}
     bool AOTReplayTraining                        = false                                  {diagnostic} {ergonomic}
     uint AdaptiveSizePolicyWeight                 = 90                                        {product} {command line}
     bool AllowArchivingWithJavaAgent              = true                                   {diagnostic} {command line}
    ccstr ArchiveClassesAtExit                     = c:\Users\wakam\AppData\Roaming\Code\User\globalStorage\redhat.java\1.54.2026041108\jdtls.jsa            {product} {ergonomic}
     bool AutoCreateSharedArchive                  = true                                      {product} {command line}
     intx CICompilerCount                          = 4                                         {product} {ergonomic}
     uint GCTimeRatio                              = 4                                         {product} {command line}
     bool HeapDumpOnOutOfMemoryError               = true                                   {manageable} {command line}
    ccstr HeapDumpPath                             = c:\Users\wakam\AppData\Roaming\Code\User\workspaceStorage\21f1205e5cd5c5ef57f7413777eb285a\redhat.java         {manageable} {command line}
   size_t InitialHeapSize                          = 104857600                                 {product} {command line}
   size_t MaxHeapSize                              = 2147483648                                {product} {command line}
   size_t MaxNewSize                               = 715653120                                 {product} {ergonomic}
   size_t MinHeapDeltaBytes                        = 524288                                    {product} {ergonomic}
   size_t MinHeapSize                              = 104857600                                 {product} {command line}
   size_t NewSize                                  = 34603008                                  {product} {ergonomic}
    uintx NonNMethodCodeHeapSize                   = 5832704                                {pd product} {ergonomic}
    uintx NonProfiledCodeHeapSize                  = 122945536                              {pd product} {ergonomic}
    uintx ProfiledCodeHeapSize                     = 122880000                              {pd product} {ergonomic}
    uintx ReservedCodeCacheSize                    = 251658240                              {pd product} {ergonomic}
     bool SegmentedCodeCache                       = true                                      {product} {ergonomic}
    ccstr SharedArchiveFile                        =                                           {product} {command line, ergonomic}
   size_t SoftMaxHeapSize                          = 2147483648                             {manageable} {ergonomic}
     bool UnlockDiagnosticVMOptions                = true                                   {diagnostic} {command line}
     bool UseCompressedOops                        = true                           {product lp64_product} {ergonomic}
     bool UseLargePagesIndividualAllocation        = false                                  {pd product} {ergonomic}
     bool UseParallelGC                            = true                                      {product} {command line}
      int X86ICacheSync                            = 2                                 {ARCH diagnostic} {ergonomic}

Logging:
Log output configuration:
 #0: stdout all=off uptime,level,tags foldmultilines=false
 #1: stderr all=off uptime,level,tags foldmultilines=false

Release file:
IMPLEMENTOR="Oracle Corporation" 
JAVA_RUNTIME_VERSION="25+37-LTS-3491" 
JAVA_VERSION="25" 
JAVA_VERSION_DATE="2025-09-16" 
LIBC="default" 
MODULES="java.base java.compiler java.datatransfer java.xml java.prefs java.desktop java.instrument java.logging java.management java.security.sasl java.naming java.rmi java.management.rmi java.net.http java.scripting java.security.jgss java.transaction.xa java.sql java.sql.rowset java.xml.crypto java.se java.smartcardio jdk.accessibility jdk.internal.jvmstat jdk.attach jdk.charsets jdk.internal.opt jdk.zipfs jdk.compiler jdk.crypto.cryptoki jdk.crypto.ec jdk.crypto.mscapi jdk.dynalink jdk.internal.ed jdk.editpad jdk.internal.vm.ci jdk.graal.compiler jdk.graal.compiler.management jdk.hotspot.agent jdk.httpserver jdk.incubator.vector jdk.internal.le jdk.internal.md jdk.jartool jdk.javadoc jdk.jcmd jdk.management jdk.management.agent jdk.jconsole jdk.jdeps jdk.jdwp.agent jdk.jdi jdk.jfr jdk.jlink jdk.jpackage jdk.jshell jdk.jsobject jdk.jstatd jdk.localedata jdk.management.jfr jdk.naming.dns jdk.naming.rmi jdk.net jdk.nio.mapmode jdk.sctp jdk.security.auth jdk.security.jgss jdk.unsupported jdk.unsupported.desktop jdk.xml.dom" 
OS_ARCH="x86_64" 
OS_NAME="Windows" 
SOURCE=".:git:49d6a23b8806 open:git:6c48f4ed707b" 

Environment Variables:
JAVA_HOME=C:\Program Files\Eclipse Adoptium\jdk-17.0.18.8-hotspot
PATH=C:\Users\wakam\AppData\Local\Programs\Microsoft VS Code;C:\Windows\system32;C:\Windows;C:\Windows\System32\Wbem;C:\Windows\System32\WindowsPowerShell\v1.0\;C:\Windows\System32\OpenSSH\;C:\Program Files\dotnet\;C:\Program Files\Microsoft SQL Server\150\Tools\Binn\;C:\Program Files\Microsoft SQL Server\Client SDK\ODBC\170\Tools\Binn\;C:\Program Files (x86)\Windows Kits\10\Windows Performance Toolkit\;C:\Program Files\Git\cmd;C:\Program Files\Eclipse Adoptium\jdk-17.0.18.8-hotspot\bin;C:\Users\wakam\AppData\Local\Microsoft\WindowsApps;C:\Users\wakam\AppData\Local\Programs\Microsoft VS Code\bin;C:\Users\wakam\.dotnet\tools;
USERNAME=wakam
OS=Windows_NT
PROCESSOR_IDENTIFIER=Intel64 Family 6 Model 165 Stepping 3, GenuineIntel
TMP=C:\Users\wakam\AppData\Local\Temp
TEMP=C:\Users\wakam\AppData\Local\Temp




Compilation memory statistics disabled.

Periodic native trim disabled

---------------  S Y S T E M  ---------------

OS:
 Windows 11 , 64 bit Build 26100 (10.0.26100.7920)
OS uptime: 0 days 1:23 hours
Hyper-V role detected

CPU: total 12 (initial active 12) (6 cores per cpu, 2 threads per core) family 6 model 165 stepping 3 microcode 0x100, cx8, cmov, fxsr, ht, mmx, 3dnowpref, sse, sse2, sse3, ssse3, sse4.1, sse4.2, popcnt, lzcnt, tsc, tscinvbit, avx, avx2, aes, erms, clmul, bmi1, bmi2, adx, fma, vzeroupper, clflush, clflushopt, hv, rdtscp, f16c
Processor Information for the first 12 processors :
  Max Mhz: 3101, Current Mhz: 3101, Mhz Limit: 3101

Memory: 4k page, system-wide physical 16080M (7807M free)
TotalPageFile size 17104M (AvailPageFile size 7442M)
current process WorkingSet (physical memory assigned to process): 1760M, peak: 1893M
current process commit charge ("private bytes"): 1822M, peak: 1840M

vm_info: Java HotSpot(TM) 64-Bit Server VM (25+37-LTS-3491) for windows-amd64 JRE (25+37-LTS-3491), built on 2025-08-14T21:13:00Z with unknown MS VC++:1943

END.
