#
# A fatal error has been detected by the Java Runtime Environment:
#
#  EXCEPTION_ACCESS_VIOLATION (0xc0000005) at pc=0x00007ff967d86803, pid=2276, tid=6020
#
# JRE version: Java(TM) SE Runtime Environment (25.0+37) (build 25+37-LTS-3491)
# Java VM: Java HotSpot(TM) 64-Bit Server VM (25+37-LTS-3491, mixed mode, sharing, tiered, compressed oops, compressed class ptrs, parallel gc, windows-amd64)
# Problematic frame:
# V  [jvm.dll+0x386803]
#
# No core dump will be written. Minidumps are not enabled by default on client versions of Windows
#
# If you would like to submit a bug report, please visit:
#   https://bugreport.java.com/bugreport/crash.jsp
#

---------------  S U M M A R Y ------------

Command Line: -Djdk.xml.maxGeneralEntitySizeLimit=0 -Djdk.xml.totalEntitySizeLimit=0 --add-modules=ALL-SYSTEM --add-opens=java.base/java.util=ALL-UNNAMED --add-opens=java.base/java.lang=ALL-UNNAMED --add-opens=java.base/sun.nio.fs=ALL-UNNAMED -Declipse.application=org.eclipse.jdt.ls.core.id1 -Dosgi.bundles.defaultStartLevel=4 -Declipse.product=org.eclipse.jdt.ls.core.product -Djava.import.generatesMetadataFilesAtProjectRoot=false -DDetectVMInstallationsJob.disabled=true -Dfile.encoding=utf8 -XX:+UseParallelGC -XX:GCTimeRatio=4 -XX:AdaptiveSizePolicyWeight=90 -Dsun.zip.disableMemoryMapping=true -Xmx2G -Xms100m -Xlog:disable -javaagent:c:\Users\wakam\.vscode\extensions\redhat.java-1.54.2026041108-win32-x64\lombok\lombok-1.18.39-4050.jar -XX:+HeapDumpOnOutOfMemoryError -XX:HeapDumpPath=c:\Users\wakam\AppData\Roaming\Code\User\workspaceStorage\21f1205e5cd5c5ef57f7413777eb285a\redhat.java -Daether.dependencyCollector.impl=bf -XX:+UnlockDiagnosticVMOptions -XX:+AllowArchivingWithJavaAgent -XX:+AutoCreateSharedArchive -XX:SharedArchiveFile=c:\Users\wakam\AppData\Roaming\Code\User\globalStorage\redhat.java\1.54.2026041108\jdtls.jsa c:\Users\wakam\.vscode\extensions\redhat.java-1.54.2026041108-win32-x64\server\plugins\org.eclipse.equinox.launcher_1.7.100.v20251111-0406.jar -configuration c:\Users\wakam\AppData\Roaming\Code\User\globalStorage\redhat.java\1.54.2026041108\config_win -data c:\Users\wakam\AppData\Roaming\Code\User\workspaceStorage\21f1205e5cd5c5ef57f7413777eb285a\redhat.java\jdt_ws --pipe=\\.\pipe\lsp-874a581f18fbd7a1c74bddd7d5934f8a-sock

Host: Intel(R) Core(TM) i5-10500 CPU @ 3.10GHz, 12 cores, 15G,  Windows 11 , 64 bit Build 26100 (10.0.26100.7920)
Time: Tue Apr 14 19:16:15 2026 elapsed time: 2087.998744 seconds (0d 0h 34m 47s)

---------------  T H R E A D  ---------------

Current thread (0x00000234c923a540):  VMThread "VM Thread"          [id=6020, stack(0x0000007ada300000,0x0000007ada400000) (1024K)]

Stack: [0x0000007ada300000,0x0000007ada400000],  sp=0x0000007ada3ff220,  free space=1020k
Native frames: (J=compiled Java code, j=interpreted, Vv=VM code, C=native code)
V  [jvm.dll+0x386803]  (no source info available)
V  [jvm.dll+0x3866b2]  (no source info available)
V  [jvm.dll+0x3855c6]  (no source info available)
V  [jvm.dll+0x385a03]  (no source info available)
V  [jvm.dll+0x96ee71]  (no source info available)
V  [jvm.dll+0x97018d]  (no source info available)
V  [jvm.dll+0x970709]  (no source info available)
V  [jvm.dll+0x9709b3]  (no source info available)
V  [jvm.dll+0x90681d]  (no source info available)
V  [jvm.dll+0x7a5015]  (no source info available)
C  [ucrtbase.dll+0x37b0]  (no source info available)
C  [KERNEL32.DLL+0x2e8d7]  (no source info available)
C  [ntdll.dll+0x8c48c]  (no source info available)


siginfo: EXCEPTION_ACCESS_VIOLATION (0xc0000005), reading address 0x0000000000000070


Registers:
RAX=0x0000000000000000, RBX=0x00000234822ac5a0, RCX=0x0000007ada0fed20, RDX=0x0000000000000000
RSP=0x0000007ada3ff220, RBP=0x0000007ada0fed20, RSI=0x0000000000000048, RDI=0x0000000000000000
R8 =0x00000234c6ed8580, R9 =0x000000000000028a, R10=0x00000234c6ed0000, R11=0x0000007ada3ff230
R12=0x0000000000000000, R13=0x00007ff9684daca8, R14=0x0000000000000616, R15=0x00000000000030b0
RIP=0x00007ff967d86803, EFLAGS=0x0000000000010287

XMM[0]=0x0000000000000000 0x0000000000000000
XMM[1]=0x00000234822a7d20 0x0000000019183d60
XMM[2]=0x000002348228df48 0x000002348228dff8
XMM[3]=0x000002348228dd38 0x000002348228dd90
XMM[4]=0x000000001922b910 0x000002348228de98
XMM[5]=0x00000234822a7d78 0x00000234822a81f0
XMM[6]=0x0000000000000000 0x0000000000000000
XMM[7]=0x0000000000000000 0x0000000000000000
XMM[8]=0x0000000000000000 0x404e000000000000
XMM[9]=0x0000000000000000 0x0000000000000000
XMM[10]=0x0000000000000000 0x0000000000000000
XMM[11]=0x0000000000000000 0x0000000000000000
XMM[12]=0x0000000000000000 0x0000000000000000
XMM[13]=0x0000000000000000 0x0000000000000000
XMM[14]=0x0000000000000000 0x0000000000000000
XMM[15]=0x0000000000000000 0x0000000000000000
  MXCSR=0x00001fa0


Register to memory mapping:

RAX=0x0 is null
RBX=0x00000234822ac5a0 points into unknown readable memory: 0x0000000019010080 | 80 00 01 19 00 00 00 00
RCX=0x0000007ada0fed20 is pointing into the stack for thread: 0x00000234c918fce0
RDX=0x0 is null
RSP=0x0000007ada3ff220 points into unknown readable memory: 0x00000234c210fb00 | 00 fb 10 c2 34 02 00 00
RBP=0x0000007ada0fed20 is pointing into the stack for thread: 0x00000234c918fce0
RSI=0x0000000000000048 is an unknown value
RDI=0x0 is null
R8 =0x00000234c6ed8580 points into unknown readable memory: 0x00000234c6ed0e10 | 10 0e ed c6 34 02 00 00
R9 =0x000000000000028a is an unknown value
R10=0x00000234c6ed0000 points into unknown readable memory: 0x0000000000000000 | 00 00 00 00 00 00 00 00
R11=0x0000007ada3ff230 points into unknown readable memory: 0x00000234c6dd0000 | 00 00 dd c6 34 02 00 00
R12=0x0 is null
R13=0x00007ff9684daca8 jvm.dll
R14=0x0000000000000616 is an unknown value
R15=0x00000000000030b0 is an unknown value

Top of Stack: (sp=0x0000007ada3ff220)
0x0000007ada3ff220:   00000234c210fb00 00007ff9ebb1e0fb   ....4...........
0x0000007ada3ff230:   00000234c6dd0000 00007ff900000000   ....4...........
0x0000007ada3ff240:   00000234c210fb00 0000000000000048   ....4...H.......
0x0000007ada3ff250:   00000234c210fb00 00007ff967af7e22   ....4..."~.g....
0x0000007ada3ff260:   00000000000030b0 0000000000000000   .0..............
0x0000007ada3ff270:   0000000000000616 00000234c921fcd0   ..........!.4...
0x0000007ada3ff280:   0000007ada0fed20 00007ff967d866b2    ...z....f.g....
0x0000007ada3ff290:   00000234822ac5a0 00000234822ac5a0   ..*.4.....*.4...
0x0000007ada3ff2a0:   0000000000000000 000000000045a259   ........Y.E.....
0x0000007ada3ff2b0:   00000234822ac1e0 00000007000001d8   ..*.4...........
0x0000007ada3ff2c0:   00007ff96849a2b0 0000000000000000   ..Ih............
0x0000007ada3ff2d0:   0000000000000000 0000000000000000   ................
0x0000007ada3ff2e0:   00000000000003d8 0000000000000000   ................
0x0000007ada3ff2f0:   000000001a4645d8 0000007ada0fed20   .EF..... ...z...
0x0000007ada3ff300:   0000000000012e40 00007ff968497350   @.......PsIh....
0x0000007ada3ff310:   00000000000025c8 00007ff967d855c6   .%.......U.g....
0x0000007ada3ff320:   00007ff900000616 00000000000030b0   .........0......
0x0000007ada3ff330:   00000234c921fcd0 00007ff968778ca8   ..!.4.....wh....
0x0000007ada3ff340:   0000000000000000 0000000000000000   ................
0x0000007ada3ff350:   000000000000007e 0000000000000000   ~...............
0x0000007ada3ff360:   0000000000000000 00007ff96837d473   ........s.7h....
0x0000007ada3ff370:   00007ff9686f3890 00000234c9230100   .8oh......#.4...
0x0000007ada3ff380:   0000f70c19b028bd 00007ff9ec9d6f01   .(.......o......
0x0000007ada3ff390:   0000000000000000 00007ff9681a0f9f   ...........h....
0x0000007ada3ff3a0:   000000000000002e 00007ff96837d343   ........C.7h....
0x0000007ada3ff3b0:   0000000000000000 00007ff968309a20   ........ .0h....
0x0000007ada3ff3c0:   00000234c9238c60 00000234c9239050   `.#.4...P.#.4...
0x0000007ada3ff3d0:   00007ff9687a1b30 00007ff968497350   0.zh....PsIh....
0x0000007ada3ff3e0:   00000234c922a140 00007ff967d85a03   @.".4....Z.g....
0x0000007ada3ff3f0:   0000007ada0fed10 00000234c922a140   ....z...@.".4...
0x0000007ada3ff400:   00000234c9238c78 00000234c9238c60   x.#.4...`.#.4...
0x0000007ada3ff410:   00000000000003d8 00000234c9239050   ........P.#.4...

Instructions: (pc=0x00007ff967d86803)
  0x00007ff967d86703:   d2 e8 a7 9a 3c 00 0f b6 83 30 01 00 00 3c 02 72
  0x00007ff967d86713:   3a 8b 83 b8 00 00 00 48 8d 4c 24 20 33 d2 89 44
  0x00007ff967d86723:   24 2c 48 89 5c 24 20 c7 44 24 28 d8 01 00 00 e8
  0x00007ff967d86733:   39 42 2e 00 48 8d 54 24 30 48 8b cb e8 bc 9a 0d
  0x00007ff967d86743:   00 48 8b c8 33 d2 e8 52 3e 2e 00 48 8b 03 48 8d
  0x00007ff967d86753:   54 24 30 48 8b cb 4c 89 64 24 38 44 89 64 24 40
  0x00007ff967d86763:   4c 89 64 24 48 4c 89 6c 24 30 ff 50 48 48 8d 4c
  0x00007ff967d86773:   24 30 e8 e6 a3 3b 00 48 8d 4c 24 30 e8 2c a2 3b
  0x00007ff967d86783:   00 48 8b bc 24 a0 00 00 00 be 48 00 00 00 48 8b
  0x00007ff967d86793:   8d c0 02 00 00 41 ff c6 49 83 c7 08 44 89 b4 24
  0x00007ff967d867a3:   90 00 00 00 4c 89 bc 24 98 00 00 00 44 3b 31 0f
  0x00007ff967d867b3:   8c 98 fd ff ff 4c 8b 7c 24 50 4c 8b 6c 24 58 48
  0x00007ff967d867c3:   8b 7c 24 60 48 8b 74 24 68 48 8b 9c 24 a8 00 00
  0x00007ff967d867d3:   00 48 83 c4 70 41 5e 41 5c 5d c3 cc cc 40 55 57
  0x00007ff967d867e3:   48 83 ec 58 48 3b 15 92 3d 9b 00 48 8b fa 48 8b
  0x00007ff967d867f3:   e9 73 0d 48 3b 15 7b 3d 9b 00 0f 83 45 02 00 00
=>0x00007ff967d86803:   48 8b 4a 70 48 85 c9 0f 84 38 02 00 00 ff 15 0a
  0x00007ff967d86813:   38 95 00 48 85 c0 0f 84 29 02 00 00 48 8b 07 48
  0x00007ff967d86823:   8b cf 48 89 5c 24 70 48 89 74 24 78 4c 89 74 24
  0x00007ff967d86833:   48 ff 90 f8 00 00 00 48 8b 05 17 5b 9b 00 48 85
  0x00007ff967d86843:   c0 0f 84 c2 00 00 00 65 48 8b 04 25 58 00 00 00
  0x00007ff967d86853:   8b 0d 63 0f a2 00 4c 89 a4 24 80 00 00 00 4c 89
  0x00007ff967d86863:   6c 24 50 4c 89 7c 24 40 48 8b 1c c8 b8 48 00 00
  0x00007ff967d86873:   00 80 3c 18 00 75 05 e8 e9 11 66 00 b8 20 00 00
  0x00007ff967d86883:   00 48 8b 04 18 48 8b b0 a8 03 00 00 48 8b 05 c2
  0x00007ff967d86893:   5a 9b 00 4c 8b 76 18 4c 8b 7e 20 4c 8b 66 28 4c
  0x00007ff967d868a3:   8b 6e 08 48 85 c0 74 24 48 8b 5d 48 48 8b cf 48
  0x00007ff967d868b3:   03 df e8 f6 f4 2d 00 4c 8b c8 48 8d 0d ac 43 75
  0x00007ff967d868c3:   00 4c 8b c3 48 8b d7 e8 71 f4 d7 ff 49 83 3e 00
  0x00007ff967d868d3:   74 13 49 8b d5 48 8b ce e8 70 b6 d8 ff 49 8b ce
  0x00007ff967d868e3:   e8 48 b6 d8 ff 4c 8b 6c 24 50 4c 39 7e 20 74 0c
  0x00007ff967d868f3:   4c 89 76 18 4c 89 7e 20 4c 89 66 28 4c 8b a4 24


Stack slot to memory mapping:

stack at sp + 0 slots: 0x00000234c210fb00 points into unknown readable memory: 0x5641132853445352 | 52 53 44 53 28 13 41 56
stack at sp + 1 slots: 0x00007ff9ebb1e0fb ucrtbase.dll
stack at sp + 2 slots: 0x00000234c6dd0000 points into unknown readable memory: 0x0000000000000000 | 00 00 00 00 00 00 00 00
stack at sp + 3 slots: 0x00007ff900000000 is an unknown value
stack at sp + 4 slots: 0x00000234c210fb00 points into unknown readable memory: 0x5641132853445352 | 52 53 44 53 28 13 41 56
stack at sp + 5 slots: 0x0000000000000048 is an unknown value
stack at sp + 6 slots: 0x00000234c210fb00 points into unknown readable memory: 0x5641132853445352 | 52 53 44 53 28 13 41 56
stack at sp + 7 slots: 0x00007ff967af7e22 jvm.dll

VM_Operation (0x0000007ada0fed10): PopulateDumpSharedSpace, mode: safepoint, requested by thread 0x00000234c918fce0


---------------  P R O C E S S  ---------------

Threads class SMR info:
_java_thread_list=0x00000234ea00e760, length=48, elements={
0x00000234c918fce0, 0x00000234e2d9ef20, 0x00000234e2da0540, 0x00000234e2da43d0,
0x00000234c924dfa0, 0x00000234e2da7fc0, 0x00000234e2da9790, 0x00000234c91a3710,
0x00000234c91a3f20, 0x00000234e906f9a0, 0x00000234e97f6340, 0x00000234e9b5bbf0,
0x00000234ea822c90, 0x00000234ea824400, 0x00000234ea823c30, 0x00000234ea825b70,
0x00000234ea824bd0, 0x00000234ea828a50, 0x00000234ea8253a0, 0x00000234ea826340,
0x00000234ebca2760, 0x00000234ebca2f30, 0x00000234ebca4e70, 0x00000234ebca17c0,
0x00000234ebca8520, 0x00000234ebca5640, 0x00000234ebca6db0, 0x00000234ebca7d50,
0x00000234eb6dbef0, 0x00000234eb6da780, 0x00000234eb6dc6c0, 0x00000234eb6dce90,
0x00000234eb6e0d10, 0x00000234eb6dd660, 0x00000234eb6dfd70, 0x00000234eb6df5a0,
0x00000234ebe55d60, 0x00000234ebe58c40, 0x00000234ebe59be0, 0x00000234ec73f760,
0x00000234ebbda160, 0x00000234ebbdb8d0, 0x00000234ebbe4570, 0x00000234ebbdff20,
0x00000234ebbe7450, 0x00000234eb3f2d30, 0x00000234ee068950, 0x00000234ee8b4f80
}

Java Threads: ( => current thread )
  0x00000234c918fce0 JavaThread "main"                              [_thread_blocked, id=9064, stack(0x0000007ada000000,0x0000007ada100000) (1024K)]
  0x00000234e2d9ef20 JavaThread "Reference Handler"          daemon [_thread_blocked, id=6204, stack(0x0000007ada400000,0x0000007ada500000) (1024K)]
  0x00000234e2da0540 JavaThread "Finalizer"                  daemon [_thread_blocked, id=14916, stack(0x0000007ada500000,0x0000007ada600000) (1024K)]
  0x00000234e2da43d0 JavaThread "Signal Dispatcher"          daemon [_thread_blocked, id=11720, stack(0x0000007ada600000,0x0000007ada700000) (1024K)]
  0x00000234c924dfa0 JavaThread "Attach Listener"            daemon [_thread_blocked, id=11212, stack(0x0000007ada700000,0x0000007ada800000) (1024K)]
  0x00000234e2da7fc0 JavaThread "Service Thread"             daemon [_thread_blocked, id=7180, stack(0x0000007ada800000,0x0000007ada900000) (1024K)]
  0x00000234e2da9790 JavaThread "Monitor Deflation Thread"   daemon [_thread_blocked, id=14852, stack(0x0000007ada900000,0x0000007adaa00000) (1024K)]
  0x00000234c91a3710 JavaThread "C2 CompilerThread0"         daemon [_thread_blocked, id=11704, stack(0x0000007adaa00000,0x0000007adab00000) (1024K)]
  0x00000234c91a3f20 JavaThread "C1 CompilerThread0"         daemon [_thread_blocked, id=6820, stack(0x0000007adab00000,0x0000007adac00000) (1024K)]
  0x00000234e906f9a0 JavaThread "Common-Cleaner"             daemon [_thread_blocked, id=16416, stack(0x0000007adac00000,0x0000007adad00000) (1024K)]
  0x00000234e97f6340 JavaThread "Notification Thread"        daemon [_thread_blocked, id=1540, stack(0x0000007adae00000,0x0000007adaf00000) (1024K)]
  0x00000234e9b5bbf0 JavaThread "JNA Cleaner"                daemon [_thread_blocked, id=7552, stack(0x0000007adad00000,0x0000007adae00000) (1024K)]
  0x00000234ea822c90 JavaThread "InnocuousThread-1"          daemon [_thread_in_native, id=14636, stack(0x0000007adc800000,0x0000007adc900000) (1024K)]
  0x00000234ea824400 JavaThread "InnocuousThread-2"          daemon [_thread_in_native, id=8712, stack(0x0000007adc900000,0x0000007adca00000) (1024K)]
  0x00000234ea823c30 JavaThread "InnocuousThread-3"          daemon [_thread_in_native, id=8764, stack(0x0000007adca00000,0x0000007adcb00000) (1024K)]
  0x00000234ea825b70 JavaThread "InnocuousThread-4"          daemon [_thread_in_native, id=8984, stack(0x0000007adcb00000,0x0000007adcc00000) (1024K)]
  0x00000234ea824bd0 JavaThread "InnocuousThread-5"          daemon [_thread_in_native, id=5140, stack(0x0000007adcc00000,0x0000007adcd00000) (1024K)]
  0x00000234ea828a50 JavaThread "InnocuousThread-6"          daemon [_thread_in_native, id=512, stack(0x0000007adcd00000,0x0000007adce00000) (1024K)]
  0x00000234ea8253a0 JavaThread "InnocuousThread-7"          daemon [_thread_in_native, id=13488, stack(0x0000007adce00000,0x0000007adcf00000) (1024K)]
  0x00000234ea826340 JavaThread "InnocuousThread-8"          daemon [_thread_in_native, id=11860, stack(0x0000007adcf00000,0x0000007add000000) (1024K)]
  0x00000234ebca2760 JavaThread "InnocuousThread-9"          daemon [_thread_in_native, id=2328, stack(0x0000007add000000,0x0000007add100000) (1024K)]
  0x00000234ebca2f30 JavaThread "InnocuousThread-10"         daemon [_thread_in_native, id=13320, stack(0x0000007add100000,0x0000007add200000) (1024K)]
  0x00000234ebca4e70 JavaThread "InnocuousThread-11"         daemon [_thread_in_native, id=13116, stack(0x0000007add200000,0x0000007add300000) (1024K)]
  0x00000234ebca17c0 JavaThread "InnocuousThread-12"         daemon [_thread_in_native, id=4064, stack(0x0000007add300000,0x0000007add400000) (1024K)]
  0x00000234ebca8520 JavaThread "InnocuousThread-13"         daemon [_thread_in_native, id=12284, stack(0x0000007add400000,0x0000007add500000) (1024K)]
  0x00000234ebca5640 JavaThread "pool-2-thread-1"                   [_thread_blocked, id=10940, stack(0x0000007add500000,0x0000007add600000) (1024K)]
  0x00000234ebca6db0 JavaThread "WorkspaceEventsHandler"            [_thread_blocked, id=9044, stack(0x0000007add600000,0x0000007add700000) (1024K)]
  0x00000234ebca7d50 JavaThread "pool-1-thread-1"                   [_thread_blocked, id=9516, stack(0x0000007add700000,0x0000007add800000) (1024K)]
  0x00000234eb6dbef0 JavaThread "ForkJoinPool.commonPool-worker-1" daemon [_thread_blocked, id=2128, stack(0x0000007add800000,0x0000007add900000) (1024K)]
  0x00000234eb6da780 JavaThread "ForkJoinPool.commonPool-worker-2" daemon [_thread_blocked, id=11184, stack(0x0000007add900000,0x0000007adda00000) (1024K)]
  0x00000234eb6dc6c0 JavaThread "ForkJoinPool.commonPool-worker-3" daemon [_thread_blocked, id=4200, stack(0x0000007adda00000,0x0000007addb00000) (1024K)]
  0x00000234eb6dce90 JavaThread "ForkJoinPool.commonPool-worker-4" daemon [_thread_blocked, id=9464, stack(0x0000007addb00000,0x0000007addc00000) (1024K)]
  0x00000234eb6e0d10 JavaThread "ForkJoinPool.commonPool-worker-5" daemon [_thread_blocked, id=760, stack(0x0000007addc00000,0x0000007addd00000) (1024K)]
  0x00000234eb6dd660 JavaThread "ForkJoinPool.commonPool-worker-6" daemon [_thread_blocked, id=13596, stack(0x0000007addd00000,0x0000007adde00000) (1024K)]
  0x00000234eb6dfd70 JavaThread "ForkJoinPool.commonPool-worker-7" daemon [_thread_blocked, id=6248, stack(0x0000007adde00000,0x0000007addf00000) (1024K)]
  0x00000234eb6df5a0 JavaThread "ForkJoinPool.commonPool-worker-8" daemon [_thread_blocked, id=12216, stack(0x0000007addf00000,0x0000007ade000000) (1024K)]
  0x00000234ebe55d60 JavaThread "ForkJoinPool.commonPool-worker-10" daemon [_thread_blocked, id=5424, stack(0x0000007ade000000,0x0000007ade100000) (1024K)]
  0x00000234ebe58c40 JavaThread "ForkJoinPool.commonPool-worker-9" daemon [_thread_blocked, id=13668, stack(0x0000007ade100000,0x0000007ade200000) (1024K)]
  0x00000234ebe59be0 JavaThread "ForkJoinPool.commonPool-worker-11" daemon [_thread_blocked, id=12672, stack(0x0000007ade200000,0x0000007ade300000) (1024K)]
  0x00000234ec73f760 JavaThread "Cleaner-0"                  daemon [_thread_blocked, id=4548, stack(0x0000007ade300000,0x0000007ade400000) (1024K)]
  0x00000234ebbda160 JavaThread "Compiler Source File Reader" daemon [_thread_blocked, id=14632, stack(0x0000007adc500000,0x0000007adc600000) (1024K)]
  0x00000234ebbdb8d0 JavaThread "Compiler Source File Reader" daemon [_thread_blocked, id=6640, stack(0x0000007ad9d00000,0x0000007ad9e00000) (1024K)]
  0x00000234ebbe4570 JavaThread "Compiler Source File Reader" daemon [_thread_blocked, id=13700, stack(0x0000007adc000000,0x0000007adc100000) (1024K)]
  0x00000234ebbdff20 JavaThread "Compiler Source File Reader" daemon [_thread_blocked, id=9156, stack(0x0000007ad9e00000,0x0000007ad9f00000) (1024K)]
  0x00000234ebbe7450 JavaThread "Compiler Processing Task"   daemon [_thread_blocked, id=13184, stack(0x0000007ad9f00000,0x0000007ada000000) (1024K)]
  0x00000234eb3f2d30 JavaThread "pool-5-thread-1"                   [_thread_blocked, id=2012, stack(0x0000007adc300000,0x0000007adc400000) (1024K)]
  0x00000234ee068950 JavaThread "C2 CompilerThread1"         daemon [_thread_blocked, id=1972, stack(0x0000007adaf00000,0x0000007adb000000) (1024K)]
  0x00000234ee8b4f80 JavaThread "C2 CompilerThread2"         daemon [_thread_blocked, id=2112, stack(0x0000007adb300000,0x0000007adb400000) (1024K)]
Total: 48

Other Threads:
=>0x00000234c923a540 VMThread "VM Thread"                           [id=6020, stack(0x0000007ada300000,0x0000007ada400000) (1024K)]
  0x00000234c91b7350 WatcherThread "VM Periodic Task Thread"        [id=10328, stack(0x0000007ada200000,0x0000007ada300000) (1024K)]
  0x00000234c91af860 WorkerThread "GC Thread#0"                     [id=16740, stack(0x0000007ada100000,0x0000007ada200000) (1024K)]
  0x00000234e9863200 WorkerThread "GC Thread#1"                     [id=14380, stack(0x0000007adb000000,0x0000007adb100000) (1024K)]
  0x00000234e9a4e6e0 WorkerThread "GC Thread#2"                     [id=13728, stack(0x0000007adb100000,0x0000007adb200000) (1024K)]
  0x00000234e9a4eb10 WorkerThread "GC Thread#3"                     [id=15632, stack(0x0000007adb200000,0x0000007adb300000) (1024K)]
  0x00000234e9b74e00 WorkerThread "GC Thread#4"                     [id=17096, stack(0x0000007adb400000,0x0000007adb500000) (1024K)]
  0x00000234e9c32e30 WorkerThread "GC Thread#5"                     [id=2720, stack(0x0000007adb700000,0x0000007adb800000) (1024K)]
  0x00000234e9c30310 WorkerThread "GC Thread#6"                     [id=13768, stack(0x0000007adba00000,0x0000007adbb00000) (1024K)]
  0x00000234e9c30760 WorkerThread "GC Thread#7"                     [id=5440, stack(0x0000007adbb00000,0x0000007adbc00000) (1024K)]
  0x00000234ea57a520 WorkerThread "GC Thread#8"                     [id=1824, stack(0x0000007adbe00000,0x0000007adbf00000) (1024K)]
  0x00000234ea57bf00 WorkerThread "GC Thread#9"                     [id=9616, stack(0x0000007adbf00000,0x0000007adc000000) (1024K)]
Total: 12

Threads with active compile tasks:
C2 CompilerThread0  2088110 39549       4       java.util.ArrayList::rangeCheckForAdd (26 bytes)
C2 CompilerThread1  2088110 39527   !   4       jdk.internal.classfile.impl.DirectCodeBuilder::build (78 bytes)
C2 CompilerThread2  2088110 39552       4       jdk.internal.classfile.impl.BufWriterImpl::writeIndex (11 bytes)
Total: 3

VM state: at safepoint (normal execution)

VM Mutex/Monitor currently owned by a thread:  ([mutex/lock_event])
[0x00007ff968778ca8] DumpTimeTable_lock - owner thread: 0x00000234c923a540
[0x00007ff9687794a8] Threads_lock - owner thread: 0x00000234c923a540
[0x00007ff968779628] Heap_lock - owner thread: 0x00000234c918fce0

Heap address: 0x0000000080000000, size: 2048 MB, Compressed Oops mode: 32-bit

CDS archive(s) mapped at: [0x0000000019000000-0x0000000019dd0000-0x0000000019dd0000), size 14483456, SharedBaseAddress: 0x0000000019000000, ArchiveRelocationMode: 1.
Compressed class space mapped at: 0x000000001a000000-0x000000005a000000, reserved size: 1073741824
UseCompressedClassPointers 1, UseCompactObjectHeaders 0
Narrow klass pointer bits 32, Max shift 3
Narrow klass base: 0x0000000019000000, Narrow klass shift: 0
Encoding Range: [0x0000000019000000 - 0x0000000119000000), (4294967296 bytes)
Klass Range:    [0x0000000019010000 - 0x000000005a000000), (1090453504 bytes)
Klass ID Range:  [65536 - 1090519033) (1090453497)
Protection zone: [0x0000000019000000 - 0x0000000019010000), (65536 bytes)

GC Precious Log:
 CardTable entry size: 512
 CPUs: 12 total, 12 available
 Memory: 16080M
 Large Page Support: Disabled
 NUMA Support: Disabled
 Compressed Oops: Enabled (32-bit)
 Alignments: Space 512K, Generation 512K, Heap 2M
 Heap Min Capacity: 100M
 Heap Initial Capacity: 100M
 Heap Max Capacity: 2G
 Pre-touch: Disabled
 Parallel Workers: 10

Heap:
 PSYoungGen      total 34816K, used 29260K [0x00000000d5580000, 0x00000000d8d00000, 0x0000000100000000)
  eden space 25600K, 80% used [0x00000000d5580000,0x00000000d6988500,0x00000000d6e80000)
  from space 9216K, 94% used [0x00000000d8400000,0x00000000d8c8ad40,0x00000000d8d00000)
  to   space 12288K, 0% used [0x00000000d7500000,0x00000000d7500000,0x00000000d8100000)
 ParOldGen       total 997376K, used 997195K [0x0000000080000000, 0x00000000bce00000, 0x00000000d5580000)
  object space 997376K, 99% used [0x0000000080000000,0x00000000bcdd2cb0,0x00000000bce00000)

Card table byte_map: [0x00000234c8c40000,0x00000234c9040000] _byte_map_base: 0x00000234c8840000

Marking Bits: (ParMarkBitMap*) 0x00007ff96877e9c0
 Begin Bits: [0x00000234e0cc0000, 0x00000234e2cc0000)

Polling page: 0x00000234c7070000

Metaspace:
Metaspace        used 89570K, committed 91648K, reserved 1179648K
 class space     used 7728K, committed 8640K, reserved 1048576K

Usage:
  Non-class:     79.92 MB used.
      Class:      7.55 MB used.
       Both:     87.47 MB used.

Virtual space:
  Non-class space:      128.00 MB reserved,      81.06 MB ( 63%) committed,  2 nodes.
      Class space:        1.00 GB reserved,       8.44 MB ( <1%) committed,  1 nodes.
             Both:        1.12 GB reserved,      89.50 MB (  8%) committed. 

Chunk freelists:
   Non-Class:  14.17 MB
       Class:  7.58 MB
        Both:  21.75 MB

MaxMetaspaceSize: unlimited
CompressedClassSpaceSize: 1.00 GB
Initial GC threshold: 21.00 MB
Current GC threshold: 145.44 MB
CDS: on
 - commit_granule_bytes: 65536.
 - commit_granule_words: 8192.
 - virtual_space_node_default_size: 8388608.
 - enlarge_chunks_in_place: 1.
UseCompressedClassPointers 1, UseCompactObjectHeaders 0
Narrow klass pointer bits 32, Max shift 3
Narrow klass base: 0x0000000019000000, Narrow klass shift: 0
Encoding Range: [0x0000000019000000 - 0x0000000119000000), (4294967296 bytes)
Klass Range:    [0x0000000019010000 - 0x000000005a000000), (1090453504 bytes)
Klass ID Range:  [65536 - 1090519033) (1090453497)
Protection zone: [0x0000000019000000 - 0x0000000019010000), (65536 bytes)


Internal statistics:

num_allocs_failed_limit: 9.
num_arena_births: 2170.
num_arena_deaths: 26.
num_vsnodes_births: 3.
num_vsnodes_deaths: 0.
num_space_committed: 1432.
num_space_uncommitted: 0.
num_chunks_returned_to_freelist: 38.
num_chunks_taken_from_freelist: 6742.
num_chunk_merges: 12.
num_chunk_splits: 4147.
num_chunks_enlarged: 2284.
num_inconsistent_stats: 0.

CodeHeap 'non-profiled nmethods': size=120064Kb used=18754Kb max_used=23102Kb free=101309Kb
 bounds [0x00000234d94d0000, 0x00000234dab60000, 0x00000234e0a10000]
CodeHeap 'profiled nmethods': size=120000Kb used=25081Kb max_used=49937Kb free=94918Kb
 bounds [0x00000234d1a10000, 0x00000234d4ae0000, 0x00000234d8f40000]
CodeHeap 'non-nmethods': size=5696Kb used=1611Kb max_used=1678Kb free=4084Kb
 bounds [0x00000234d8f40000, 0x00000234d91b0000, 0x00000234d94d0000]
CodeCache: size=245760Kb, used=45446Kb, max_used=74717Kb, free=200311Kb
 total_blobs=17238, nmethods=16353, adapters=784, full_count=0
Compilation: enabled, stopped_count=0, restarted_count=0

Compilation events (20 events):
Event: 2086.095 Thread 0x00000234c91a3f20 39564       3       jdk.internal.classfile.impl.AbstractAttributeMapper$ExceptionsMapper::writeBody (10 bytes)
Event: 2086.095 Thread 0x00000234c91a3710 nmethod 39559 0x00000234daa2fb88 code [0x00000234daa2fc80, 0x00000234daa2fd50]
Event: 2086.095 Thread 0x00000234c91a3f20 nmethod 39564 0x00000234d4810788 code [0x00000234d4810880, 0x00000234d4810bd0]
Event: 2086.095 Thread 0x00000234c91a3f20 39565       3       jdk.internal.classfile.impl.AbstractAttributeMapper$ExceptionsMapper::writeBody (11 bytes)
Event: 2086.095 Thread 0x00000234c91a3710 39554       4       jdk.internal.classfile.impl.DirectClassBuilder::constantPool (5 bytes)
Event: 2086.095 Thread 0x00000234c91a3f20 nmethod 39565 0x00000234d26b7608 code [0x00000234d26b7700, 0x00000234d26b7890]
Event: 2086.095 Thread 0x00000234c91a3f20 39557       3       jdk.internal.classfile.impl.DirectCodeBuilder::getfield (22 bytes)
Event: 2086.096 Thread 0x00000234c91a3710 nmethod 39554 0x00000234daa3f988 code [0x00000234daa3fa80, 0x00000234daa3fb00]
Event: 2086.096 Thread 0x00000234c91a3f20 nmethod 39557 0x00000234d29c1688 code [0x00000234d29c1780, 0x00000234d29c1c50]
Event: 2086.096 Thread 0x00000234c91a3f20 39548       3       java.lang.invoke.ClassSpecializer$Factory$1$1Var::nextSlotIndex (24 bytes)
Event: 2086.096 Thread 0x00000234c91a3710 39546       4       jdk.internal.classfile.impl.DirectCodeBuilder::constantPool (5 bytes)
Event: 2086.096 Thread 0x00000234c91a3f20 nmethod 39548 0x00000234d405cb08 code [0x00000234d405cc00, 0x00000234d405cf80]
Event: 2086.096 Thread 0x00000234c91a3f20 39551       3       java.lang.invoke.ClassSpecializer$Factory$1$1Var::emitLoadInstruction (19 bytes)
Event: 2086.096 Thread 0x00000234c91a3710 nmethod 39546 0x00000234daa54188 code [0x00000234daa54280, 0x00000234daa54300]
Event: 2086.096 Thread 0x00000234c91a3710 39538       4       jdk.internal.classfile.impl.DirectCodeBuilder::aload (32 bytes)
Event: 2086.096 Thread 0x00000234c91a3f20 nmethod 39551 0x00000234d26b9588 code [0x00000234d26b9680, 0x00000234d26b9830]
Event: 2086.097 Thread 0x00000234c91a3710 nmethod 39538 0x00000234daa5b708 code [0x00000234daa5b800, 0x00000234daa5b9e0]
Event: 2086.097 Thread 0x00000234c91a3710 39558       4       jdk.internal.classfile.impl.AbstractPoolEntry$Utf8EntryImpl::hashCode (8 bytes)
Event: 2086.098 Thread 0x00000234c91a3710 nmethod 39558 0x00000234daa6b288 code [0x00000234daa6b380, 0x00000234daa6b420]
Event: 2086.098 Thread 0x00000234c91a3710 39549       4       java.util.ArrayList::rangeCheckForAdd (26 bytes)

GC Heap Usage History (20 events):
Event: 2057.802 {heap Before GC invocations=2836 (full 8):
 PSYoungGen      total 35328K, used 34946K [0x00000000d5580000, 0x00000000d8880000, 0x0000000100000000)
  eden space 33280K, 100% used [0x00000000d5580000,0x00000000d7600000,0x00000000d7600000)
  from space 2048K, 81% used [0x00000000d8680000,0x00000000d8820b70,0x00000000d8880000)
  to   space 4608K, 0% used [0x00000000d7f80000,0x00000000d7f80000,0x00000000d8400000)
 ParOldGen       total 945152K, used 944844K [0x0000000080000000, 0x00000000b9b00000, 0x00000000d55Event: 2057.813 {heap After GC invocations=2836 (full 8):
 PSYoungGen      total 37376K, used 964K [0x00000000d5580000, 0x00000000d8700000, 0x0000000100000000)
  eden space 32768K, 0% used [0x00000000d5580000,0x00000000d5580000,0x00000000d7580000)
  from space 4608K, 20% used [0x00000000d7f80000,0x00000000d8071210,0x00000000d8400000)
  to   space 2048K, 0% used [0x00000000d8500000,0x00000000d8500000,0x00000000d8700000)
 ParOldGen       total 946688K, used 946224K [0x0000000080000000, 0x00000000b9c80000, 0x00000000d5580000Event: 2059.947 {heap Before GC invocations=2837 (full 8):
 PSYoungGen      total 37376K, used 33732K [0x00000000d5580000, 0x00000000d8700000, 0x0000000100000000)
  eden space 32768K, 100% used [0x00000000d5580000,0x00000000d7580000,0x00000000d7580000)
  from space 4608K, 20% used [0x00000000d7f80000,0x00000000d8071210,0x00000000d8400000)
  to   space 2048K, 0% used [0x00000000d8500000,0x00000000d8500000,0x00000000d8700000)
 ParOldGen       total 946688K, used 946224K [0x0000000080000000, 0x00000000b9c80000, 0x00000000d55Event: 2059.949 {heap After GC invocations=2837 (full 8):
 PSYoungGen      total 33280K, used 698K [0x00000000d5580000, 0x00000000d8600000, 0x0000000100000000)
  eden space 32256K, 0% used [0x00000000d5580000,0x00000000d5580000,0x00000000d7500000)
  from space 1024K, 68% used [0x00000000d8500000,0x00000000d85ae920,0x00000000d8600000)
  to   space 1024K, 0% used [0x00000000d8400000,0x00000000d8400000,0x00000000d8500000)
 ParOldGen       total 946688K, used 946320K [0x0000000080000000, 0x00000000b9c80000, 0x00000000d5580000Event: 2064.787 {heap Before GC invocations=2838 (full 8):
 PSYoungGen      total 33280K, used 32886K [0x00000000d5580000, 0x00000000d8600000, 0x0000000100000000)
  eden space 32256K, 99% used [0x00000000d5580000,0x00000000d74ef000,0x00000000d7500000)
  from space 1024K, 68% used [0x00000000d8500000,0x00000000d85ae920,0x00000000d8600000)
  to   space 1024K, 0% used [0x00000000d8400000,0x00000000d8400000,0x00000000d8500000)
 ParOldGen       total 946688K, used 946320K [0x0000000080000000, 0x00000000b9c80000, 0x00000000d558Event: 2064.793 {heap After GC invocations=2838 (full 8):
 PSYoungGen      total 32768K, used 995K [0x00000000d5580000, 0x00000000d8580000, 0x0000000100000000)
  eden space 31744K, 0% used [0x00000000d5580000,0x00000000d5580000,0x00000000d7480000)
  from space 1024K, 97% used [0x00000000d8400000,0x00000000d84f8f18,0x00000000d8500000)
  to   space 512K, 0% used [0x00000000d8500000,0x00000000d8500000,0x00000000d8580000)
 ParOldGen       total 951808K, used 951790K [0x0000000080000000, 0x00000000ba180000, 0x00000000d5580000)Event: 2064.838 {heap Before GC invocations=2839 (full 8):
 PSYoungGen      total 32768K, used 32528K [0x00000000d5580000, 0x00000000d8580000, 0x0000000100000000)
  eden space 31744K, 99% used [0x00000000d5580000,0x00000000d744b458,0x00000000d7480000)
  from space 1024K, 97% used [0x00000000d8400000,0x00000000d84f8f18,0x00000000d8500000)
  to   space 512K, 0% used [0x00000000d8500000,0x00000000d8500000,0x00000000d8580000)
 ParOldGen       total 951808K, used 951790K [0x0000000080000000, 0x00000000ba180000, 0x00000000d5580Event: 2064.845 {heap After GC invocations=2839 (full 8):
 PSYoungGen      total 17408K, used 480K [0x00000000d5580000, 0x00000000db200000, 0x0000000100000000)
  eden space 16896K, 0% used [0x00000000d5580000,0x00000000d5580000,0x00000000d6600000)
  from space 512K, 93% used [0x00000000d8500000,0x00000000d8578010,0x00000000d8580000)
  to   space 31744K, 0% used [0x00000000d6600000,0x00000000d6600000,0x00000000d8500000)
 ParOldGen       total 979456K, used 978924K [0x0000000080000000, 0x00000000bbc80000, 0x00000000d5580000Event: 2064.969 {heap Before GC invocations=2840 (full 8):
 PSYoungGen      total 17408K, used 17376K [0x00000000d5580000, 0x00000000db200000, 0x0000000100000000)
  eden space 16896K, 100% used [0x00000000d5580000,0x00000000d6600000,0x00000000d6600000)
  from space 512K, 93% used [0x00000000d8500000,0x00000000d8578010,0x00000000d8580000)
  to   space 31744K, 0% used [0x00000000d6600000,0x00000000d6600000,0x00000000d8500000)
 ParOldGen       total 979456K, used 978924K [0x0000000080000000, 0x00000000bbc80000, 0x00000000d55Event: 2064.973 {heap After GC invocations=2840 (full 8):
 PSYoungGen      total 17920K, used 888K [0x00000000d5580000, 0x00000000d8580000, 0x0000000100000000)
  eden space 16896K, 0% used [0x00000000d5580000,0x00000000d5580000,0x00000000d6600000)
  from space 1024K, 86% used [0x00000000d6600000,0x00000000d66de1d8,0x00000000d6700000)
  to   space 10752K, 0% used [0x00000000d7b00000,0x00000000d7b00000,0x00000000d8580000)
 ParOldGen       total 979456K, used 979436K [0x0000000080000000, 0x00000000bbc80000, 0x00000000d558000Event: 2065.014 {heap Before GC invocations=2841 (full 8):
 PSYoungGen      total 17920K, used 17784K [0x00000000d5580000, 0x00000000d8580000, 0x0000000100000000)
  eden space 16896K, 100% used [0x00000000d5580000,0x00000000d6600000,0x00000000d6600000)
  from space 1024K, 86% used [0x00000000d6600000,0x00000000d66de1d8,0x00000000d6700000)
  to   space 10752K, 0% used [0x00000000d7b00000,0x00000000d7b00000,0x00000000d8580000)
 ParOldGen       total 979456K, used 979436K [0x0000000080000000, 0x00000000bbc80000, 0x00000000d5Event: 2065.019 {heap After GC invocations=2841 (full 8):
 PSYoungGen      total 26624K, used 9279K [0x00000000d5580000, 0x00000000d8480000, 0x0000000100000000)
  eden space 16896K, 0% used [0x00000000d5580000,0x00000000d5580000,0x00000000d6600000)
  from space 9728K, 95% used [0x00000000d7b00000,0x00000000d840fe48,0x00000000d8480000)
  to   space 11264K, 0% used [0x00000000d6e80000,0x00000000d6e80000,0x00000000d7980000)
 ParOldGen       total 980480K, used 980099K [0x0000000080000000, 0x00000000bbd80000, 0x00000000d55800Event: 2065.118 {heap Before GC invocations=2842 (full 8):
 PSYoungGen      total 26624K, used 26175K [0x00000000d5580000, 0x00000000d8480000, 0x0000000100000000)
  eden space 16896K, 100% used [0x00000000d5580000,0x00000000d6600000,0x00000000d6600000)
  from space 9728K, 95% used [0x00000000d7b00000,0x00000000d840fe48,0x00000000d8480000)
  to   space 11264K, 0% used [0x00000000d6e80000,0x00000000d6e80000,0x00000000d7980000)
 ParOldGen       total 980480K, used 980099K [0x0000000080000000, 0x00000000bbd80000, 0x00000000d5Event: 2065.141 {heap After GC invocations=2842 (full 8):
 PSYoungGen      total 32256K, used 6525K [0x00000000d5580000, 0x00000000d7b80000, 0x0000000100000000)
  eden space 25600K, 0% used [0x00000000d5580000,0x00000000d5580000,0x00000000d6e80000)
  from space 6656K, 98% used [0x00000000d6e80000,0x00000000d74df5b8,0x00000000d7500000)
  to   space 6656K, 0% used [0x00000000d7500000,0x00000000d7500000,0x00000000d7b80000)
 ParOldGen       total 982528K, used 982291K [0x0000000080000000, 0x00000000bbf80000, 0x00000000d558000Event: 2065.388 {heap Before GC invocations=2843 (full 8):
 PSYoungGen      total 32256K, used 32125K [0x00000000d5580000, 0x00000000d7b80000, 0x0000000100000000)
  eden space 25600K, 100% used [0x00000000d5580000,0x00000000d6e80000,0x00000000d6e80000)
  from space 6656K, 98% used [0x00000000d6e80000,0x00000000d74df5b8,0x00000000d7500000)
  to   space 6656K, 0% used [0x00000000d7500000,0x00000000d7500000,0x00000000d7b80000)
 ParOldGen       total 982528K, used 982291K [0x0000000080000000, 0x00000000bbf80000, 0x00000000d55Event: 2065.391 {heap After GC invocations=2843 (full 8):
 PSYoungGen      total 28160K, used 1012K [0x00000000d5580000, 0x00000000d7680000, 0x0000000100000000)
  eden space 26624K, 0% used [0x00000000d5580000,0x00000000d5580000,0x00000000d6f80000)
  from space 1536K, 65% used [0x00000000d7500000,0x00000000d75fd2a8,0x00000000d7680000)
  to   space 3584K, 0% used [0x00000000d6f80000,0x00000000d6f80000,0x00000000d7300000)
 ParOldGen       total 982528K, used 982499K [0x0000000080000000, 0x00000000bbf80000, 0x00000000d558000Event: 2085.330 {heap Before GC invocations=2844 (full 8):
 PSYoungGen      total 28160K, used 26831K [0x00000000d5580000, 0x00000000d7680000, 0x0000000100000000)
  eden space 26624K, 96% used [0x00000000d5580000,0x00000000d6eb6be8,0x00000000d6f80000)
  from space 1536K, 65% used [0x00000000d7500000,0x00000000d75fd2a8,0x00000000d7680000)
  to   space 3584K, 0% used [0x00000000d6f80000,0x00000000d6f80000,0x00000000d7300000)
 ParOldGen       total 982528K, used 982499K [0x0000000080000000, 0x00000000bbf80000, 0x00000000d558Event: 2085.340 {heap After GC invocations=2844 (full 8):
 PSYoungGen      total 29696K, used 3556K [0x00000000d5580000, 0x00000000d9900000, 0x0000000100000000)
  eden space 26112K, 0% used [0x00000000d5580000,0x00000000d5580000,0x00000000d6f00000)
  from space 3584K, 99% used [0x00000000d6f80000,0x00000000d72f9040,0x00000000d7300000)
  to   space 21504K, 0% used [0x00000000d8400000,0x00000000d8400000,0x00000000d9900000)
 ParOldGen       total 997376K, used 997027K [0x0000000080000000, 0x00000000bce00000, 0x00000000d55800Event: 2086.053 {heap Before GC invocations=2845 (full 8):
 PSYoungGen      total 29696K, used 29660K [0x00000000d5580000, 0x00000000d9900000, 0x0000000100000000)
  eden space 26112K, 99% used [0x00000000d5580000,0x00000000d6efdff0,0x00000000d6f00000)
  from space 3584K, 99% used [0x00000000d6f80000,0x00000000d72f9040,0x00000000d7300000)
  to   space 21504K, 0% used [0x00000000d8400000,0x00000000d8400000,0x00000000d9900000)
 ParOldGen       total 997376K, used 997027K [0x0000000080000000, 0x00000000bce00000, 0x00000000d55Event: 2086.058 {heap After GC invocations=2845 (full 8):
 PSYoungGen      total 34816K, used 8747K [0x00000000d5580000, 0x00000000d8d00000, 0x0000000100000000)
  eden space 25600K, 0% used [0x00000000d5580000,0x00000000d5580000,0x00000000d6e80000)
  from space 9216K, 94% used [0x00000000d8400000,0x00000000d8c8ad40,0x00000000d8d00000)
  to   space 12288K, 0% used [0x00000000d7500000,0x00000000d7500000,0x00000000d8100000)
 ParOldGen       total 997376K, used 997195K [0x0000000080000000, 0x00000000bce00000, 0x00000000d55800
Metaspace Usage History (20 events):
Event: 2057.802 {metaspace Before GC invocations=2836 (full 8):
 Metaspace       used 88143K, committed 89792K, reserved 1179648K
  class space    used 7482K, committed 8256K, reserved 1048576K
}
Event: 2057.813 {metaspace After GC invocations=2836 (full 8):
 Metaspace       used 88143K, committed 89792K, reserved 1179648K
  class space    used 7482K, committed 8256K, reserved 1048576K
}
Event: 2059.947 {metaspace Before GC invocations=2837 (full 8):
 Metaspace       used 88143K, committed 89792K, reserved 1179648K
  class space    used 7482K, committed 8256K, reserved 1048576K
}
Event: 2059.949 {metaspace After GC invocations=2837 (full 8):
 Metaspace       used 88143K, committed 89792K, reserved 1179648K
  class space    used 7482K, committed 8256K, reserved 1048576K
}
Event: 2064.787 {metaspace Before GC invocations=2838 (full 8):
 Metaspace       used 88144K, committed 89792K, reserved 1179648K
  class space    used 7482K, committed 8256K, reserved 1048576K
}
Event: 2064.793 {metaspace After GC invocations=2838 (full 8):
 Metaspace       used 88144K, committed 89792K, reserved 1179648K
  class space    used 7482K, committed 8256K, reserved 1048576K
}
Event: 2064.838 {metaspace Before GC invocations=2839 (full 8):
 Metaspace       used 88144K, committed 89792K, reserved 1179648K
  class space    used 7482K, committed 8256K, reserved 1048576K
}
Event: 2064.845 {metaspace After GC invocations=2839 (full 8):
 Metaspace       used 88144K, committed 89792K, reserved 1179648K
  class space    used 7482K, committed 8256K, reserved 1048576K
}
Event: 2064.969 {metaspace Before GC invocations=2840 (full 8):
 Metaspace       used 88147K, committed 89792K, reserved 1179648K
  class space    used 7482K, committed 8256K, reserved 1048576K
}
Event: 2064.973 {metaspace After GC invocations=2840 (full 8):
 Metaspace       used 88147K, committed 89792K, reserved 1179648K
  class space    used 7482K, committed 8256K, reserved 1048576K
}
Event: 2065.014 {metaspace Before GC invocations=2841 (full 8):
 Metaspace       used 88147K, committed 89792K, reserved 1179648K
  class space    used 7482K, committed 8256K, reserved 1048576K
}
Event: 2065.019 {metaspace After GC invocations=2841 (full 8):
 Metaspace       used 88147K, committed 89792K, reserved 1179648K
  class space    used 7482K, committed 8256K, reserved 1048576K
}
Event: 2065.118 {metaspace Before GC invocations=2842 (full 8):
 Metaspace       used 88147K, committed 89792K, reserved 1179648K
  class space    used 7482K, committed 8256K, reserved 1048576K
}
Event: 2065.141 {metaspace After GC invocations=2842 (full 8):
 Metaspace       used 88147K, committed 89792K, reserved 1179648K
  class space    used 7482K, committed 8256K, reserved 1048576K
}
Event: 2065.388 {metaspace Before GC invocations=2843 (full 8):
 Metaspace       used 88148K, committed 89792K, reserved 1179648K
  class space    used 7482K, committed 8256K, reserved 1048576K
}
Event: 2065.391 {metaspace After GC invocations=2843 (full 8):
 Metaspace       used 88148K, committed 89792K, reserved 1179648K
  class space    used 7482K, committed 8256K, reserved 1048576K
}
Event: 2085.330 {metaspace Before GC invocations=2844 (full 8):
 Metaspace       used 88444K, committed 90112K, reserved 1179648K
  class space    used 7523K, committed 8320K, reserved 1048576K
}
Event: 2085.341 {metaspace After GC invocations=2844 (full 8):
 Metaspace       used 88444K, committed 90112K, reserved 1179648K
  class space    used 7523K, committed 8320K, reserved 1048576K
}
Event: 2086.053 {metaspace Before GC invocations=2845 (full 8):
 Metaspace       used 88960K, committed 90752K, reserved 1179648K
  class space    used 7610K, committed 8448K, reserved 1048576K
}
Event: 2086.058 {metaspace After GC invocations=2845 (full 8):
 Metaspace       used 88960K, committed 90752K, reserved 1179648K
  class space    used 7610K, committed 8448K, reserved 1048576K
}

Dll operation events (10 events):
Event: 0.015 Loaded shared library C:\Program Files\Java\jdk-25\bin\java.dll
Event: 0.036 Loaded shared library C:\Program Files\Java\jdk-25\bin\zip.dll
Event: 0.116 Loaded shared library C:\Program Files\Java\jdk-25\bin\instrument.dll
Event: 0.120 Loaded shared library C:\Program Files\Java\jdk-25\bin\net.dll
Event: 0.123 Loaded shared library C:\Program Files\Java\jdk-25\bin\nio.dll
Event: 0.126 Loaded shared library C:\Program Files\Java\jdk-25\bin\zip.dll
Event: 0.149 Loaded shared library C:\Program Files\Java\jdk-25\bin\jimage.dll
Event: 0.244 Loaded shared library C:\Program Files\Java\jdk-25\bin\verify.dll
Event: 1.151 Loaded shared library C:\Users\wakam\AppData\Roaming\Code\User\globalStorage\redhat.java\1.54.2026041108\config_win\org.eclipse.equinox.launcher\org.eclipse.equinox.launcher.win32.win32.x86_64_1.3.0.v20260203-2149\eclipse_11919.dll
Event: 2.642 Loaded shared library C:\Users\wakam\AppData\Local\Temp\jna-112894669\jna10390392084827187066.dll

Deoptimization events (20 events):
Event: 2086.049 Thread 0x00000234c918fce0 Uncommon trap: trap_request=0xffffff45 fr.pc=0x00000234d9b48fb8 relative=0x0000000000000938
Event: 2086.049 Thread 0x00000234c918fce0 Uncommon trap: reason=unstable_if action=reinterpret pc=0x00000234d9b48fb8 method=java.lang.invoke.LambdaForm$BasicType.basicType(C)Ljava/lang/invoke/LambdaForm$BasicType; @ 1 c2
Event: 2086.049 Thread 0x00000234c918fce0 DEOPT PACKING pc=0x00000234d9b48fb8 sp=0x0000007ada0fe120
Event: 2086.049 Thread 0x00000234c918fce0 DEOPT UNPACKING pc=0x00000234d9055d02 sp=0x0000007ada0fdf20 mode 2
Event: 2086.090 Thread 0x00000234c918fce0 Uncommon trap: trap_request=0xffffffd6 fr.pc=0x00000234d98d0d84 relative=0x0000000000000504
Event: 2086.090 Thread 0x00000234c918fce0 Uncommon trap: reason=array_check action=maybe_recompile pc=0x00000234d98d0d84 method=jdk.internal.classfile.impl.DirectClassBuilder.withMethod(Ljdk/internal/classfile/impl/Util$Writable;)Ljava/lang/classfile/ClassBuilder; @ 51 c2
Event: 2086.090 Thread 0x00000234c918fce0 DEOPT PACKING pc=0x00000234d98d0d84 sp=0x0000007ada0fdd20
Event: 2086.090 Thread 0x00000234c918fce0 DEOPT UNPACKING pc=0x00000234d9055d02 sp=0x0000007ada0fdc78 mode 2
Event: 2086.090 Thread 0x00000234c918fce0 Uncommon trap: trap_request=0xffffffd6 fr.pc=0x00000234d98d0d84 relative=0x0000000000000504
Event: 2086.090 Thread 0x00000234c918fce0 Uncommon trap: reason=array_check action=maybe_recompile pc=0x00000234d98d0d84 method=jdk.internal.classfile.impl.DirectClassBuilder.withMethod(Ljdk/internal/classfile/impl/Util$Writable;)Ljava/lang/classfile/ClassBuilder; @ 51 c2
Event: 2086.090 Thread 0x00000234c918fce0 DEOPT PACKING pc=0x00000234d98d0d84 sp=0x0000007ada0fdcd0
Event: 2086.090 Thread 0x00000234c918fce0 DEOPT UNPACKING pc=0x00000234d9055d02 sp=0x0000007ada0fdc28 mode 2
Event: 2086.090 Thread 0x00000234c918fce0 Uncommon trap: trap_request=0xffffffd6 fr.pc=0x00000234d98d0d84 relative=0x0000000000000504
Event: 2086.090 Thread 0x00000234c918fce0 Uncommon trap: reason=array_check action=maybe_recompile pc=0x00000234d98d0d84 method=jdk.internal.classfile.impl.DirectClassBuilder.withMethod(Ljdk/internal/classfile/impl/Util$Writable;)Ljava/lang/classfile/ClassBuilder; @ 51 c2
Event: 2086.090 Thread 0x00000234c918fce0 DEOPT PACKING pc=0x00000234d98d0d84 sp=0x0000007ada0fdd20
Event: 2086.090 Thread 0x00000234c918fce0 DEOPT UNPACKING pc=0x00000234d9055d02 sp=0x0000007ada0fdc78 mode 2
Event: 2086.090 Thread 0x00000234c918fce0 Uncommon trap: trap_request=0xffffffd6 fr.pc=0x00000234d98d0d84 relative=0x0000000000000504
Event: 2086.090 Thread 0x00000234c918fce0 Uncommon trap: reason=array_check action=maybe_recompile pc=0x00000234d98d0d84 method=jdk.internal.classfile.impl.DirectClassBuilder.withMethod(Ljdk/internal/classfile/impl/Util$Writable;)Ljava/lang/classfile/ClassBuilder; @ 51 c2
Event: 2086.090 Thread 0x00000234c918fce0 DEOPT PACKING pc=0x00000234d98d0d84 sp=0x0000007ada0fdcd0
Event: 2086.090 Thread 0x00000234c918fce0 DEOPT UNPACKING pc=0x00000234d9055d02 sp=0x0000007ada0fdc28 mode 2

Classes loaded (20 events):
Event: 2085.192 Loading class java/util/zip/Deflater
Event: 2085.193 Loading class java/util/zip/Deflater done
Event: 2085.194 Loading class java/util/zip/Deflater$DeflaterZStreamRef
Event: 2085.194 Loading class java/util/zip/Deflater$DeflaterZStreamRef done
Event: 2085.238 Loading class java/lang/Throwable$WrappedPrintWriter
Event: 2085.238 Loading class java/lang/Throwable$PrintStreamOrWriter
Event: 2085.238 Loading class java/lang/Throwable$PrintStreamOrWriter done
Event: 2085.238 Loading class java/lang/Throwable$WrappedPrintWriter done
Event: 2085.972 Loading class javax/security/auth/login/Configuration
Event: 2085.972 Loading class javax/security/auth/login/Configuration done
Event: 2086.030 Loading class java/lang/invoke/GenerateJLIClassesHelper
Event: 2086.030 Loading class java/lang/invoke/GenerateJLIClassesHelper done
Event: 2086.030 Loading class java/lang/invoke/GenerateJLIClassesHelper$HolderClassBuilder
Event: 2086.031 Loading class java/lang/invoke/GenerateJLIClassesHelper$HolderClassBuilder done
Event: 2086.066 Loading class java/lang/invoke/BoundMethodHandle$Species_J
Event: 2086.066 Loading class java/lang/invoke/BoundMethodHandle$Species_J done
Event: 2086.082 Loading class java/lang/invoke/BoundMethodHandle$Species_F
Event: 2086.082 Loading class java/lang/invoke/BoundMethodHandle$Species_F done
Event: 2086.085 Loading class java/lang/classfile/CodeModel
Event: 2086.085 Loading class java/lang/classfile/CodeModel done

Classes unloaded (13 events):
Event: 3.402 Thread 0x00000234c923a540 Unloading class 0x000000001a182000 'java/lang/invoke/LambdaForm$MH+0x000000001a182000'
Event: 3.402 Thread 0x00000234c923a540 Unloading class 0x000000001a181c00 'java/lang/invoke/LambdaForm$MH+0x000000001a181c00'
Event: 3.402 Thread 0x00000234c923a540 Unloading class 0x000000001a181800 'java/lang/invoke/LambdaForm$MH+0x000000001a181800'
Event: 3.402 Thread 0x00000234c923a540 Unloading class 0x000000001a181400 'java/lang/invoke/LambdaForm$MH+0x000000001a181400'
Event: 3.402 Thread 0x00000234c923a540 Unloading class 0x000000001a181000 'java/lang/invoke/LambdaForm$BMH+0x000000001a181000'
Event: 3.402 Thread 0x00000234c923a540 Unloading class 0x000000001a180c00 'java/lang/invoke/LambdaForm$DMH+0x000000001a180c00'
Event: 3.402 Thread 0x00000234c923a540 Unloading class 0x000000001a13b400 'java/lang/invoke/LambdaForm$DMH+0x000000001a13b400'
Event: 12.058 Thread 0x00000234c923a540 Unloading class 0x000000001a549400 'java/lang/invoke/LambdaForm$DMH+0x000000001a549400'
Event: 64.484 Thread 0x00000234c923a540 Unloading class 0x000000001a614400 'java/lang/invoke/LambdaForm$DMH+0x000000001a614400'
Event: 64.484 Thread 0x00000234c923a540 Unloading class 0x000000001a5b1c00 'java/lang/invoke/LambdaForm$DMH+0x000000001a5b1c00'
Event: 64.484 Thread 0x00000234c923a540 Unloading class 0x000000001a5b1800 'java/lang/invoke/LambdaForm$DMH+0x000000001a5b1800'
Event: 64.484 Thread 0x00000234c923a540 Unloading class 0x000000001a5b1400 'java/lang/invoke/LambdaForm$DMH+0x000000001a5b1400'
Event: 64.484 Thread 0x00000234c923a540 Unloading class 0x000000001a5b0c00 'java/lang/invoke/LambdaForm$DMH+0x000000001a5b0c00'

Classes redefined (0 events):
No events

Internal exceptions (20 events):
Event: 2086.088 Thread 0x00000234c918fce0 Exception <a 'java/lang/NoSuchMethodError'{0x00000000d6515cf8}: 'java.lang.Object java.lang.invoke.Invokers$Holder.invoke_MT(java.lang.Object, java.lang.Object, java.lang.Object, java.lang.Object, java.lang.Object)'> (0x00000000d6515cf8) 
thrown [s\open\src\hotspot\share\interpreter\linkResolver.cpp, line 804]
Event: 2086.088 Thread 0x00000234c918fce0 Exception <a 'java/lang/NoSuchMethodError'{0x00000000d651e420}: 'java.lang.Object java.lang.invoke.Invokers$Holder.invoke_MT(java.lang.Object, int, java.lang.Object)'> (0x00000000d651e420) 
thrown [s\open\src\hotspot\share\interpreter\linkResolver.cpp, line 804]
Event: 2086.088 Thread 0x00000234c918fce0 Exception <a 'java/lang/NoSuchMethodError'{0x00000000d6526be0}: 'void java.lang.invoke.Invokers$Holder.invoke_MT(java.lang.Object, java.lang.Object, int, java.lang.Object)'> (0x00000000d6526be0) 
thrown [s\open\src\hotspot\share\interpreter\linkResolver.cpp, line 804]
Event: 2086.089 Thread 0x00000234c918fce0 Exception <a 'java/lang/NoSuchMethodError'{0x00000000d652f028}: 'int java.lang.invoke.Invokers$Holder.invoke_MT(java.lang.Object, java.lang.Object)'> (0x00000000d652f028) 
thrown [s\open\src\hotspot\share\interpreter\linkResolver.cpp, line 804]
Event: 2086.089 Thread 0x00000234c918fce0 Exception <a 'java/lang/NoSuchMethodError'{0x00000000d65374a8}: 'long java.lang.invoke.Invokers$Holder.invoke_MT(java.lang.Object, java.lang.Object)'> (0x00000000d65374a8) 
thrown [s\open\src\hotspot\share\interpreter\linkResolver.cpp, line 804]
Event: 2086.089 Thread 0x00000234c918fce0 Exception <a 'java/lang/NoSuchMethodError'{0x00000000d6543450}: 'java.lang.Object java.lang.invoke.Invokers$Holder.linkToCallSite(int, int, int, java.lang.Object)'> (0x00000000d6543450) 
thrown [s\open\src\hotspot\share\interpreter\linkResolver.cpp, line 804]
Event: 2086.089 Thread 0x00000234c918fce0 Exception <a 'java/lang/NoSuchMethodError'{0x00000000d654bd90}: 'java.lang.Object java.lang.invoke.Invokers$Holder.linkToCallSite(int, long, java.lang.Object)'> (0x00000000d654bd90) 
thrown [s\open\src\hotspot\share\interpreter\linkResolver.cpp, line 804]
Event: 2086.089 Thread 0x00000234c918fce0 Exception <a 'java/lang/NoSuchMethodError'{0x00000000d6553f18}: 'java.lang.Object java.lang.invoke.Invokers$Holder.linkToCallSite(int, java.lang.Object, java.lang.Object, java.lang.Object)'> (0x00000000d6553f18) 
thrown [s\open\src\hotspot\share\interpreter\linkResolver.cpp, line 804]
Event: 2086.089 Thread 0x00000234c918fce0 Exception <a 'java/lang/NoSuchMethodError'{0x00000000d655fdb0}: 'java.lang.Object java.lang.invoke.Invokers$Holder.linkToCallSite(java.lang.Object, java.lang.Object, java.lang.Object, int, java.lang.Object, java.lang.Object, java.lang.Object)'> (0x00000000d655fdb0) 
thrown [s\open\src\hotspot\share\interpreter\linkResolver.cpp, line 804]
Event: 2086.089 Thread 0x00000234c918fce0 Exception <a 'java/lang/NoSuchMethodError'{0x00000000d6568310}: 'java.lang.Object java.lang.invoke.Invokers$Holder.linkToCallSite(java.lang.Object, java.lang.Object, java.lang.Object, int, java.lang.Object, java.lang.Object)'> (0x00000000d6568310) 
thrown [s\open\src\hotspot\share\interpreter\linkResolver.cpp, line 804]
Event: 2086.089 Thread 0x00000234c918fce0 Exception <a 'java/lang/NoSuchMethodError'{0x00000000d65735b0}: 'java.lang.Object java.lang.invoke.Invokers$Holder.linkToCallSite(java.lang.Object, java.lang.Object, java.lang.Object, java.lang.Object, java.lang.Object, java.lang.Object, java.lang.Object, java.lang.Object, java.lang.Object, int, java.lang.Object, java.lang.Object, java.lang.Object, java.lang.Object)'> (0x00000000d65735b0) 
thrown [s\open\src\hotspot\share\interpreter\linkResolver.cpp, line 804]
Event: 2086.090 Thread 0x00000234c918fce0 Exception <a 'java/lang/NoSuchMethodError'{0x00000000d657e8d0}: 'java.lang.Object java.lang.invoke.Invokers$Holder.linkToCallSite(java.lang.Object, int, java.lang.Object, java.lang.Object, java.lang.Object)'> (0x00000000d657e8d0) 
thrown [s\open\src\hotspot\share\interpreter\linkResolver.cpp, line 804]
Event: 2086.090 Thread 0x00000234c918fce0 Exception <a 'java/lang/NoSuchMethodError'{0x00000000d6586d38}: 'java.lang.Object java.lang.invoke.Invokers$Holder.linkToCallSite(java.lang.Object, int, java.lang.Object, java.lang.Object, java.lang.Object, java.lang.Object, java.lang.Object)'> (0x00000000d6586d38) 
thrown [s\open\src\hotspot\share\interpreter\linkResolver.cpp, line 804]
Event: 2086.090 Thread 0x00000234c918fce0 Exception <a 'java/lang/NoSuchMethodError'{0x00000000d658f288}: 'java.lang.Object java.lang.invoke.Invokers$Holder.linkToCallSite(java.lang.Object, int, java.lang.Object, int, java.lang.Object, java.lang.Object)'> (0x00000000d658f288) 
thrown [s\open\src\hotspot\share\interpreter\linkResolver.cpp, line 804]
Event: 2086.090 Thread 0x00000234c918fce0 Exception <a 'java/lang/NoSuchMethodError'{0x00000000d6597830}: 'java.lang.Object java.lang.invoke.Invokers$Holder.linkToCallSite(java.lang.Object, int, java.lang.Object, java.lang.Object)'> (0x00000000d6597830) 
thrown [s\open\src\hotspot\share\interpreter\linkResolver.cpp, line 804]
Event: 2086.090 Thread 0x00000234c918fce0 Exception <a 'java/lang/NoSuchMethodError'{0x00000000d65a0478}: 'java.lang.Object java.lang.invoke.Invokers$Holder.linkToCallSite(java.lang.Object, long, java.lang.Object, java.lang.Object)'> (0x00000000d65a0478) 
thrown [s\open\src\hotspot\share\interpreter\linkResolver.cpp, line 804]
Event: 2086.090 Thread 0x00000234c918fce0 Exception <a 'java/lang/NoSuchMethodError'{0x00000000d65a8720}: 'java.lang.Object java.lang.invoke.Invokers$Holder.linkToCallSite(java.lang.Object, long, java.lang.Object)'> (0x00000000d65a8720) 
thrown [s\open\src\hotspot\share\interpreter\linkResolver.cpp, line 804]
Event: 2086.090 Thread 0x00000234c918fce0 Exception <a 'java/lang/NoSuchMethodError'{0x00000000d65b0980}: 'java.lang.Object java.lang.invoke.Invokers$Holder.linkToCallSite(java.lang.Object, java.lang.Object, int, java.lang.Object, java.lang.Object)'> (0x00000000d65b0980) 
thrown [s\open\src\hotspot\share\interpreter\linkResolver.cpp, line 804]
Event: 2086.091 Thread 0x00000234c918fce0 Exception <a 'java/lang/NoSuchMethodError'{0x00000000d65b8cc8}: 'java.lang.Object java.lang.invoke.Invokers$Holder.linkToCallSite(java.lang.Object, java.lang.Object, int, java.lang.Object)'> (0x00000000d65b8cc8) 
thrown [s\open\src\hotspot\share\interpreter\linkResolver.cpp, line 804]
Event: 2086.091 Thread 0x00000234c918fce0 Exception <a 'java/lang/NoSuchMethodError'{0x00000000d65c1280}: 'java.lang.Object java.lang.invoke.Invokers$Holder.linkToCallSite(java.lang.Object, java.lang.Object, long, java.lang.Object)'> (0x00000000d65c1280) 
thrown [s\open\src\hotspot\share\interpreter\linkResolver.cpp, line 804]

VM Operations (20 events):
Event: 2065.019 Executing safepoint VM operation: ParallelCollectForAllocation (Allocation Failure) done
Event: 2065.118 Executing safepoint VM operation: ParallelCollectForAllocation (Allocation Failure)
Event: 2065.141 Executing safepoint VM operation: ParallelCollectForAllocation (Allocation Failure) done
Event: 2065.388 Executing safepoint VM operation: ParallelCollectForAllocation (Allocation Failure)
Event: 2065.391 Executing safepoint VM operation: ParallelCollectForAllocation (Allocation Failure) done
Event: 2085.274 Executing non-safepoint VM operation: HandshakeAllThreads (Deoptimize)
Event: 2085.274 Executing non-safepoint VM operation: HandshakeAllThreads (Deoptimize) done
Event: 2085.330 Executing safepoint VM operation: ParallelCollectForAllocation (Allocation Failure)
Event: 2085.341 Executing safepoint VM operation: ParallelCollectForAllocation (Allocation Failure) done
Event: 2085.997 Executing non-safepoint VM operation: HandshakeAllThreads (Deoptimize)
Event: 2085.997 Executing non-safepoint VM operation: HandshakeAllThreads (Deoptimize) done
Event: 2086.002 Executing non-safepoint VM operation: HandshakeAllThreads (Deoptimize)
Event: 2086.002 Executing non-safepoint VM operation: HandshakeAllThreads (Deoptimize) done
Event: 2086.005 Executing non-safepoint VM operation: HandshakeAllThreads (Deoptimize)
Event: 2086.005 Executing non-safepoint VM operation: HandshakeAllThreads (Deoptimize) done
Event: 2086.010 Executing non-safepoint VM operation: HandshakeAllThreads (Deoptimize)
Event: 2086.010 Executing non-safepoint VM operation: HandshakeAllThreads (Deoptimize) done
Event: 2086.053 Executing safepoint VM operation: ParallelCollectForAllocation (Allocation Failure)
Event: 2086.058 Executing safepoint VM operation: ParallelCollectForAllocation (Allocation Failure) done
Event: 2086.098 Executing safepoint VM operation: PopulateDumpSharedSpace

Memory protections (0 events):
No events

Nmethod flushes (20 events):
Event: 1704.825 Thread 0x00000234c923a540 flushing  nmethod 0x00000234d4ab3208
Event: 1704.825 Thread 0x00000234c923a540 flushing  nmethod 0x00000234d4ab4488
Event: 1704.825 Thread 0x00000234c923a540 flushing  nmethod 0x00000234d4ab4988
Event: 1704.825 Thread 0x00000234c923a540 flushing  nmethod 0x00000234d4ab4d88
Event: 1704.825 Thread 0x00000234c923a540 flushing  nmethod 0x00000234d4ab6e08
Event: 1704.825 Thread 0x00000234c923a540 flushing  nmethod 0x00000234d4ab9408
Event: 1704.825 Thread 0x00000234c923a540 flushing  nmethod 0x00000234d4ab9808
Event: 1704.825 Thread 0x00000234c923a540 flushing  nmethod 0x00000234d4abc208
Event: 1704.825 Thread 0x00000234c923a540 flushing  nmethod 0x00000234d4abc508
Event: 1704.825 Thread 0x00000234c923a540 flushing  nmethod 0x00000234d4abc808
Event: 1704.825 Thread 0x00000234c923a540 flushing  nmethod 0x00000234d4abd508
Event: 1704.825 Thread 0x00000234c923a540 flushing  nmethod 0x00000234d4abfe88
Event: 1704.825 Thread 0x00000234c923a540 flushing  nmethod 0x00000234d4ac1988
Event: 1704.825 Thread 0x00000234c923a540 flushing  nmethod 0x00000234d4ac1d08
Event: 1704.825 Thread 0x00000234c923a540 flushing  nmethod 0x00000234d4ac4608
Event: 1704.825 Thread 0x00000234c923a540 flushing  nmethod 0x00000234d4ac4908
Event: 1704.825 Thread 0x00000234c923a540 flushing  nmethod 0x00000234d4ac4c88
Event: 1704.825 Thread 0x00000234c923a540 flushing  nmethod 0x00000234d4ac9a88
Event: 1704.825 Thread 0x00000234c923a540 flushing  nmethod 0x00000234d4ac9d88
Event: 1704.825 Thread 0x00000234c923a540 flushing  nmethod 0x00000234d4ad3e08

Events (20 events):
Event: 2085.239 Thread 0x00000234c91a3f20 Thread added: 0x00000234ec88a3f0
Event: 2085.241 Thread 0x00000234c918fce0 Thread added: 0x00000234eb3f9a90
Event: 2085.965 Thread 0x00000234ea3bebe0 Thread exited: 0x00000234ea3bebe0
Event: 2085.966 Thread 0x00000234ec88a3f0 Thread exited: 0x00000234ec88a3f0
Event: 2085.979 Thread 0x00000234e9b56dd0 Thread exited: 0x00000234e9b56dd0
Event: 2085.979 Thread 0x00000234ea3c0350 Thread exited: 0x00000234ea3c0350
Event: 2085.979 Thread 0x00000234e97b8150 Thread exited: 0x00000234e97b8150
Event: 2085.979 Thread 0x00000234e9b5db30 Thread exited: 0x00000234e9b5db30
Event: 2085.979 Thread 0x00000234ea3bfb80 Thread exited: 0x00000234ea3bfb80
Event: 2085.981 Thread 0x00000234e9b575a0 Thread exited: 0x00000234e9b575a0
Event: 2085.984 Thread 0x00000234e9b59cb0 Thread exited: 0x00000234e9b59cb0
Event: 2085.984 Thread 0x00000234e9b8b3f0 Thread exited: 0x00000234e9b8b3f0
Event: 2085.985 Thread 0x00000234e98e2cd0 Thread exited: 0x00000234e98e2cd0
Event: 2085.985 Thread 0x00000234e98eb830 Thread exited: 0x00000234e98eb830
Event: 2085.987 Thread 0x00000234eb3f9a90 Thread exited: 0x00000234eb3f9a90
Event: 2085.987 Thread 0x00000234c918fce0 Thread added: 0x00000234eb3fc1a0
Event: 2085.988 Thread 0x00000234eb3fc1a0 Thread exited: 0x00000234eb3fc1a0
Event: 2085.988 Thread 0x00000234c918fce0 Before exit entered
Event: 2086.060 Thread 0x00000234c91a3f20 Thread added: 0x00000234ee068950
Event: 2086.094 Thread 0x00000234c91a3f20 Thread added: 0x00000234ee8b4f80


Dynamic libraries:
0x00007ff655ba0000 - 0x00007ff655bb0000 	C:\Program Files\Java\jdk-25\bin\java.exe
0x00007ff9ef220000 - 0x00007ff9ef487000 	C:\Windows\SYSTEM32\ntdll.dll
0x00007ff9edf90000 - 0x00007ff9ee059000 	C:\Windows\System32\KERNEL32.DLL
0x00007ff9ec990000 - 0x00007ff9ecd81000 	C:\Windows\System32\KERNELBASE.dll
0x00007ff9ebb00000 - 0x00007ff9ebc4b000 	C:\Windows\System32\ucrtbase.dll
0x00007ff9d9930000 - 0x00007ff9d9947000 	C:\Program Files\Java\jdk-25\bin\jli.dll
0x00007ff9d9d20000 - 0x00007ff9d9d3e000 	C:\Program Files\Java\jdk-25\bin\VCRUNTIME140.dll
0x00007ff9ed280000 - 0x00007ff9ed445000 	C:\Windows\System32\USER32.dll
0x00007ff9ecf90000 - 0x00007ff9ecfb7000 	C:\Windows\System32\win32u.dll
0x00007ff9cf100000 - 0x00007ff9cf393000 	C:\Windows\WinSxS\amd64_microsoft.windows.common-controls_6595b64144ccf1df_6.0.26100.8037_none_3e092faae333b53b\COMCTL32.dll
0x00007ff9ee180000 - 0x00007ff9ee229000 	C:\Windows\System32\msvcrt.dll
0x00007ff9ed1c0000 - 0x00007ff9ed1eb000 	C:\Windows\System32\GDI32.dll
0x00007ff9ebd10000 - 0x00007ff9ebe3b000 	C:\Windows\System32\gdi32full.dll
0x00007ff9ec830000 - 0x00007ff9ec8d3000 	C:\Windows\System32\msvcp_win.dll
0x00007ff9ef190000 - 0x00007ff9ef1c1000 	C:\Windows\System32\IMM32.DLL
0x00007ff9da140000 - 0x00007ff9da14c000 	C:\Program Files\Java\jdk-25\bin\vcruntime140_1.dll
0x00007ff9d9470000 - 0x00007ff9d94fd000 	C:\Program Files\Java\jdk-25\bin\msvcp140.dll
0x00007ff967a00000 - 0x00007ff96885f000 	C:\Program Files\Java\jdk-25\bin\server\jvm.dll
0x00007ff9eef30000 - 0x00007ff9eefeb000 	C:\Windows\System32\ADVAPI32.dll
0x00007ff9eee80000 - 0x00007ff9eef27000 	C:\Windows\System32\sechost.dll
0x00007ff9ee060000 - 0x00007ff9ee178000 	C:\Windows\System32\RPCRT4.dll
0x00007ff9ed140000 - 0x00007ff9ed1b4000 	C:\Windows\System32\WS2_32.dll
0x00007ff9eb980000 - 0x00007ff9eb9de000 	C:\Windows\SYSTEM32\POWRPROF.dll
0x00007ff9e02f0000 - 0x00007ff9e0325000 	C:\Windows\SYSTEM32\WINMM.dll
0x00007ff9e5740000 - 0x00007ff9e574b000 	C:\Windows\SYSTEM32\VERSION.dll
0x00007ff9eb960000 - 0x00007ff9eb974000 	C:\Windows\SYSTEM32\UMPDC.dll
0x00007ff9ea850000 - 0x00007ff9ea86b000 	C:\Windows\SYSTEM32\kernel.appcore.dll
0x00007ff9d9e60000 - 0x00007ff9d9e6a000 	C:\Program Files\Java\jdk-25\bin\jimage.dll
0x00007ff9e2fb0000 - 0x00007ff9e31f2000 	C:\Windows\SYSTEM32\DBGHELP.DLL
0x00007ff9ee290000 - 0x00007ff9ee612000 	C:\Windows\System32\combase.dll
0x00007ff9eec40000 - 0x00007ff9eed17000 	C:\Windows\System32\OLEAUT32.dll
0x00007ff9c2110000 - 0x00007ff9c214b000 	C:\Windows\SYSTEM32\dbgcore.DLL
0x00007ff9ec8e0000 - 0x00007ff9ec985000 	C:\Windows\System32\bcryptPrimitives.dll
0x00007ff9d9d10000 - 0x00007ff9d9d20000 	C:\Program Files\Java\jdk-25\bin\instrument.dll
0x00007ff9d9450000 - 0x00007ff9d946f000 	C:\Program Files\Java\jdk-25\bin\java.dll
0x00007ff9eeff0000 - 0x00007ff9ef185000 	C:\Windows\System32\ole32.dll
0x00007ff9ed710000 - 0x00007ff9ede6f000 	C:\Windows\System32\SHELL32.dll
0x00007ff9ece20000 - 0x00007ff9ecf8a000 	C:\Windows\System32\wintypes.dll
0x00007ff9d90b0000 - 0x00007ff9d90c7000 	C:\Program Files\Java\jdk-25\bin\zip.dll
0x00007ff9ebfc0000 - 0x00007ff9ec824000 	C:\Windows\System32\windows.storage.dll
0x00007ff9ed040000 - 0x00007ff9ed137000 	C:\Windows\System32\SHCORE.dll
0x00007ff9ed450000 - 0x00007ff9ed4b7000 	C:\Windows\System32\shlwapi.dll
0x00007ff9eba20000 - 0x00007ff9eba49000 	C:\Windows\SYSTEM32\profapi.dll
0x00007ff9d3140000 - 0x00007ff9d3152000 	C:\Program Files\Java\jdk-25\bin\net.dll
0x00007ff9eada0000 - 0x00007ff9eae0b000 	C:\Windows\system32\mswsock.dll
0x00007ff9d9430000 - 0x00007ff9d9446000 	C:\Program Files\Java\jdk-25\bin\nio.dll
0x00007ff9d9920000 - 0x00007ff9d9930000 	C:\Program Files\Java\jdk-25\bin\verify.dll
0x00007ff9d2e40000 - 0x00007ff9d2e85000 	C:\Users\wakam\AppData\Roaming\Code\User\globalStorage\redhat.java\1.54.2026041108\config_win\org.eclipse.equinox.launcher\org.eclipse.equinox.launcher.win32.win32.x86_64_1.3.0.v20260203-2149\eclipse_11919.dll
0x00007ff9eb1a0000 - 0x00007ff9eb1bb000 	C:\Windows\SYSTEM32\CRYPTSP.dll
0x00007ff9ea7b0000 - 0x00007ff9ea7e9000 	C:\Windows\system32\rsaenh.dll
0x00007ff9eae50000 - 0x00007ff9eae82000 	C:\Windows\SYSTEM32\USERENV.dll
0x00007ff9eb9f0000 - 0x00007ff9eba1a000 	C:\Windows\SYSTEM32\bcrypt.dll
0x00007ff9eb000000 - 0x00007ff9eb00c000 	C:\Windows\SYSTEM32\CRYPTBASE.dll
0x00007ff9ea160000 - 0x00007ff9ea193000 	C:\Windows\SYSTEM32\IPHLPAPI.DLL
0x00007ff9ef1d0000 - 0x00007ff9ef1da000 	C:\Windows\System32\NSI.dll
0x00007ff9d2df0000 - 0x00007ff9d2e39000 	C:\Users\wakam\AppData\Local\Temp\jna-112894669\jna10390392084827187066.dll
0x00007ff9ed700000 - 0x00007ff9ed708000 	C:\Windows\System32\PSAPI.DLL
0x00007ff9e4d80000 - 0x00007ff9e4ea7000 	C:\Windows\SYSTEM32\winhttp.dll
0x00007ff9e4ff0000 - 0x00007ff9e500d000 	C:\Windows\SYSTEM32\dhcpcsvc6.DLL
0x00007ff9e4d50000 - 0x00007ff9e4d73000 	C:\Windows\SYSTEM32\dhcpcsvc.DLL
0x00007ff9ea970000 - 0x00007ff9ea9a6000 	C:\Windows\SYSTEM32\ntmarta.dll

JVMTI agents:
c:\Users\wakam\.vscode\extensions\redhat.java-1.54.2026041108-win32-x64\lombok\lombok-1.18.39-4050.jar path:C:\Program Files\Java\jdk-25\bin\instrument.dll, loaded, initialized, instrumentlib options:none

dbghelp: loaded successfully - version: 4.0.5 - missing functions: none
symbol engine: initialized successfully - sym options: 0x614 - pdb path: .;C:\Program Files\Java\jdk-25\bin;C:\Windows\SYSTEM32;C:\Windows\WinSxS\amd64_microsoft.windows.common-controls_6595b64144ccf1df_6.0.26100.8037_none_3e092faae333b53b;C:\Program Files\Java\jdk-25\bin\server;C:\Users\wakam\AppData\Roaming\Code\User\globalStorage\redhat.java\1.54.2026041108\config_win\org.eclipse.equinox.launcher\org.eclipse.equinox.launcher.win32.win32.x86_64_1.3.0.v20260203-2149;C:\Users\wakam\AppData\Local\Temp\jna-112894669

VM Arguments:
jvm_args: -Djdk.xml.maxGeneralEntitySizeLimit=0 -Djdk.xml.totalEntitySizeLimit=0 --add-modules=ALL-SYSTEM --add-opens=java.base/java.util=ALL-UNNAMED --add-opens=java.base/java.lang=ALL-UNNAMED --add-opens=java.base/sun.nio.fs=ALL-UNNAMED -Declipse.application=org.eclipse.jdt.ls.core.id1 -Dosgi.bundles.defaultStartLevel=4 -Declipse.product=org.eclipse.jdt.ls.core.product -Djava.import.generatesMetadataFilesAtProjectRoot=false -DDetectVMInstallationsJob.disabled=true -Dfile.encoding=utf8 -XX:+UseParallelGC -XX:GCTimeRatio=4 -XX:AdaptiveSizePolicyWeight=90 -Dsun.zip.disableMemoryMapping=true -Xmx2G -Xms100m -Xlog:disable -javaagent:c:\Users\wakam\.vscode\extensions\redhat.java-1.54.2026041108-win32-x64\lombok\lombok-1.18.39-4050.jar -XX:+HeapDumpOnOutOfMemoryError -XX:HeapDumpPath=c:\Users\wakam\AppData\Roaming\Code\User\workspaceStorage\21f1205e5cd5c5ef57f7413777eb285a\redhat.java -Daether.dependencyCollector.impl=bf -XX:+UnlockDiagnosticVMOptions -XX:+AllowArchivingWithJavaAgent -XX:+AutoCreateSharedArchive -XX:SharedArchiveFile=c:\Users\wakam\AppData\Roaming\Code\User\globalStorage\redhat.java\1.54.2026041108\jdtls.jsa 
java_command: c:\Users\wakam\.vscode\extensions\redhat.java-1.54.2026041108-win32-x64\server\plugins\org.eclipse.equinox.launcher_1.7.100.v20251111-0406.jar -configuration c:\Users\wakam\AppData\Roaming\Code\User\globalStorage\redhat.java\1.54.2026041108\config_win -data c:\Users\wakam\AppData\Roaming\Code\User\workspaceStorage\21f1205e5cd5c5ef57f7413777eb285a\redhat.java\jdt_ws --pipe=\\.\pipe\lsp-874a581f18fbd7a1c74bddd7d5934f8a-sock
java_class_path (initial): c:\Users\wakam\.vscode\extensions\redhat.java-1.54.2026041108-win32-x64\server\plugins\org.eclipse.equinox.launcher_1.7.100.v20251111-0406.jar
Launcher Type: SUN_STANDARD

[Global flags]
     bool AOTInvokeDynamicLinking                  = false                                  {diagnostic} {ergonomic}
     bool AOTRecordTraining                        = false                                  {diagnostic} {ergonomic}
     bool AOTReplayTraining                        = false                                  {diagnostic} {ergonomic}
     uint AdaptiveSizePolicyWeight                 = 90                                        {product} {command line}
     bool AllowArchivingWithJavaAgent              = true                                   {diagnostic} {command line}
    ccstr ArchiveClassesAtExit                     = c:\Users\wakam\AppData\Roaming\Code\User\globalStorage\redhat.java\1.54.2026041108\jdtls.jsa            {product} {ergonomic}
     bool AutoCreateSharedArchive                  = true                                      {product} {command line}
     intx CICompilerCount                          = 4                                         {product} {ergonomic}
     uint GCTimeRatio                              = 4                                         {product} {command line}
     bool HeapDumpOnOutOfMemoryError               = true                                   {manageable} {command line}
    ccstr HeapDumpPath                             = c:\Users\wakam\AppData\Roaming\Code\User\workspaceStorage\21f1205e5cd5c5ef57f7413777eb285a\redhat.java         {manageable} {command line}
   size_t InitialHeapSize                          = 104857600                                 {product} {command line}
   size_t MaxHeapSize                              = 2147483648                                {product} {command line}
   size_t MaxNewSize                               = 715653120                                 {product} {ergonomic}
   size_t MinHeapDeltaBytes                        = 524288                                    {product} {ergonomic}
   size_t MinHeapSize                              = 104857600                                 {product} {command line}
   size_t NewSize                                  = 34603008                                  {product} {ergonomic}
    uintx NonNMethodCodeHeapSize                   = 5832704                                {pd product} {ergonomic}
    uintx NonProfiledCodeHeapSize                  = 122945536                              {pd product} {ergonomic}
    uintx ProfiledCodeHeapSize                     = 122880000                              {pd product} {ergonomic}
    uintx ReservedCodeCacheSize                    = 251658240                              {pd product} {ergonomic}
     bool SegmentedCodeCache                       = true                                      {product} {ergonomic}
    ccstr SharedArchiveFile                        =                                           {product} {command line, ergonomic}
   size_t SoftMaxHeapSize                          = 2147483648                             {manageable} {ergonomic}
     bool UnlockDiagnosticVMOptions                = true                                   {diagnostic} {command line}
     bool UseCompressedOops                        = true                           {product lp64_product} {ergonomic}
     bool UseLargePagesIndividualAllocation        = false                                  {pd product} {ergonomic}
     bool UseParallelGC                            = true                                      {product} {command line}
      int X86ICacheSync                            = 2                                 {ARCH diagnostic} {ergonomic}

Logging:
Log output configuration:
 #0: stdout all=off uptime,level,tags foldmultilines=false
 #1: stderr all=off uptime,level,tags foldmultilines=false

Release file:
IMPLEMENTOR="Oracle Corporation" 
JAVA_RUNTIME_VERSION="25+37-LTS-3491" 
JAVA_VERSION="25" 
JAVA_VERSION_DATE="2025-09-16" 
LIBC="default" 
MODULES="java.base java.compiler java.datatransfer java.xml java.prefs java.desktop java.instrument java.logging java.management java.security.sasl java.naming java.rmi java.management.rmi java.net.http java.scripting java.security.jgss java.transaction.xa java.sql java.sql.rowset java.xml.crypto java.se java.smartcardio jdk.accessibility jdk.internal.jvmstat jdk.attach jdk.charsets jdk.internal.opt jdk.zipfs jdk.compiler jdk.crypto.cryptoki jdk.crypto.ec jdk.crypto.mscapi jdk.dynalink jdk.internal.ed jdk.editpad jdk.internal.vm.ci jdk.graal.compiler jdk.graal.compiler.management jdk.hotspot.agent jdk.httpserver jdk.incubator.vector jdk.internal.le jdk.internal.md jdk.jartool jdk.javadoc jdk.jcmd jdk.management jdk.management.agent jdk.jconsole jdk.jdeps jdk.jdwp.agent jdk.jdi jdk.jfr jdk.jlink jdk.jpackage jdk.jshell jdk.jsobject jdk.jstatd jdk.localedata jdk.management.jfr jdk.naming.dns jdk.naming.rmi jdk.net jdk.nio.mapmode jdk.sctp jdk.security.auth jdk.security.jgss jdk.unsupported jdk.unsupported.desktop jdk.xml.dom" 
OS_ARCH="x86_64" 
OS_NAME="Windows" 
SOURCE=".:git:49d6a23b8806 open:git:6c48f4ed707b" 

Environment Variables:
JAVA_HOME=C:\Program Files\Eclipse Adoptium\jdk-17.0.18.8-hotspot
PATH=C:\Users\wakam\AppData\Local\Programs\Microsoft VS Code;C:\Windows\system32;C:\Windows;C:\Windows\System32\Wbem;C:\Windows\System32\WindowsPowerShell\v1.0\;C:\Windows\System32\OpenSSH\;C:\Program Files\dotnet\;C:\Program Files\Microsoft SQL Server\150\Tools\Binn\;C:\Program Files\Microsoft SQL Server\Client SDK\ODBC\170\Tools\Binn\;C:\Program Files (x86)\Windows Kits\10\Windows Performance Toolkit\;C:\Program Files\Git\cmd;C:\Program Files\Eclipse Adoptium\jdk-17.0.18.8-hotspot\bin;C:\Users\wakam\AppData\Local\Microsoft\WindowsApps;C:\Users\wakam\AppData\Local\Programs\Microsoft VS Code\bin;C:\Users\wakam\.dotnet\tools;
USERNAME=wakam
OS=Windows_NT
PROCESSOR_IDENTIFIER=Intel64 Family 6 Model 165 Stepping 3, GenuineIntel
TMP=C:\Users\wakam\AppData\Local\Temp
TEMP=C:\Users\wakam\AppData\Local\Temp




Compilation memory statistics disabled.

Periodic native trim disabled

---------------  S Y S T E M  ---------------

OS:
 Windows 11 , 64 bit Build 26100 (10.0.26100.7920)
OS uptime: 0 days 1:14 hours
Hyper-V role detected

CPU: total 12 (initial active 12) (6 cores per cpu, 2 threads per core) family 6 model 165 stepping 3 microcode 0x100, cx8, cmov, fxsr, ht, mmx, 3dnowpref, sse, sse2, sse3, ssse3, sse4.1, sse4.2, popcnt, lzcnt, tsc, tscinvbit, avx, avx2, aes, erms, clmul, bmi1, bmi2, adx, fma, vzeroupper, clflush, clflushopt, hv, rdtscp, f16c
Processor Information for the first 12 processors :
  Max Mhz: 3101, Current Mhz: 3101, Mhz Limit: 3101

Memory: 4k page, system-wide physical 16080M (8246M free)
TotalPageFile size 17104M (AvailPageFile size 7424M)
current process WorkingSet (physical memory assigned to process): 1518M, peak: 1790M
current process commit charge ("private bytes"): 1550M, peak: 1825M

vm_info: Java HotSpot(TM) 64-Bit Server VM (25+37-LTS-3491) for windows-amd64 JRE (25+37-LTS-3491), built on 2025-08-14T21:13:00Z with unknown MS VC++:1943

END.
