#
# A fatal error has been detected by the Java Runtime Environment:
#
#  EXCEPTION_ACCESS_VIOLATION (0xc0000005) at pc=0x00007ffbef49b804, pid=4940, tid=5420
#
# JRE version: Java(TM) SE Runtime Environment (25.0+37) (build 25+37-LTS-3491)
# Java VM: Java HotSpot(TM) 64-Bit Server VM (25+37-LTS-3491, mixed mode, sharing, tiered, compressed oops, compressed class ptrs, parallel gc, windows-amd64)
# Problematic frame:
# V  [jvm.dll+0x45b804]
#
# No core dump will be written. Minidumps are not enabled by default on client versions of Windows
#
# If you would like to submit a bug report, please visit:
#   https://bugreport.java.com/bugreport/crash.jsp
#

---------------  S U M M A R Y ------------

Command Line: -Djdk.xml.maxGeneralEntitySizeLimit=0 -Djdk.xml.totalEntitySizeLimit=0 --add-modules=ALL-SYSTEM --add-opens=java.base/java.util=ALL-UNNAMED --add-opens=java.base/java.lang=ALL-UNNAMED --add-opens=java.base/sun.nio.fs=ALL-UNNAMED -Declipse.application=org.eclipse.jdt.ls.core.id1 -Dosgi.bundles.defaultStartLevel=4 -Declipse.product=org.eclipse.jdt.ls.core.product -Djava.import.generatesMetadataFilesAtProjectRoot=false -DDetectVMInstallationsJob.disabled=true -Dfile.encoding=utf8 -XX:+UseParallelGC -XX:GCTimeRatio=4 -XX:AdaptiveSizePolicyWeight=90 -Dsun.zip.disableMemoryMapping=true -Xmx2G -Xms100m -Xlog:disable -javaagent:c:\Users\wakam\.vscode\extensions\redhat.java-1.54.2026041108-win32-x64\lombok\lombok-1.18.39-4050.jar -XX:+HeapDumpOnOutOfMemoryError -XX:HeapDumpPath=c:\Users\wakam\AppData\Roaming\Code\User\workspaceStorage\21f1205e5cd5c5ef57f7413777eb285a\redhat.java -Daether.dependencyCollector.impl=bf -XX:+UnlockDiagnosticVMOptions -XX:+AllowArchivingWithJavaAgent -XX:+AutoCreateSharedArchive -XX:SharedArchiveFile=c:\Users\wakam\AppData\Roaming\Code\User\globalStorage\redhat.java\1.54.2026041108\jdtls.jsa c:\Users\wakam\.vscode\extensions\redhat.java-1.54.2026041108-win32-x64\server\plugins\org.eclipse.equinox.launcher_1.7.100.v20251111-0406.jar -configuration c:\Users\wakam\AppData\Roaming\Code\User\globalStorage\redhat.java\1.54.2026041108\config_win -data c:\Users\wakam\AppData\Roaming\Code\User\workspaceStorage\21f1205e5cd5c5ef57f7413777eb285a\redhat.java\jdt_ws --pipe=\\.\pipe\lsp-fcc5edfc5fdb1fbd650f0eb5b19a4550-sock

Host: Intel(R) Core(TM) i5-10500 CPU @ 3.10GHz, 12 cores, 15G,  Windows 11 , 64 bit Build 26100 (10.0.26100.7920)
Time: Wed Apr 15 18:46:33 2026 elapsed time: 1184.415349 seconds (0d 0h 19m 44s)

---------------  T H R E A D  ---------------

Current thread (0x000001e1b086e420):  VMThread "VM Thread"          [id=5420, stack(0x000000b1a9200000,0x000000b1a9300000) (1024K)]

Stack: [0x000000b1a9200000,0x000000b1a9300000],  sp=0x000000b1a92ff510,  free space=1021k
Native frames: (J=compiled Java code, j=interpreted, Vv=VM code, C=native code)
V  [jvm.dll+0x45b804]  (no source info available)
V  [jvm.dll+0x45b84f]  (no source info available)
V  [jvm.dll+0x4612b6]  (no source info available)
V  [jvm.dll+0x38668a]  (no source info available)
V  [jvm.dll+0x3855c6]  (no source info available)
V  [jvm.dll+0x385a03]  (no source info available)
V  [jvm.dll+0x96ee71]  (no source info available)
V  [jvm.dll+0x97018d]  (no source info available)
V  [jvm.dll+0x970709]  (no source info available)
V  [jvm.dll+0x9709b3]  (no source info available)
V  [jvm.dll+0x90681d]  (no source info available)
V  [jvm.dll+0x7a5015]  (no source info available)
C  [ucrtbase.dll+0x37b0]  (no source info available)
C  [KERNEL32.DLL+0x2e8d7]  (no source info available)
C  [ntdll.dll+0x8c48c]  (no source info available)


siginfo: EXCEPTION_ACCESS_VIOLATION (0xc0000005), reading address 0x00000000000000e0


Registers:
RAX=0x0000000035183901, RBX=0x0000000000000000, RCX=0x0000000000000000, RDX=0x0000000000000000
RSP=0x000000b1a92ff510, RBP=0x000000b1a92ff5f0, RSI=0x0000000000000001, RDI=0x000001e1ee1a6138
R8 =0x000001e1b0181a40, R9 =0x0000000000000216, R10=0x000001e1b0180000, R11=0x000000b1a92ff560
R12=0x00007ffbefb0dbc0, R13=0x00007ffbefb1aca8, R14=0x000001e1ebc9d8a8, R15=0x00007ffbefb0dae8
RIP=0x00007ffbef49b804, EFLAGS=0x0000000000010287

XMM[0]=0x0000000000000000 0x0000000000000000
XMM[1]=0x000001e1eaa72ec0 0x000001e1eaa72860
XMM[2]=0x000001e1ead4f670 0x000001e1ead505e8
XMM[3]=0x000001e1ead4fa38 0x000001e1ead50430
XMM[4]=0x000001e1eb68caa8 0x000001e1eb68c948
XMM[5]=0x000001e1eaa72db8 0x000001e1eaa72d08
XMM[6]=0x0000000000000000 0x0000000000000000
XMM[7]=0x0000000000000000 0x0000000000000000
XMM[8]=0x0000000000000000 0x404e000000000000
XMM[9]=0x0000000000000000 0x0000000000000000
XMM[10]=0x0000000000000000 0x0000000000000000
XMM[11]=0x0000000000000000 0x0000000000000000
XMM[12]=0x0000000000000000 0x0000000000000000
XMM[13]=0x0000000000000000 0x0000000000000000
XMM[14]=0x0000000000000000 0x0000000000000000
XMM[15]=0x0000000000000000 0x0000000000000000
  MXCSR=0x00001fa0


Register to memory mapping:

RAX=0x0000000035183901 is pointing into metadata
RBX=0x0 is null
RCX=0x0 is null
RDX=0x0 is null
RSP=0x000000b1a92ff510 points into unknown readable memory: 0x000001e1b02d0000 | 00 00 2d b0 e1 01 00 00
RBP=0x000000b1a92ff5f0 points into unknown readable memory: 0x00007ffbefb1acb8 | b8 ac b1 ef fb 7f 00 00
RSI=0x0000000000000001 is an unknown value
RDI=0x000001e1ee1a6138 points into unknown readable memory: 0x0000000000000000 | 00 00 00 00 00 00 00 00
R8 =0x000001e1b0181a40 points into unknown readable memory: 0x000001e1b0180ea0 | a0 0e 18 b0 e1 01 00 00
R9 =0x0000000000000216 is an unknown value
R10=0x000001e1b0180000 points into unknown readable memory: 0x0000000000000000 | 00 00 00 00 00 00 00 00
R11=0x000000b1a92ff560 points into unknown readable memory: 0x000001e1ebc9da38 | 38 da c9 eb e1 01 00 00
R12=0x00007ffbefb0dbc0 jvm.dll
R13=0x00007ffbefb1aca8 jvm.dll
R14=0x000001e1ebc9d8a8 points into unknown readable memory: 0x0000000035010080 | 80 00 01 35 00 00 00 00
R15=0x00007ffbefb0dae8 jvm.dll

Top of Stack: (sp=0x000000b1a92ff510)
0x000000b1a92ff510:   000001e1b02d0000 00007ffb00000000   ..-.............
0x000000b1a92ff520:   000001e22b3a2540 00007ffbef6a6bd6   @%:+.....kj.....
0x000000b1a92ff530:   000001e1ee1a6138 00007ffbef49b84f   8a......O.I.....
0x000000b1a92ff540:   0000000000000000 0000000000000001   ................
0x000000b1a92ff550:   000001e1ebc9d8a8 000001e1b0854360   ........`C......
0x000000b1a92ff560:   000001e1ebc9da38 00007ffbef4a12b6   8.........J.....
0x000000b1a92ff570:   0000000000000000 00007ffbefb33f40   ........@?......
0x000000b1a92ff580:   000001e1ebc9d8a8 000000b1a92ff5f0   ........../.....
0x000000b1a92ff590:   00000000000128b0 0000000000000000   .(..............
0x000000b1a92ff5a0:   0000000000002516 000000b1a8ffe930   .%......0.......
0x000000b1a92ff5b0:   000001e1ebc9d8a8 00007ffbef3c668a   .........f<.....
0x000000b1a92ff5c0:   0000000000000048 000001e1b0854360   H.......`C......
0x000000b1a92ff5d0:   0000000000000000 000000000044cba3   ..........D.....
0x000000b1a92ff5e0:   000001e1ebc9d500 00000008000001d8   ................
0x000000b1a92ff5f0:   00007ffbefb1acb8 0000000000000000   ................
0x000000b1a92ff600:   0000000000000000 0000000000000000   ................
0x000000b1a92ff610:   00000000000003d8 0000000000000000   ................
0x000000b1a92ff620:   0000000036444848 000000b1a8ffe930   HHD6....0.......
0x000000b1a92ff630:   0000000000012a70 00007ffbefad7350   p*......Ps......
0x000000b1a92ff640:   000000000000254e 00007ffbef3c55c6   N%.......U<.....
0x000000b1a92ff650:   00007ffb00002516 00000000000128b0   .%.......(......
0x000000b1a92ff660:   000001e1b0854360 00007ffbefdb8ca8   `C..............
0x000000b1a92ff670:   0000000000000000 0000000000000000   ................
0x000000b1a92ff680:   00000000000000d8 0000000000000000   ................
0x000000b1a92ff690:   0000000000000000 00007ffbef9bd473   ........s.......
0x000000b1a92ff6a0:   00007ffbefd33890 000000b1a9af0100   .8..............
0x000000b1a92ff6b0:   0000efc64f0c3753 00007ffc8ed510c4   S7.O............
0x000000b1a92ff6c0:   0000000000000000 00007ffbef7e0f9f   ..........~.....
0x000000b1a92ff6d0:   0000000000000035 00007ffbef9bd343   5.......C.......
0x000000b1a92ff6e0:   00000000000003e8 00007ffbef949a20   ........ .......
0x000000b1a92ff6f0:   000001e1b086c500 000001e1b086c8f0   ................
0x000000b1a92ff700:   00007ffbefde1b30 00007ffbefad7350   0.......Ps......

Instructions: (pc=0x00007ffbef49b804)
  0x00007ffbef49b704:   7e 20 74 0c 4d 89 66 18 4d 89 7e 20 4d 89 6e 28
  0x00007ffbef49b714:   4c 8b b4 24 08 01 00 00 4c 8b ac 24 10 01 00 00
  0x00007ffbef49b724:   4c 8b a4 24 18 01 00 00 4c 8b bc 24 00 01 00 00
  0x00007ffbef49b734:   48 83 7c 24 40 00 74 55 48 8b 9f b0 06 00 00 48
  0x00007ffbef49b744:   8d 44 24 58 33 c9 48 89 45 a8 48 8d 45 99 48 89
  0x00007ffbef49b754:   4d c8 89 4d b8 4c 8d 44 24 50 88 4d c0 48 8d 54
  0x00007ffbef49b764:   24 40 4c 8b cf 48 89 45 b0 48 8d 4c 24 30 48 89
  0x00007ffbef49b774:   b7 b0 06 00 00 c7 45 bc 08 00 00 00 c6 44 24 30
  0x00007ffbef49b784:   0e e8 66 f8 01 00 48 89 9f b0 06 00 00 48 8d 4c
  0x00007ffbef49b794:   24 40 e8 05 eb fd ff 48 8b 9c 24 50 01 00 00 48
  0x00007ffbef49b7a4:   8b 4d f0 48 33 cc e8 61 c3 58 00 48 81 c4 20 01
  0x00007ffbef49b7b4:   00 00 5f 5e 5d c3 cc cc cc cc cc cc 0f b7 41 0e
  0x00007ffbef49b7c4:   66 c1 e8 09 a8 01 74 03 32 c0 c3 e9 6c 9b 20 00
  0x00007ffbef49b7d4:   cc cc cc cc cc cc cc cc cc cc cc cc 48 89 5c 24
  0x00007ffbef49b7e4:   08 48 89 74 24 10 57 48 83 ec 20 48 3b 0d 8a ed
  0x00007ffbef49b7f4:   8d 00 48 8b d9 73 09 48 3b 0d 76 ed 8d 00 73 5b
=>0x00007ffbef49b804:   48 8b 81 e0 00 00 00 66 83 78 30 32 72 5f 48 8b
  0x00007ffbef49b814:   01 ff 50 78 48 85 c0 74 15 48 8b 03 48 8b cb ff
  0x00007ffbef49b824:   50 78 48 8b c8 e8 b2 ff ff ff 84 c0 74 3f 48 8b
  0x00007ffbef49b834:   bb a0 01 00 00 48 63 37 48 85 f6 7e 1e 33 db 48
  0x00007ffbef49b844:   83 c7 08 48 8b 0f e8 91 ff ff ff 84 c0 74 1e 48
  0x00007ffbef49b854:   ff c3 48 83 c7 08 48 3b de 7c e8 b0 01 48 8b 5c
  0x00007ffbef49b864:   24 30 48 8b 74 24 38 48 83 c4 20 5f c3 48 8b 5c
  0x00007ffbef49b874:   24 30 32 c0 48 8b 74 24 38 48 83 c4 20 5f c3 cc
  0x00007ffbef49b884:   cc cc cc cc cc cc cc cc cc cc cc cc 4c 89 44 24
  0x00007ffbef49b894:   18 53 56 57 48 83 ec 70 48 3b 15 2d 53 8e 00 49
  0x00007ffbef49b8a4:   8b f0 48 8b fa 48 8b d9 0f 84 88 02 00 00 48 8b
  0x00007ffbef49b8b4:   4a 08 48 85 c9 0f 84 7b 02 00 00 ff 15 5b e7 87
  0x00007ffbef49b8c4:   00 48 85 c0 0f 84 6c 02 00 00 48 8b cf e8 8a b9
  0x00007ffbef49b8d4:   e3 ff 84 c0 0f 85 5c 02 00 00 48 85 db 0f 84 53
  0x00007ffbef49b8e4:   02 00 00 66 83 7b 04 05 0f 82 48 02 00 00 48 8b
  0x00007ffbef49b8f4:   b6 a8 03 00 00 48 8b cb 0f b6 43 0a 0a 43 09 0a


Stack slot to memory mapping:

stack at sp + 0 slots: 0x000001e1b02d0000 points into unknown readable memory: 0x0000000000000000 | 00 00 00 00 00 00 00 00
stack at sp + 1 slots: 0x00007ffb00000000 is an unknown value
stack at sp + 2 slots: 0x000001e22b3a2540 points into unknown readable memory: 0x2072704120646557 | 57 65 64 20 41 70 72 20
stack at sp + 3 slots: 0x00007ffbef6a6bd6 jvm.dll
stack at sp + 4 slots: 0x000001e1ee1a6138 points into unknown readable memory: 0x0000000000000000 | 00 00 00 00 00 00 00 00
stack at sp + 5 slots: 0x00007ffbef49b84f jvm.dll
stack at sp + 6 slots: 0x0 is null
stack at sp + 7 slots: 0x0000000000000001 is an unknown value

VM_Operation (0x000000b1a8ffe920): PopulateDumpSharedSpace, mode: safepoint, requested by thread 0x000001e1b07c3340


---------------  P R O C E S S  ---------------

Threads class SMR info:
_java_thread_list=0x000001e1d67f63c0, length=53, elements={
0x000001e1b07c3340, 0x000001e1cc0be1b0, 0x000001e1cc0c0c20, 0x000001e1cc0c8670,
0x000001e1cc0c4220, 0x000001e1cc0ca290, 0x000001e1cc0ccd70, 0x000001e1b07d7aa0,
0x000001e1b07d6a80, 0x000001e1d231ea00, 0x000001e1d23a14f0, 0x000001e1cc0e3ef0,
0x000001e1d35d24d0, 0x000001e1d35d0590, 0x000001e1d35d0d60, 0x000001e1d35d1d00,
0x000001e1d35d2ca0, 0x000001e1d35d1530, 0x000001e1d4c8b680, 0x000001e1d4c8d5c0,
0x000001e1d4c8dd90, 0x000001e1d4c8be50, 0x000001e1d4c8cdf0, 0x000001e1d4c8c620,
0x000001e1d4c8a6e0, 0x000001e1d462e040, 0x000001e1d5af3db0, 0x000001e1d5af4580,
0x000001e1d5139490, 0x000001e1d5af5520, 0x000001e1d35cc710, 0x000001e1d504a2a0,
0x000001e1d504b240, 0x000001e1d5051000, 0x000001e1d504f890, 0x000001e1d50517d0,
0x000001e1d5052770, 0x000001e1d5052f40, 0x000001e1d5050060, 0x000001e1e0ce7690,
0x000001e1e0ce8e00, 0x000001e1d294ef60, 0x000001e1d2957430, 0x000001e1d2953d80,
0x000001e1d294ff00, 0x000001e1d2959370, 0x000001e1dfcdc790, 0x000001e1dfce0de0,
0x000001e1dfcdd730, 0x000001e1dfce15b0, 0x000001e1d3cc0ce0, 0x000001e1d3cc5b00,
0x000001e1e03fbfe0
}

Java Threads: ( => current thread )
  0x000001e1b07c3340 JavaThread "main"                              [_thread_blocked, id=6336, stack(0x000000b1a8f00000,0x000000b1a9000000) (1024K)]
  0x000001e1cc0be1b0 JavaThread "Reference Handler"          daemon [_thread_blocked, id=12872, stack(0x000000b1a9300000,0x000000b1a9400000) (1024K)]
  0x000001e1cc0c0c20 JavaThread "Finalizer"                  daemon [_thread_blocked, id=17120, stack(0x000000b1a9400000,0x000000b1a9500000) (1024K)]
  0x000001e1cc0c8670 JavaThread "Signal Dispatcher"          daemon [_thread_blocked, id=13784, stack(0x000000b1a9500000,0x000000b1a9600000) (1024K)]
  0x000001e1cc0c4220 JavaThread "Attach Listener"            daemon [_thread_blocked, id=2032, stack(0x000000b1a9600000,0x000000b1a9700000) (1024K)]
  0x000001e1cc0ca290 JavaThread "Service Thread"             daemon [_thread_blocked, id=10632, stack(0x000000b1a9700000,0x000000b1a9800000) (1024K)]
  0x000001e1cc0ccd70 JavaThread "Monitor Deflation Thread"   daemon [_thread_blocked, id=17252, stack(0x000000b1a9800000,0x000000b1a9900000) (1024K)]
  0x000001e1b07d7aa0 JavaThread "C2 CompilerThread0"         daemon [_thread_blocked, id=14944, stack(0x000000b1a9900000,0x000000b1a9a00000) (1024K)]
  0x000001e1b07d6a80 JavaThread "C1 CompilerThread0"         daemon [_thread_blocked, id=16816, stack(0x000000b1a9a00000,0x000000b1a9b00000) (1024K)]
  0x000001e1d231ea00 JavaThread "Common-Cleaner"             daemon [_thread_blocked, id=15272, stack(0x000000b1a9b00000,0x000000b1a9c00000) (1024K)]
  0x000001e1d23a14f0 JavaThread "Notification Thread"        daemon [_thread_blocked, id=9384, stack(0x000000b1a9d00000,0x000000b1a9e00000) (1024K)]
  0x000001e1cc0e3ef0 JavaThread "JNA Cleaner"                daemon [_thread_blocked, id=11876, stack(0x000000b1aaa00000,0x000000b1aab00000) (1024K)]
  0x000001e1d35d24d0 JavaThread "InnocuousThread-1"          daemon [_thread_in_native, id=13504, stack(0x000000b1ab600000,0x000000b1ab700000) (1024K)]
  0x000001e1d35d0590 JavaThread "InnocuousThread-2"          daemon [_thread_in_native, id=412, stack(0x000000b1ab700000,0x000000b1ab800000) (1024K)]
  0x000001e1d35d0d60 JavaThread "InnocuousThread-3"          daemon [_thread_in_native, id=5220, stack(0x000000b1ab800000,0x000000b1ab900000) (1024K)]
  0x000001e1d35d1d00 JavaThread "InnocuousThread-4"          daemon [_thread_in_native, id=8736, stack(0x000000b1ab900000,0x000000b1aba00000) (1024K)]
  0x000001e1d35d2ca0 JavaThread "InnocuousThread-5"          daemon [_thread_in_native, id=9276, stack(0x000000b1aba00000,0x000000b1abb00000) (1024K)]
  0x000001e1d35d1530 JavaThread "InnocuousThread-6"          daemon [_thread_in_native, id=6316, stack(0x000000b1abb00000,0x000000b1abc00000) (1024K)]
  0x000001e1d4c8b680 JavaThread "InnocuousThread-7"          daemon [_thread_in_native, id=1672, stack(0x000000b1abc00000,0x000000b1abd00000) (1024K)]
  0x000001e1d4c8d5c0 JavaThread "InnocuousThread-8"          daemon [_thread_in_native, id=12924, stack(0x000000b1abd00000,0x000000b1abe00000) (1024K)]
  0x000001e1d4c8dd90 JavaThread "InnocuousThread-9"          daemon [_thread_in_native, id=8996, stack(0x000000b1abe00000,0x000000b1abf00000) (1024K)]
  0x000001e1d4c8be50 JavaThread "InnocuousThread-10"         daemon [_thread_in_native, id=17132, stack(0x000000b1abf00000,0x000000b1ac000000) (1024K)]
  0x000001e1d4c8cdf0 JavaThread "InnocuousThread-11"         daemon [_thread_in_native, id=11364, stack(0x000000b1ac000000,0x000000b1ac100000) (1024K)]
  0x000001e1d4c8c620 JavaThread "InnocuousThread-12"         daemon [_thread_in_native, id=9816, stack(0x000000b1ac100000,0x000000b1ac200000) (1024K)]
  0x000001e1d4c8a6e0 JavaThread "InnocuousThread-13"         daemon [_thread_in_native, id=13376, stack(0x000000b1ac200000,0x000000b1ac300000) (1024K)]
  0x000001e1d462e040 JavaThread "pool-2-thread-1"                   [_thread_blocked, id=17760, stack(0x000000b1ac400000,0x000000b1ac500000) (1024K)]
  0x000001e1d5af3db0 JavaThread "WorkspaceEventsHandler"            [_thread_blocked, id=18288, stack(0x000000b1ac500000,0x000000b1ac600000) (1024K)]
  0x000001e1d5af4580 JavaThread "pool-1-thread-1"                   [_thread_blocked, id=6104, stack(0x000000b1ac600000,0x000000b1ac700000) (1024K)]
  0x000001e1d5139490 JavaThread "Cleaner-0"                  daemon [_thread_blocked, id=2468, stack(0x000000b1ad200000,0x000000b1ad300000) (1024K)]
  0x000001e1d5af5520 JavaThread "Compiler Source File Reader" daemon [_thread_blocked, id=16860, stack(0x000000b1ac800000,0x000000b1ac900000) (1024K)]
  0x000001e1d35cc710 JavaThread "ForkJoinPool.commonPool-worker-34" daemon [_thread_blocked, id=9048, stack(0x000000b1a8d00000,0x000000b1a8e00000) (1024K)]
  0x000001e1d504a2a0 JavaThread "ForkJoinPool.commonPool-worker-35" daemon [_thread_blocked, id=16228, stack(0x000000b1a8e00000,0x000000b1a8f00000) (1024K)]
  0x000001e1d504b240 JavaThread "ForkJoinPool.commonPool-worker-36" daemon [_thread_blocked, id=5032, stack(0x000000b1aab00000,0x000000b1aac00000) (1024K)]
  0x000001e1d5051000 JavaThread "ForkJoinPool.commonPool-worker-38" daemon [_thread_blocked, id=13252, stack(0x000000b1aac00000,0x000000b1aad00000) (1024K)]
  0x000001e1d504f890 JavaThread "ForkJoinPool.commonPool-worker-37" daemon [_thread_blocked, id=14220, stack(0x000000b1aaf00000,0x000000b1ab000000) (1024K)]
  0x000001e1d50517d0 JavaThread "ForkJoinPool.commonPool-worker-39" daemon [_thread_blocked, id=8404, stack(0x000000b1ab000000,0x000000b1ab100000) (1024K)]
  0x000001e1d5052770 JavaThread "ForkJoinPool.commonPool-worker-40" daemon [_thread_blocked, id=14272, stack(0x000000b1ab200000,0x000000b1ab300000) (1024K)]
  0x000001e1d5052f40 JavaThread "ForkJoinPool.commonPool-worker-41" daemon [_thread_blocked, id=8840, stack(0x000000b1ab300000,0x000000b1ab400000) (1024K)]
  0x000001e1d5050060 JavaThread "ForkJoinPool.commonPool-worker-42" daemon [_thread_blocked, id=11720, stack(0x000000b1ab400000,0x000000b1ab500000) (1024K)]
  0x000001e1e0ce7690 JavaThread "ForkJoinPool.commonPool-worker-43" daemon [_thread_blocked, id=1744, stack(0x000000b1ab500000,0x000000b1ab600000) (1024K)]
  0x000001e1e0ce8e00 JavaThread "ForkJoinPool.commonPool-worker-44" daemon [_thread_blocked, id=17596, stack(0x000000b1ac700000,0x000000b1ac800000) (1024K)]
  0x000001e1d294ef60 JavaThread "Compiler Source File Reader" daemon [_thread_blocked, id=3360, stack(0x000000b1ac900000,0x000000b1aca00000) (1024K)]
  0x000001e1d2957430 JavaThread "Compiler Source File Reader" daemon [_thread_blocked, id=10320, stack(0x000000b1acd00000,0x000000b1ace00000) (1024K)]
  0x000001e1d2953d80 JavaThread "Compiler Source File Reader" daemon [_thread_blocked, id=7088, stack(0x000000b1ace00000,0x000000b1acf00000) (1024K)]
  0x000001e1d294ff00 JavaThread "Compiler Source File Reader" daemon [_thread_blocked, id=15552, stack(0x000000b1acf00000,0x000000b1ad000000) (1024K)]
  0x000001e1d2959370 JavaThread "Compiler Source File Reader" daemon [_thread_blocked, id=2012, stack(0x000000b1a8c00000,0x000000b1a8d00000) (1024K)]
  0x000001e1dfcdc790 JavaThread "Compiler Source File Reader" daemon [_thread_blocked, id=3984, stack(0x000000b1ad000000,0x000000b1ad100000) (1024K)]
  0x000001e1dfce0de0 JavaThread "Compiler Source File Reader" daemon [_thread_blocked, id=16440, stack(0x000000b1ad100000,0x000000b1ad200000) (1024K)]
  0x000001e1dfcdd730 JavaThread "Compiler Source File Reader" daemon [_thread_blocked, id=13368, stack(0x000000b1ad300000,0x000000b1ad400000) (1024K)]
  0x000001e1dfce15b0 JavaThread "Compiler Source File Reader" daemon [_thread_blocked, id=10196, stack(0x000000b1ad400000,0x000000b1ad500000) (1024K)]
  0x000001e1d3cc0ce0 JavaThread "Compiler Processing Task"   daemon [_thread_blocked, id=13608, stack(0x000000b1acb00000,0x000000b1acc00000) (1024K)]
  0x000001e1d3cc5b00 JavaThread "pool-5-thread-1"                   [_thread_blocked, id=16124, stack(0x000000b1ad600000,0x000000b1ad700000) (1024K)]
  0x000001e1e03fbfe0 JavaThread "C2 CompilerThread1"         daemon [_thread_blocked, id=4104, stack(0x000000b1a9e00000,0x000000b1a9f00000) (1024K)]
Total: 53

Other Threads:
=>0x000001e1b086e420 VMThread "VM Thread"                           [id=5420, stack(0x000000b1a9200000,0x000000b1a9300000) (1024K)]
  0x000001e1b07e95e0 WatcherThread "VM Periodic Task Thread"        [id=9856, stack(0x000000b1a9100000,0x000000b1a9200000) (1024K)]
  0x000001e1b07e22c0 WorkerThread "GC Thread#0"                     [id=15860, stack(0x000000b1a9000000,0x000000b1a9100000) (1024K)]
  0x000001e1d2a1e4b0 WorkerThread "GC Thread#1"                     [id=11336, stack(0x000000b1a9f00000,0x000000b1aa000000) (1024K)]
  0x000001e1d2db9240 WorkerThread "GC Thread#2"                     [id=17500, stack(0x000000b1aa000000,0x000000b1aa100000) (1024K)]
  0x000001e1d2db9670 WorkerThread "GC Thread#3"                     [id=5332, stack(0x000000b1aa100000,0x000000b1aa200000) (1024K)]
  0x000001e1d30f4420 WorkerThread "GC Thread#4"                     [id=16464, stack(0x000000b1aa300000,0x000000b1aa400000) (1024K)]
  0x000001e1d3066c90 WorkerThread "GC Thread#5"                     [id=7620, stack(0x000000b1aa600000,0x000000b1aa700000) (1024K)]
  0x000001e1d3066840 WorkerThread "GC Thread#6"                     [id=16096, stack(0x000000b1a9c00000,0x000000b1a9d00000) (1024K)]
  0x000001e1d3068ac0 WorkerThread "GC Thread#7"                     [id=17528, stack(0x000000b1aa900000,0x000000b1aaa00000) (1024K)]
  0x000001e1d3855cf0 WorkerThread "GC Thread#8"                     [id=13456, stack(0x000000b1aad00000,0x000000b1aae00000) (1024K)]
  0x000001e1d3852930 WorkerThread "GC Thread#9"                     [id=7432, stack(0x000000b1aae00000,0x000000b1aaf00000) (1024K)]
Total: 12

Threads with active compile tasks:
C2 CompilerThread0  1184506 30661       4       jdk.internal.classfile.impl.StackMapGenerator::processInvokeInstructions (262 bytes)
C2 CompilerThread1  1184506 30673       4       jdk.internal.classfile.impl.BufWriterImpl::writeIndex (11 bytes)
Total: 2

VM state: at safepoint (normal execution)

VM Mutex/Monitor currently owned by a thread:  ([mutex/lock_event])
[0x00007ffbefdb8ca8] DumpTimeTable_lock - owner thread: 0x000001e1b086e420
[0x00007ffbefdb94a8] Threads_lock - owner thread: 0x000001e1b086e420
[0x00007ffbefdb9628] Heap_lock - owner thread: 0x000001e1b07c3340

Heap address: 0x0000000080000000, size: 2048 MB, Compressed Oops mode: 32-bit

CDS archive(s) mapped at: [0x0000000035000000-0x0000000035dd0000-0x0000000035dd0000), size 14483456, SharedBaseAddress: 0x0000000035000000, ArchiveRelocationMode: 1.
Compressed class space mapped at: 0x0000000036000000-0x0000000076000000, reserved size: 1073741824
UseCompressedClassPointers 1, UseCompactObjectHeaders 0
Narrow klass pointer bits 32, Max shift 3
Narrow klass base: 0x0000000035000000, Narrow klass shift: 0
Encoding Range: [0x0000000035000000 - 0x0000000135000000), (4294967296 bytes)
Klass Range:    [0x0000000035010000 - 0x0000000076000000), (1090453504 bytes)
Klass ID Range:  [65536 - 1090519033) (1090453497)
Protection zone: [0x0000000035000000 - 0x0000000035010000), (65536 bytes)

GC Precious Log:
 CardTable entry size: 512
 CPUs: 12 total, 12 available
 Memory: 16080M
 Large Page Support: Disabled
 NUMA Support: Disabled
 Compressed Oops: Enabled (32-bit)
 Alignments: Space 512K, Generation 512K, Heap 2M
 Heap Min Capacity: 100M
 Heap Initial Capacity: 100M
 Heap Max Capacity: 2G
 Pre-touch: Disabled
 Parallel Workers: 10

Heap:
 PSYoungGen      total 34304K, used 3145K [0x00000000d5580000, 0x00000000d7c00000, 0x0000000100000000)
  eden space 29184K, 8% used [0x00000000d5580000,0x00000000d57fbb60,0x00000000d7200000)
  from space 5120K, 11% used [0x00000000d7200000,0x00000000d7296b80,0x00000000d7700000)
  to   space 1536K, 0% used [0x00000000d7a80000,0x00000000d7a80000,0x00000000d7c00000)
 ParOldGen       total 877056K, used 877008K [0x0000000080000000, 0x00000000b5880000, 0x00000000d5580000)
  object space 877056K, 99% used [0x0000000080000000,0x00000000b58743b0,0x00000000b5880000)

Card table byte_map: [0x000001e1c9930000,0x000001e1c9d30000] _byte_map_base: 0x000001e1c9530000

Marking Bits: (ParMarkBitMap*) 0x00007ffbefdbe9c0
 Begin Bits: [0x000001e1c9fe0000, 0x000001e1cbfe0000)

Polling page: 0x000001e1b0560000

Metaspace:
Metaspace        used 86363K, committed 88448K, reserved 1179648K
 class space     used 7605K, committed 8512K, reserved 1048576K

Usage:
  Non-class:     76.91 MB used.
      Class:      7.43 MB used.
       Both:     84.34 MB used.

Virtual space:
  Non-class space:      128.00 MB reserved,      78.06 MB ( 61%) committed,  2 nodes.
      Class space:        1.00 GB reserved,       8.31 MB ( <1%) committed,  1 nodes.
             Both:        1.12 GB reserved,      86.38 MB (  7%) committed. 

Chunk freelists:
   Non-Class:  1.70 MB
       Class:  7.61 MB
        Both:  9.31 MB

MaxMetaspaceSize: unlimited
CompressedClassSpaceSize: 1.00 GB
Initial GC threshold: 21.00 MB
Current GC threshold: 128.38 MB
CDS: on
 - commit_granule_bytes: 65536.
 - commit_granule_words: 8192.
 - virtual_space_node_default_size: 8388608.
 - enlarge_chunks_in_place: 1.
UseCompressedClassPointers 1, UseCompactObjectHeaders 0
Narrow klass pointer bits 32, Max shift 3
Narrow klass base: 0x0000000035000000, Narrow klass shift: 0
Encoding Range: [0x0000000035000000 - 0x0000000135000000), (4294967296 bytes)
Klass Range:    [0x0000000035010000 - 0x0000000076000000), (1090453504 bytes)
Klass ID Range:  [65536 - 1090519033) (1090453497)
Protection zone: [0x0000000035000000 - 0x0000000035010000), (65536 bytes)


Internal statistics:

num_allocs_failed_limit: 9.
num_arena_births: 2116.
num_arena_deaths: 66.
num_vsnodes_births: 3.
num_vsnodes_deaths: 0.
num_space_committed: 1382.
num_space_uncommitted: 0.
num_chunks_returned_to_freelist: 94.
num_chunks_taken_from_freelist: 6514.
num_chunk_merges: 25.
num_chunk_splits: 3970.
num_chunks_enlarged: 2173.
num_inconsistent_stats: 0.

CodeHeap 'non-profiled nmethods': size=120064Kb used=20047Kb max_used=20047Kb free=100016Kb
 bounds [0x000001e1c2210000, 0x000001e1c35b0000, 0x000001e1c9750000]
CodeHeap 'profiled nmethods': size=120000Kb used=50899Kb max_used=50899Kb free=69100Kb
 bounds [0x000001e1ba750000, 0x000001e1bd910000, 0x000001e1c1c80000]
CodeHeap 'non-nmethods': size=5696Kb used=1605Kb max_used=1674Kb free=4090Kb
 bounds [0x000001e1c1c80000, 0x000001e1c1ef0000, 0x000001e1c2210000]
CodeCache: size=245760Kb, used=72551Kb, max_used=72620Kb, free=173206Kb
 total_blobs=27841, nmethods=26964, adapters=778, full_count=0
Compilation: enabled, stopped_count=0, restarted_count=0

Compilation events (20 events):
Event: 1182.827 Thread 0x000001e1e03fbfe0 nmethod 30642 0x000001e1c35a2b08 code [0x000001e1c35a2c00, 0x000001e1c35a34a8]
Event: 1182.829 Thread 0x000001e1b07d6a80 30665       3       java.lang.invoke.LambdaForm$NamedFunction::<init> (95 bytes)
Event: 1182.829 Thread 0x000001e1b07d6a80 nmethod 30665 0x000001e1bd901188 code [0x000001e1bd901280, 0x000001e1bd901838]
Event: 1182.836 Thread 0x000001e1e03fbfe0 30666       4       jdk.internal.classfile.impl.AbstractPoolEntry$ClassEntryImpl::asSymbol (53 bytes)
Event: 1182.837 Thread 0x000001e1b07d6a80 30668       3       jdk.internal.classfile.impl.DirectCodeBuilder::areturn (12 bytes)
Event: 1182.837 Thread 0x000001e1b07d6a80 nmethod 30668 0x000001e1bd901888 code [0x000001e1bd901980, 0x000001e1bd901b58]
Event: 1182.837 Thread 0x000001e1b07d6a80 30669       3       java.lang.invoke.ClassSpecializer$Factory$1$1Var::isInHeap (13 bytes)
Event: 1182.838 Thread 0x000001e1b07d6a80 nmethod 30669 0x000001e1bd901b88 code [0x000001e1bd901c80, 0x000001e1bd901dd8]
Event: 1182.838 Thread 0x000001e1b07d6a80 30670       3       java.lang.invoke.ClassSpecializer$Factory$1$1Var::nextIndex (18 bytes)
Event: 1182.838 Thread 0x000001e1b07d6a80 nmethod 30670 0x000001e1bd901e88 code [0x000001e1bd901f80, 0x000001e1bd902318]
Event: 1182.838 Thread 0x000001e1b07d6a80 30671       3       java.lang.invoke.ClassSpecializer$Factory$1$1Var::<init> (137 bytes)
Event: 1182.839 Thread 0x000001e1b07d6a80 nmethod 30671 0x000001e1bd902388 code [0x000001e1bd902480, 0x000001e1bd903fc8]
Event: 1182.839 Thread 0x000001e1b07d6a80 30672       3       java.lang.invoke.ClassSpecializer$Factory$1$1Var::nextSlotIndex (24 bytes)
Event: 1182.839 Thread 0x000001e1b07d6a80 nmethod 30672 0x000001e1bd904008 code [0x000001e1bd904100, 0x000001e1bd904480]
Event: 1182.839 Thread 0x000001e1b07d6a80 30674       3       java.lang.invoke.ClassSpecializer$Factory$1$1Var::emitLoadInstruction (19 bytes)
Event: 1182.839 Thread 0x000001e1b07d6a80 nmethod 30674 0x000001e1bd904488 code [0x000001e1bd904580, 0x000001e1bd904730]
Event: 1182.839 Thread 0x000001e1b07d6a80 30676       3       jdk.internal.classfile.impl.DirectCodeBuilder::getfield (22 bytes)
Event: 1182.839 Thread 0x000001e1b07d6a80 nmethod 30676 0x000001e1bd904788 code [0x000001e1bd904880, 0x000001e1bd904d50]
Event: 1182.841 Thread 0x000001e1e03fbfe0 nmethod 30666 0x000001e1c35a3808 code [0x000001e1c35a3900, 0x000001e1c35a3dd8]
Event: 1182.841 Thread 0x000001e1e03fbfe0 30673       4       jdk.internal.classfile.impl.BufWriterImpl::writeIndex (11 bytes)

GC Heap Usage History (20 events):
Event: 1162.502 {heap Before GC invocations=472 (full 4):
 PSYoungGen      total 33280K, used 33267K [0x00000000d5580000, 0x00000000d8380000, 0x0000000100000000)
  eden space 28672K, 100% used [0x00000000d5580000,0x00000000d7180000,0x00000000d7180000)
  from space 4608K, 99% used [0x00000000d7580000,0x00000000d79fccb8,0x00000000d7a00000)
  to   space 9216K, 0% used [0x00000000d7a80000,0x00000000d7a80000,0x00000000d8380000)
 ParOldGen       total 830464K, used 830283K [0x0000000080000000, 0x00000000b2b00000, 0x00000000d558Event: 1162.507 {heap After GC invocations=472 (full 4):
 PSYoungGen      total 31232K, used 9201K [0x00000000d5580000, 0x00000000d9000000, 0x0000000100000000)
  eden space 22016K, 0% used [0x00000000d5580000,0x00000000d5580000,0x00000000d6b00000)
  from space 9216K, 99% used [0x00000000d7a80000,0x00000000d837c730,0x00000000d8380000)
  to   space 15872K, 0% used [0x00000000d6b00000,0x00000000d6b00000,0x00000000d7a80000)
 ParOldGen       total 835584K, used 835334K [0x0000000080000000, 0x00000000b3000000, 0x00000000d558000Event: 1162.667 {heap Before GC invocations=473 (full 4):
 PSYoungGen      total 31232K, used 31217K [0x00000000d5580000, 0x00000000d9000000, 0x0000000100000000)
  eden space 22016K, 100% used [0x00000000d5580000,0x00000000d6b00000,0x00000000d6b00000)
  from space 9216K, 99% used [0x00000000d7a80000,0x00000000d837c730,0x00000000d8380000)
  to   space 15872K, 0% used [0x00000000d6b00000,0x00000000d6b00000,0x00000000d7a80000)
 ParOldGen       total 859136K, used 858374K [0x0000000080000000, 0x00000000b4700000, 0x00000000d55Event: 1162.671 {heap After GC invocations=473 (full 4):
 PSYoungGen      total 26112K, used 3746K [0x00000000d5580000, 0x00000000d7b00000, 0x0000000100000000)
  eden space 22016K, 0% used [0x00000000d5580000,0x00000000d5580000,0x00000000d6b00000)
  from space 4096K, 91% used [0x00000000d6b00000,0x00000000d6ea8818,0x00000000d6f00000)
  to   space 7680K, 0% used [0x00000000d7380000,0x00000000d7380000,0x00000000d7b00000)
 ParOldGen       total 861184K, used 860982K [0x0000000080000000, 0x00000000b4900000, 0x00000000d5580000Event: 1163.173 {heap Before GC invocations=474 (full 4):
 PSYoungGen      total 26112K, used 25762K [0x00000000d5580000, 0x00000000d7b00000, 0x0000000100000000)
  eden space 22016K, 100% used [0x00000000d5580000,0x00000000d6b00000,0x00000000d6b00000)
  from space 4096K, 91% used [0x00000000d6b00000,0x00000000d6ea8818,0x00000000d6f00000)
  to   space 7680K, 0% used [0x00000000d7380000,0x00000000d7380000,0x00000000d7b00000)
 ParOldGen       total 861184K, used 860982K [0x0000000080000000, 0x00000000b4900000, 0x00000000d558Event: 1163.175 {heap After GC invocations=474 (full 4):
 PSYoungGen      total 30720K, used 1311K [0x00000000d5580000, 0x00000000d7680000, 0x0000000100000000)
  eden space 27648K, 0% used [0x00000000d5580000,0x00000000d5580000,0x00000000d7080000)
  from space 3072K, 42% used [0x00000000d7380000,0x00000000d74c7ea8,0x00000000d7680000)
  to   space 3072K, 0% used [0x00000000d7080000,0x00000000d7080000,0x00000000d7380000)
 ParOldGen       total 863232K, used 863016K [0x0000000080000000, 0x00000000b4b00000, 0x00000000d5580000Event: 1163.673 {heap Before GC invocations=475 (full 4):
 PSYoungGen      total 30720K, used 28959K [0x00000000d5580000, 0x00000000d7680000, 0x0000000100000000)
  eden space 27648K, 100% used [0x00000000d5580000,0x00000000d7080000,0x00000000d7080000)
  from space 3072K, 42% used [0x00000000d7380000,0x00000000d74c7ea8,0x00000000d7680000)
  to   space 3072K, 0% used [0x00000000d7080000,0x00000000d7080000,0x00000000d7380000)
 ParOldGen       total 863232K, used 863016K [0x0000000080000000, 0x00000000b4b00000, 0x00000000d558Event: 1163.676 {heap After GC invocations=475 (full 4):
 PSYoungGen      total 30208K, used 3067K [0x00000000d5580000, 0x00000000d8200000, 0x0000000100000000)
  eden space 27136K, 0% used [0x00000000d5580000,0x00000000d5580000,0x00000000d7000000)
  from space 3072K, 99% used [0x00000000d7080000,0x00000000d737edd8,0x00000000d7380000)
  to   space 9216K, 0% used [0x00000000d7900000,0x00000000d7900000,0x00000000d8200000)
 ParOldGen       total 867840K, used 867638K [0x0000000080000000, 0x00000000b4f80000, 0x00000000d5580000Event: 1163.805 {heap Before GC invocations=476 (full 4):
 PSYoungGen      total 30208K, used 29601K [0x00000000d5580000, 0x00000000d8200000, 0x0000000100000000)
  eden space 27136K, 97% used [0x00000000d5580000,0x00000000d6f696d0,0x00000000d7000000)
  from space 3072K, 99% used [0x00000000d7080000,0x00000000d737edd8,0x00000000d7380000)
  to   space 9216K, 0% used [0x00000000d7900000,0x00000000d7900000,0x00000000d8200000)
 ParOldGen       total 867840K, used 867638K [0x0000000080000000, 0x00000000b4f80000, 0x00000000d5580Event: 1163.811 {heap After GC invocations=476 (full 4):
 PSYoungGen      total 35328K, used 9211K [0x00000000d5580000, 0x00000000d8380000, 0x0000000100000000)
  eden space 26112K, 0% used [0x00000000d5580000,0x00000000d5580000,0x00000000d6f00000)
  from space 9216K, 99% used [0x00000000d7900000,0x00000000d81fec88,0x00000000d8200000)
  to   space 10240K, 0% used [0x00000000d6f00000,0x00000000d6f00000,0x00000000d7900000)
 ParOldGen       total 868352K, used 868012K [0x0000000080000000, 0x00000000b5000000, 0x00000000d558000Event: 1164.376 {heap Before GC invocations=477 (full 4):
 PSYoungGen      total 35328K, used 35323K [0x00000000d5580000, 0x00000000d8380000, 0x0000000100000000)
  eden space 26112K, 100% used [0x00000000d5580000,0x00000000d6f00000,0x00000000d6f00000)
  from space 9216K, 99% used [0x00000000d7900000,0x00000000d81fec88,0x00000000d8200000)
  to   space 10240K, 0% used [0x00000000d6f00000,0x00000000d6f00000,0x00000000d7900000)
 ParOldGen       total 868352K, used 868012K [0x0000000080000000, 0x00000000b5000000, 0x00000000d55Event: 1164.379 {heap After GC invocations=477 (full 4):
 PSYoungGen      total 26624K, used 436K [0x00000000d5580000, 0x00000000d7980000, 0x0000000100000000)
  eden space 26112K, 0% used [0x00000000d5580000,0x00000000d5580000,0x00000000d6f00000)
  from space 512K, 85% used [0x00000000d6f00000,0x00000000d6f6d200,0x00000000d6f80000)
  to   space 4096K, 0% used [0x00000000d7580000,0x00000000d7580000,0x00000000d7980000)
 ParOldGen       total 869376K, used 869206K [0x0000000080000000, 0x00000000b5100000, 0x00000000d5580000)
Event: 1164.699 {heap Before GC invocations=478 (full 4):
 PSYoungGen      total 26624K, used 26548K [0x00000000d5580000, 0x00000000d7980000, 0x0000000100000000)
  eden space 26112K, 100% used [0x00000000d5580000,0x00000000d6f00000,0x00000000d6f00000)
  from space 512K, 85% used [0x00000000d6f00000,0x00000000d6f6d200,0x00000000d6f80000)
  to   space 4096K, 0% used [0x00000000d7580000,0x00000000d7580000,0x00000000d7980000)
 ParOldGen       total 869376K, used 869206K [0x0000000080000000, 0x00000000b5100000, 0x00000000d5580Event: 1164.701 {heap After GC invocations=478 (full 4):
 PSYoungGen      total 29696K, used 4092K [0x00000000d5580000, 0x00000000d7c80000, 0x0000000100000000)
  eden space 25600K, 0% used [0x00000000d5580000,0x00000000d5580000,0x00000000d6e80000)
  from space 4096K, 99% used [0x00000000d7580000,0x00000000d797f020,0x00000000d7980000)
  to   space 7168K, 0% used [0x00000000d6e80000,0x00000000d6e80000,0x00000000d7580000)
 ParOldGen       total 871424K, used 871187K [0x0000000080000000, 0x00000000b5300000, 0x00000000d5580000Event: 1182.012 {heap Before GC invocations=479 (full 4):
 PSYoungGen      total 29696K, used 29692K [0x00000000d5580000, 0x00000000d7c80000, 0x0000000100000000)
  eden space 25600K, 100% used [0x00000000d5580000,0x00000000d6e80000,0x00000000d6e80000)
  from space 4096K, 99% used [0x00000000d7580000,0x00000000d797f020,0x00000000d7980000)
  to   space 7168K, 0% used [0x00000000d6e80000,0x00000000d6e80000,0x00000000d7580000)
 ParOldGen       total 871424K, used 871187K [0x0000000080000000, 0x00000000b5300000, 0x00000000d558Event: 1182.019 {heap After GC invocations=479 (full 4):
 PSYoungGen      total 32256K, used 7160K [0x00000000d5580000, 0x00000000d8900000, 0x0000000100000000)
  eden space 25088K, 0% used [0x00000000d5580000,0x00000000d5580000,0x00000000d6e00000)
  from space 7168K, 99% used [0x00000000d6e80000,0x00000000d757e040,0x00000000d7580000)
  to   space 13824K, 0% used [0x00000000d7b80000,0x00000000d7b80000,0x00000000d8900000)
 ParOldGen       total 876544K, used 876491K [0x0000000080000000, 0x00000000b5800000, 0x00000000d558000Event: 1182.784 {heap Before GC invocations=480 (full 4):
 PSYoungGen      total 32256K, used 32248K [0x00000000d5580000, 0x00000000d8900000, 0x0000000100000000)
  eden space 25088K, 100% used [0x00000000d5580000,0x00000000d6e00000,0x00000000d6e00000)
  from space 7168K, 99% used [0x00000000d6e80000,0x00000000d757e040,0x00000000d7580000)
  to   space 13824K, 0% used [0x00000000d7b80000,0x00000000d7b80000,0x00000000d8900000)
 ParOldGen       total 876544K, used 876491K [0x0000000080000000, 0x00000000b5800000, 0x00000000d55Event: 1182.785 {heap After GC invocations=480 (full 4):
 PSYoungGen      total 25088K, used 416K [0x00000000d5580000, 0x00000000d7c00000, 0x0000000100000000)
  eden space 24576K, 0% used [0x00000000d5580000,0x00000000d5580000,0x00000000d6d80000)
  from space 512K, 81% used [0x00000000d7b80000,0x00000000d7be8000,0x00000000d7c00000)
  to   space 5120K, 0% used [0x00000000d7200000,0x00000000d7200000,0x00000000d7700000)
 ParOldGen       total 877056K, used 876755K [0x0000000080000000, 0x00000000b5880000, 0x00000000d5580000)
Event: 1182.833 {heap Before GC invocations=481 (full 4):
 PSYoungGen      total 25088K, used 24992K [0x00000000d5580000, 0x00000000d7c00000, 0x0000000100000000)
  eden space 24576K, 100% used [0x00000000d5580000,0x00000000d6d80000,0x00000000d6d80000)
  from space 512K, 81% used [0x00000000d7b80000,0x00000000d7be8000,0x00000000d7c00000)
  to   space 5120K, 0% used [0x00000000d7200000,0x00000000d7200000,0x00000000d7700000)
 ParOldGen       total 877056K, used 876755K [0x0000000080000000, 0x00000000b5880000, 0x00000000d5580Event: 1182.835 {heap After GC invocations=481 (full 4):
 PSYoungGen      total 34304K, used 602K [0x00000000d5580000, 0x00000000d7c00000, 0x0000000100000000)
  eden space 29184K, 0% used [0x00000000d5580000,0x00000000d5580000,0x00000000d7200000)
  from space 5120K, 11% used [0x00000000d7200000,0x00000000d7296b80,0x00000000d7700000)
  to   space 1536K, 0% used [0x00000000d7a80000,0x00000000d7a80000,0x00000000d7c00000)
 ParOldGen       total 877056K, used 877008K [0x0000000080000000, 0x00000000b5880000, 0x00000000d5580000)
Metaspace Usage History (20 events):
Event: 1162.502 {metaspace Before GC invocations=472 (full 4):
 Metaspace       used 84933K, committed 86592K, reserved 1179648K
  class space    used 7358K, committed 8064K, reserved 1048576K
}
Event: 1162.507 {metaspace After GC invocations=472 (full 4):
 Metaspace       used 84933K, committed 86592K, reserved 1179648K
  class space    used 7358K, committed 8064K, reserved 1048576K
}
Event: 1162.667 {metaspace Before GC invocations=473 (full 4):
 Metaspace       used 84938K, committed 86592K, reserved 1179648K
  class space    used 7358K, committed 8064K, reserved 1048576K
}
Event: 1162.671 {metaspace After GC invocations=473 (full 4):
 Metaspace       used 84938K, committed 86592K, reserved 1179648K
  class space    used 7358K, committed 8064K, reserved 1048576K
}
Event: 1163.173 {metaspace Before GC invocations=474 (full 4):
 Metaspace       used 84942K, committed 86592K, reserved 1179648K
  class space    used 7358K, committed 8064K, reserved 1048576K
}
Event: 1163.175 {metaspace After GC invocations=474 (full 4):
 Metaspace       used 84942K, committed 86592K, reserved 1179648K
  class space    used 7358K, committed 8064K, reserved 1048576K
}
Event: 1163.674 {metaspace Before GC invocations=475 (full 4):
 Metaspace       used 84942K, committed 86592K, reserved 1179648K
  class space    used 7358K, committed 8064K, reserved 1048576K
}
Event: 1163.676 {metaspace After GC invocations=475 (full 4):
 Metaspace       used 84942K, committed 86592K, reserved 1179648K
  class space    used 7358K, committed 8064K, reserved 1048576K
}
Event: 1163.805 {metaspace Before GC invocations=476 (full 4):
 Metaspace       used 84943K, committed 86592K, reserved 1179648K
  class space    used 7358K, committed 8064K, reserved 1048576K
}
Event: 1163.811 {metaspace After GC invocations=476 (full 4):
 Metaspace       used 84943K, committed 86592K, reserved 1179648K
  class space    used 7358K, committed 8064K, reserved 1048576K
}
Event: 1164.376 {metaspace Before GC invocations=477 (full 4):
 Metaspace       used 84955K, committed 86592K, reserved 1179648K
  class space    used 7358K, committed 8064K, reserved 1048576K
}
Event: 1164.379 {metaspace After GC invocations=477 (full 4):
 Metaspace       used 84955K, committed 86592K, reserved 1179648K
  class space    used 7358K, committed 8064K, reserved 1048576K
}
Event: 1164.699 {metaspace Before GC invocations=478 (full 4):
 Metaspace       used 84955K, committed 86592K, reserved 1179648K
  class space    used 7358K, committed 8064K, reserved 1048576K
}
Event: 1164.701 {metaspace After GC invocations=478 (full 4):
 Metaspace       used 84955K, committed 86592K, reserved 1179648K
  class space    used 7358K, committed 8064K, reserved 1048576K
}
Event: 1182.012 {metaspace Before GC invocations=479 (full 4):
 Metaspace       used 85235K, committed 86848K, reserved 1179648K
  class space    used 7399K, committed 8128K, reserved 1048576K
}
Event: 1182.019 {metaspace After GC invocations=479 (full 4):
 Metaspace       used 85235K, committed 86848K, reserved 1179648K
  class space    used 7399K, committed 8128K, reserved 1048576K
}
Event: 1182.784 {metaspace Before GC invocations=480 (full 4):
 Metaspace       used 85739K, committed 87488K, reserved 1179648K
  class space    used 7482K, committed 8256K, reserved 1048576K
}
Event: 1182.785 {metaspace After GC invocations=480 (full 4):
 Metaspace       used 85739K, committed 87488K, reserved 1179648K
  class space    used 7482K, committed 8256K, reserved 1048576K
}
Event: 1182.833 {metaspace Before GC invocations=481 (full 4):
 Metaspace       used 86174K, committed 88256K, reserved 1179648K
  class space    used 7603K, committed 8512K, reserved 1048576K
}
Event: 1182.835 {metaspace After GC invocations=481 (full 4):
 Metaspace       used 86174K, committed 88256K, reserved 1179648K
  class space    used 7603K, committed 8512K, reserved 1048576K
}

Dll operation events (10 events):
Event: 0.018 Loaded shared library C:\Program Files\Java\jdk-25\bin\java.dll
Event: 0.054 Loaded shared library C:\Program Files\Java\jdk-25\bin\zip.dll
Event: 0.134 Loaded shared library C:\Program Files\Java\jdk-25\bin\instrument.dll
Event: 0.140 Loaded shared library C:\Program Files\Java\jdk-25\bin\net.dll
Event: 0.144 Loaded shared library C:\Program Files\Java\jdk-25\bin\nio.dll
Event: 0.154 Loaded shared library C:\Program Files\Java\jdk-25\bin\zip.dll
Event: 0.186 Loaded shared library C:\Program Files\Java\jdk-25\bin\jimage.dll
Event: 0.300 Loaded shared library C:\Program Files\Java\jdk-25\bin\verify.dll
Event: 2.035 Loaded shared library C:\Users\wakam\AppData\Roaming\Code\User\globalStorage\redhat.java\1.54.2026041108\config_win\org.eclipse.equinox.launcher\org.eclipse.equinox.launcher.win32.win32.x86_64_1.3.0.v20260203-2149\eclipse_11919.dll
Event: 4.277 Loaded shared library C:\Users\wakam\AppData\Local\Temp\jna-112894669\jna4074580536273734470.dll

Deoptimization events (20 events):
Event: 1182.711 Thread 0x000001e1d3ccb8c0 Uncommon trap: trap_request=0xffffff45 fr.pc=0x000001e1c2e7c198 relative=0x0000000000000998
Event: 1182.711 Thread 0x000001e1d3ccb8c0 Uncommon trap: reason=unstable_if action=reinterpret pc=0x000001e1c2e7c198 method=java.util.concurrent.locks.AbstractQueuedSynchronizer.acquire(Ljava/util/concurrent/locks/AbstractQueuedSynchronizer$Node;IZZZJ)I @ 357 c2
Event: 1182.711 Thread 0x000001e1d3ccb8c0 DEOPT PACKING pc=0x000001e1c2e7c198 sp=0x000000b1adaff040
Event: 1182.711 Thread 0x000001e1d3ccb8c0 DEOPT UNPACKING pc=0x000001e1c1d97582 sp=0x000000b1adafefe8 mode 2
Event: 1182.711 Thread 0x000001e1d3ccb8c0 Uncommon trap: trap_request=0xffffffc6 fr.pc=0x000001e1c3140bd8 relative=0x00000000000022d8
Event: 1182.711 Thread 0x000001e1d3ccb8c0 Uncommon trap: reason=bimorphic_or_optimized_type_check action=maybe_recompile pc=0x000001e1c3140bd8 method=java.util.TimSort.mergeHi(IIII)V @ 227 c2
Event: 1182.711 Thread 0x000001e1d3ccb8c0 DEOPT PACKING pc=0x000001e1c3140bd8 sp=0x000000b1adafee60
Event: 1182.711 Thread 0x000001e1d3ccb8c0 DEOPT UNPACKING pc=0x000001e1c1d97582 sp=0x000000b1adafee48 mode 2
Event: 1182.787 Thread 0x000001e1b07c3340 Uncommon trap: trap_request=0xffffff45 fr.pc=0x000001e1c233ea14 relative=0x0000000000000094
Event: 1182.787 Thread 0x000001e1b07c3340 Uncommon trap: reason=unstable_if action=reinterpret pc=0x000001e1c233ea14 method=java.lang.invoke.LambdaForm$BasicType.basicType(C)Ljava/lang/invoke/LambdaForm$BasicType; @ 1 c2
Event: 1182.787 Thread 0x000001e1b07c3340 DEOPT PACKING pc=0x000001e1c233ea14 sp=0x000000b1a8ffdde0
Event: 1182.787 Thread 0x000001e1b07c3340 DEOPT UNPACKING pc=0x000001e1c1d97582 sp=0x000000b1a8ffdd78 mode 2
Event: 1182.787 Thread 0x000001e1b07c3340 Uncommon trap: trap_request=0xffffff45 fr.pc=0x000001e1c2b2f7c0 relative=0x0000000000000940
Event: 1182.787 Thread 0x000001e1b07c3340 Uncommon trap: reason=unstable_if action=reinterpret pc=0x000001e1c2b2f7c0 method=java.lang.invoke.LambdaForm$BasicType.basicType(C)Ljava/lang/invoke/LambdaForm$BasicType; @ 1 c2
Event: 1182.787 Thread 0x000001e1b07c3340 DEOPT PACKING pc=0x000001e1c2b2f7c0 sp=0x000000b1a8ffdd30
Event: 1182.787 Thread 0x000001e1b07c3340 DEOPT UNPACKING pc=0x000001e1c1d97582 sp=0x000000b1a8ffdb30 mode 2
Event: 1182.823 Thread 0x000001e1b07c3340 Uncommon trap: trap_request=0xffffff45 fr.pc=0x000001e1c30e2568 relative=0x0000000000000568
Event: 1182.823 Thread 0x000001e1b07c3340 Uncommon trap: reason=unstable_if action=reinterpret pc=0x000001e1c30e2568 method=java.lang.invoke.MethodType.insertParameterTypes(I[Ljava/lang/Class;)Ljava/lang/invoke/MethodType; @ 48 c2
Event: 1182.823 Thread 0x000001e1b07c3340 DEOPT PACKING pc=0x000001e1c30e2568 sp=0x000000b1a8ffded0
Event: 1182.823 Thread 0x000001e1b07c3340 DEOPT UNPACKING pc=0x000001e1c1d97582 sp=0x000000b1a8ffde88 mode 2

Classes loaded (20 events):
Event: 1181.899 Loading class java/util/concurrent/ConcurrentHashMap$EntrySpliterator
Event: 1181.899 Loading class java/util/concurrent/ConcurrentHashMap$EntrySpliterator done
Event: 1181.909 Loading class java/util/zip/Deflater
Event: 1181.909 Loading class java/util/zip/Deflater done
Event: 1181.911 Loading class java/util/zip/Deflater$DeflaterZStreamRef
Event: 1181.911 Loading class java/util/zip/Deflater$DeflaterZStreamRef done
Event: 1181.948 Loading class java/lang/Throwable$WrappedPrintWriter
Event: 1181.949 Loading class java/lang/Throwable$PrintStreamOrWriter
Event: 1181.949 Loading class java/lang/Throwable$PrintStreamOrWriter done
Event: 1181.949 Loading class java/lang/Throwable$WrappedPrintWriter done
Event: 1182.702 Loading class javax/security/auth/login/Configuration
Event: 1182.702 Loading class javax/security/auth/login/Configuration done
Event: 1182.763 Loading class java/lang/invoke/GenerateJLIClassesHelper
Event: 1182.764 Loading class java/lang/invoke/GenerateJLIClassesHelper done
Event: 1182.764 Loading class java/lang/invoke/GenerateJLIClassesHelper$HolderClassBuilder
Event: 1182.764 Loading class java/lang/invoke/GenerateJLIClassesHelper$HolderClassBuilder done
Event: 1182.803 Loading class java/lang/invoke/BoundMethodHandle$Species_J
Event: 1182.803 Loading class java/lang/invoke/BoundMethodHandle$Species_J done
Event: 1182.821 Loading class java/lang/invoke/BoundMethodHandle$Species_F
Event: 1182.821 Loading class java/lang/invoke/BoundMethodHandle$Species_F done

Classes unloaded (20 events):
Event: 248.432 Thread 0x000001e1b086e420 Unloading class 0x0000000036629400 'java/lang/invoke/LambdaForm$MH+0x0000000036629400'
Event: 248.432 Thread 0x000001e1b086e420 Unloading class 0x0000000036628800 'java/lang/invoke/LambdaForm$MH+0x0000000036628800'
Event: 248.432 Thread 0x000001e1b086e420 Unloading class 0x0000000036629000 'java/lang/invoke/LambdaForm$MH+0x0000000036629000'
Event: 248.432 Thread 0x000001e1b086e420 Unloading class 0x0000000036622800 'java/lang/invoke/LambdaForm$MH+0x0000000036622800'
Event: 248.432 Thread 0x000001e1b086e420 Unloading class 0x0000000036622400 'java/lang/invoke/LambdaForm$MH+0x0000000036622400'
Event: 248.432 Thread 0x000001e1b086e420 Unloading class 0x0000000036620c00 'java/lang/invoke/LambdaForm$DMH+0x0000000036620c00'
Event: 248.432 Thread 0x000001e1b086e420 Unloading class 0x0000000036620800 'java/lang/invoke/LambdaForm$DMH+0x0000000036620800'
Event: 248.432 Thread 0x000001e1b086e420 Unloading class 0x0000000036611400 'java/lang/invoke/LambdaForm$MH+0x0000000036611400'
Event: 248.432 Thread 0x000001e1b086e420 Unloading class 0x0000000036611000 'java/lang/invoke/LambdaForm$DMH+0x0000000036611000'
Event: 248.432 Thread 0x000001e1b086e420 Unloading class 0x0000000036610400 'java/lang/invoke/LambdaForm$MH+0x0000000036610400'
Event: 248.432 Thread 0x000001e1b086e420 Unloading class 0x000000003660b800 'java/lang/invoke/LambdaForm$MH+0x000000003660b800'
Event: 248.432 Thread 0x000001e1b086e420 Unloading class 0x000000003660a400 'java/lang/invoke/LambdaForm$MH+0x000000003660a400'
Event: 248.432 Thread 0x000001e1b086e420 Unloading class 0x0000000036609c00 'java/lang/invoke/LambdaForm$MH+0x0000000036609c00'
Event: 248.432 Thread 0x000001e1b086e420 Unloading class 0x0000000036609000 'java/lang/invoke/LambdaForm$MH+0x0000000036609000'
Event: 248.432 Thread 0x000001e1b086e420 Unloading class 0x0000000036608c00 'java/lang/invoke/LambdaForm$MH+0x0000000036608c00'
Event: 248.432 Thread 0x000001e1b086e420 Unloading class 0x00000000365cd800 'java/lang/invoke/LambdaForm$DMH+0x00000000365cd800'
Event: 248.432 Thread 0x000001e1b086e420 Unloading class 0x00000000365cd000 'java/lang/invoke/LambdaForm$DMH+0x00000000365cd000'
Event: 248.432 Thread 0x000001e1b086e420 Unloading class 0x00000000365ccc00 'java/lang/invoke/LambdaForm$DMH+0x00000000365ccc00'
Event: 248.432 Thread 0x000001e1b086e420 Unloading class 0x00000000365cc400 'java/lang/invoke/LambdaForm$DMH+0x00000000365cc400'
Event: 248.432 Thread 0x000001e1b086e420 Unloading class 0x00000000365cc800 'java/lang/invoke/LambdaForm$DMH+0x00000000365cc800'

Classes redefined (0 events):
No events

Internal exceptions (20 events):
Event: 1182.826 Thread 0x000001e1b07c3340 Exception <a 'java/lang/NoSuchMethodError'{0x00000000d6b61300}: 'java.lang.Object java.lang.invoke.Invokers$Holder.invoke_MT(java.lang.Object, java.lang.Object, java.lang.Object, java.lang.Object, java.lang.Object)'> (0x00000000d6b61300) 
thrown [s\open\src\hotspot\share\interpreter\linkResolver.cpp, line 804]
Event: 1182.826 Thread 0x000001e1b07c3340 Exception <a 'java/lang/NoSuchMethodError'{0x00000000d6b69a28}: 'java.lang.Object java.lang.invoke.Invokers$Holder.invoke_MT(java.lang.Object, int, java.lang.Object)'> (0x00000000d6b69a28) 
thrown [s\open\src\hotspot\share\interpreter\linkResolver.cpp, line 804]
Event: 1182.827 Thread 0x000001e1b07c3340 Exception <a 'java/lang/NoSuchMethodError'{0x00000000d6b71e88}: 'void java.lang.invoke.Invokers$Holder.invoke_MT(java.lang.Object, java.lang.Object, int, java.lang.Object)'> (0x00000000d6b71e88) 
thrown [s\open\src\hotspot\share\interpreter\linkResolver.cpp, line 804]
Event: 1182.827 Thread 0x000001e1b07c3340 Exception <a 'java/lang/NoSuchMethodError'{0x00000000d6b7a520}: 'int java.lang.invoke.Invokers$Holder.invoke_MT(java.lang.Object, java.lang.Object)'> (0x00000000d6b7a520) 
thrown [s\open\src\hotspot\share\interpreter\linkResolver.cpp, line 804]
Event: 1182.827 Thread 0x000001e1b07c3340 Exception <a 'java/lang/NoSuchMethodError'{0x00000000d6b829a0}: 'long java.lang.invoke.Invokers$Holder.invoke_MT(java.lang.Object, java.lang.Object)'> (0x00000000d6b829a0) 
thrown [s\open\src\hotspot\share\interpreter\linkResolver.cpp, line 804]
Event: 1182.827 Thread 0x000001e1b07c3340 Exception <a 'java/lang/NoSuchMethodError'{0x00000000d6b8ebe8}: 'java.lang.Object java.lang.invoke.Invokers$Holder.linkToCallSite(int, int, int, java.lang.Object)'> (0x00000000d6b8ebe8) 
thrown [s\open\src\hotspot\share\interpreter\linkResolver.cpp, line 804]
Event: 1182.827 Thread 0x000001e1b07c3340 Exception <a 'java/lang/NoSuchMethodError'{0x00000000d6b972e0}: 'java.lang.Object java.lang.invoke.Invokers$Holder.linkToCallSite(int, long, java.lang.Object)'> (0x00000000d6b972e0) 
thrown [s\open\src\hotspot\share\interpreter\linkResolver.cpp, line 804]
Event: 1182.828 Thread 0x000001e1b07c3340 Exception <a 'java/lang/NoSuchMethodError'{0x00000000d6b9b458}: 'java.lang.Object java.lang.invoke.Invokers$Holder.linkToCallSite(int, java.lang.Object, java.lang.Object, java.lang.Object)'> (0x00000000d6b9b458) 
thrown [s\open\src\hotspot\share\interpreter\linkResolver.cpp, line 804]
Event: 1182.828 Thread 0x000001e1b07c3340 Exception <a 'java/lang/NoSuchMethodError'{0x00000000d6bab560}: 'java.lang.Object java.lang.invoke.Invokers$Holder.linkToCallSite(java.lang.Object, java.lang.Object, java.lang.Object, int, java.lang.Object, java.lang.Object, java.lang.Object)'> (0x00000000d6bab560) 
thrown [s\open\src\hotspot\share\interpreter\linkResolver.cpp, line 804]
Event: 1182.828 Thread 0x000001e1b07c3340 Exception <a 'java/lang/NoSuchMethodError'{0x00000000d6bb3ac0}: 'java.lang.Object java.lang.invoke.Invokers$Holder.linkToCallSite(java.lang.Object, java.lang.Object, java.lang.Object, int, java.lang.Object, java.lang.Object)'> (0x00000000d6bb3ac0) 
thrown [s\open\src\hotspot\share\interpreter\linkResolver.cpp, line 804]
Event: 1182.828 Thread 0x000001e1b07c3340 Exception <a 'java/lang/NoSuchMethodError'{0x00000000d6bbed68}: 'java.lang.Object java.lang.invoke.Invokers$Holder.linkToCallSite(java.lang.Object, java.lang.Object, java.lang.Object, java.lang.Object, java.lang.Object, java.lang.Object, java.lang.Object, java.lang.Object, java.lang.Object, int, java.lang.Object, java.lang.Object, java.lang.Object, java.lang.Object)'> (0x00000000d6bbed68) 
thrown [s\open\src\hotspot\share\interpreter\linkResolver.cpp, line 804]
Event: 1182.829 Thread 0x000001e1b07c3340 Exception <a 'java/lang/NoSuchMethodError'{0x00000000d6bca088}: 'java.lang.Object java.lang.invoke.Invokers$Holder.linkToCallSite(java.lang.Object, int, java.lang.Object, java.lang.Object, java.lang.Object)'> (0x00000000d6bca088) 
thrown [s\open\src\hotspot\share\interpreter\linkResolver.cpp, line 804]
Event: 1182.829 Thread 0x000001e1b07c3340 Exception <a 'java/lang/NoSuchMethodError'{0x00000000d6bce4e0}: 'java.lang.Object java.lang.invoke.Invokers$Holder.linkToCallSite(java.lang.Object, int, java.lang.Object, java.lang.Object, java.lang.Object, java.lang.Object, java.lang.Object)'> (0x00000000d6bce4e0) 
thrown [s\open\src\hotspot\share\interpreter\linkResolver.cpp, line 804]
Event: 1182.829 Thread 0x000001e1b07c3340 Exception <a 'java/lang/NoSuchMethodError'{0x00000000d6bdad60}: 'java.lang.Object java.lang.invoke.Invokers$Holder.linkToCallSite(java.lang.Object, int, java.lang.Object, int, java.lang.Object, java.lang.Object)'> (0x00000000d6bdad60) 
thrown [s\open\src\hotspot\share\interpreter\linkResolver.cpp, line 804]
Event: 1182.830 Thread 0x000001e1b07c3340 Exception <a 'java/lang/NoSuchMethodError'{0x00000000d6be30c8}: 'java.lang.Object java.lang.invoke.Invokers$Holder.linkToCallSite(java.lang.Object, int, java.lang.Object, java.lang.Object)'> (0x00000000d6be30c8) 
thrown [s\open\src\hotspot\share\interpreter\linkResolver.cpp, line 804]
Event: 1182.830 Thread 0x000001e1b07c3340 Exception <a 'java/lang/NoSuchMethodError'{0x00000000d6bebf70}: 'java.lang.Object java.lang.invoke.Invokers$Holder.linkToCallSite(java.lang.Object, long, java.lang.Object, java.lang.Object)'> (0x00000000d6bebf70) 
thrown [s\open\src\hotspot\share\interpreter\linkResolver.cpp, line 804]
Event: 1182.831 Thread 0x000001e1b07c3340 Exception <a 'java/lang/NoSuchMethodError'{0x00000000d6bf4218}: 'java.lang.Object java.lang.invoke.Invokers$Holder.linkToCallSite(java.lang.Object, long, java.lang.Object)'> (0x00000000d6bf4218) 
thrown [s\open\src\hotspot\share\interpreter\linkResolver.cpp, line 804]
Event: 1182.831 Thread 0x000001e1b07c3340 Exception <a 'java/lang/NoSuchMethodError'{0x00000000d6bfc478}: 'java.lang.Object java.lang.invoke.Invokers$Holder.linkToCallSite(java.lang.Object, java.lang.Object, int, java.lang.Object, java.lang.Object)'> (0x00000000d6bfc478) 
thrown [s\open\src\hotspot\share\interpreter\linkResolver.cpp, line 804]
Event: 1182.832 Thread 0x000001e1b07c3340 Exception <a 'java/lang/NoSuchMethodError'{0x00000000d6c04e80}: 'java.lang.Object java.lang.invoke.Invokers$Holder.linkToCallSite(java.lang.Object, java.lang.Object, int, java.lang.Object)'> (0x00000000d6c04e80) 
thrown [s\open\src\hotspot\share\interpreter\linkResolver.cpp, line 804]
Event: 1182.832 Thread 0x000001e1b07c3340 Exception <a 'java/lang/NoSuchMethodError'{0x00000000d6c0d138}: 'java.lang.Object java.lang.invoke.Invokers$Holder.linkToCallSite(java.lang.Object, java.lang.Object, long, java.lang.Object)'> (0x00000000d6c0d138) 
thrown [s\open\src\hotspot\share\interpreter\linkResolver.cpp, line 804]

VM Operations (20 events):
Event: 1164.701 Executing safepoint VM operation: ParallelCollectForAllocation (Allocation Failure) done
Event: 1181.976 Executing non-safepoint VM operation: HandshakeAllThreads (Deoptimize)
Event: 1181.976 Executing non-safepoint VM operation: HandshakeAllThreads (Deoptimize) done
Event: 1182.012 Executing safepoint VM operation: ParallelCollectForAllocation (Allocation Failure)
Event: 1182.019 Executing safepoint VM operation: ParallelCollectForAllocation (Allocation Failure) done
Event: 1182.723 Executing non-safepoint VM operation: HandshakeAllThreads (Deoptimize)
Event: 1182.723 Executing non-safepoint VM operation: HandshakeAllThreads (Deoptimize) done
Event: 1182.728 Executing non-safepoint VM operation: HandshakeAllThreads (Deoptimize)
Event: 1182.728 Executing non-safepoint VM operation: HandshakeAllThreads (Deoptimize) done
Event: 1182.733 Executing non-safepoint VM operation: HandshakeAllThreads (Deoptimize)
Event: 1182.733 Executing non-safepoint VM operation: HandshakeAllThreads (Deoptimize) done
Event: 1182.737 Executing non-safepoint VM operation: HandshakeAllThreads (Deoptimize)
Event: 1182.737 Executing non-safepoint VM operation: HandshakeAllThreads (Deoptimize) done
Event: 1182.748 Executing non-safepoint VM operation: HandshakeAllThreads (Deoptimize)
Event: 1182.748 Executing non-safepoint VM operation: HandshakeAllThreads (Deoptimize) done
Event: 1182.784 Executing safepoint VM operation: ParallelCollectForAllocation (Allocation Failure)
Event: 1182.785 Executing safepoint VM operation: ParallelCollectForAllocation (Allocation Failure) done
Event: 1182.833 Executing safepoint VM operation: ParallelCollectForAllocation (Allocation Failure)
Event: 1182.835 Executing safepoint VM operation: ParallelCollectForAllocation (Allocation Failure) done
Event: 1182.842 Executing safepoint VM operation: PopulateDumpSharedSpace

Memory protections (0 events):
No events

Nmethod flushes (20 events):
Event: 248.462 Thread 0x000001e1b086e420 flushing  nmethod 0x000001e1bb6e7e88
Event: 248.462 Thread 0x000001e1b086e420 flushing  nmethod 0x000001e1bb6e8608
Event: 248.462 Thread 0x000001e1b086e420 flushing  nmethod 0x000001e1bb6e8d88
Event: 248.462 Thread 0x000001e1b086e420 flushing  nmethod 0x000001e1bb6e9508
Event: 248.462 Thread 0x000001e1b086e420 flushing  nmethod 0x000001e1bb6e9a08
Event: 248.462 Thread 0x000001e1b086e420 flushing  nmethod 0x000001e1bb6e9f08
Event: 248.462 Thread 0x000001e1b086e420 flushing  nmethod 0x000001e1bb6eaa88
Event: 248.462 Thread 0x000001e1b086e420 flushing  nmethod 0x000001e1bb6ead88
Event: 248.462 Thread 0x000001e1b086e420 flushing  nmethod 0x000001e1bb6eb408
Event: 248.462 Thread 0x000001e1b086e420 flushing  nmethod 0x000001e1bb6eb808
Event: 248.462 Thread 0x000001e1b086e420 flushing  nmethod 0x000001e1bb6fd488
Event: 248.462 Thread 0x000001e1b086e420 flushing  nmethod 0x000001e1bb6fd788
Event: 248.462 Thread 0x000001e1b086e420 flushing  nmethod 0x000001e1bb700f88
Event: 248.462 Thread 0x000001e1b086e420 flushing  nmethod 0x000001e1bb701288
Event: 248.462 Thread 0x000001e1b086e420 flushing  nmethod 0x000001e1bb702688
Event: 248.462 Thread 0x000001e1b086e420 flushing  nmethod 0x000001e1bb703488
Event: 248.462 Thread 0x000001e1b086e420 flushing  nmethod 0x000001e1bb712688
Event: 248.462 Thread 0x000001e1b086e420 flushing  nmethod 0x000001e1bb71e888
Event: 248.462 Thread 0x000001e1b086e420 flushing  nmethod 0x000001e1bb723488
Event: 248.462 Thread 0x000001e1b086e420 flushing  nmethod 0x000001e1bb73de88

Events (20 events):
Event: 1181.949 Thread 0x000001e1b07d6a80 Thread added: 0x000001e1d45feac0
Event: 1181.950 Thread 0x000001e1b07c3340 Thread added: 0x000001e1d3ccb8c0
Event: 1182.695 Thread 0x000001e1d35cb770 Thread exited: 0x000001e1d35cb770
Event: 1182.696 Thread 0x000001e1d45faa40 Thread exited: 0x000001e1d45faa40
Event: 1182.696 Thread 0x000001e1d45feac0 Thread exited: 0x000001e1d45feac0
Event: 1182.707 Thread 0x000001e1d462efe0 Thread exited: 0x000001e1d462efe0
Event: 1182.707 Thread 0x000001e1d2fca030 Thread exited: 0x000001e1d2fca030
Event: 1182.707 Thread 0x000001e1d2956490 Thread exited: 0x000001e1d2956490
Event: 1182.707 Thread 0x000001e1d3cc8210 Thread exited: 0x000001e1d3cc8210
Event: 1182.707 Thread 0x000001e1d5046bf0 Thread exited: 0x000001e1d5046bf0
Event: 1182.708 Thread 0x000001e1d37fd990 Thread exited: 0x000001e1d37fd990
Event: 1182.710 Thread 0x000001e1d3453140 Thread exited: 0x000001e1d3453140
Event: 1182.710 Thread 0x000001e1d2f19570 Thread exited: 0x000001e1d2f19570
Event: 1182.711 Thread 0x000001e1d30f8db0 Thread exited: 0x000001e1d30f8db0
Event: 1182.711 Thread 0x000001e1d30fd260 Thread exited: 0x000001e1d30fd260
Event: 1182.713 Thread 0x000001e1d3ccb8c0 Thread exited: 0x000001e1d3ccb8c0
Event: 1182.713 Thread 0x000001e1b07c3340 Thread added: 0x000001e1d3cc8210
Event: 1182.713 Thread 0x000001e1d3cc8210 Thread exited: 0x000001e1d3cc8210
Event: 1182.714 Thread 0x000001e1b07c3340 Before exit entered
Event: 1182.793 Thread 0x000001e1b07d6a80 Thread added: 0x000001e1e03fbfe0


Dynamic libraries:
0x00007ff7bbdf0000 - 0x00007ff7bbe00000 	C:\Program Files\Java\jdk-25\bin\java.exe
0x00007ffc8ec80000 - 0x00007ffc8eee7000 	C:\Windows\SYSTEM32\ntdll.dll
0x00007ffc8d740000 - 0x00007ffc8d809000 	C:\Windows\System32\KERNEL32.DLL
0x00007ffc8c170000 - 0x00007ffc8c561000 	C:\Windows\System32\KERNELBASE.dll
0x00007ffc8b560000 - 0x00007ffc8b6ab000 	C:\Windows\System32\ucrtbase.dll
0x00007ffc82000000 - 0x00007ffc82017000 	C:\Program Files\Java\jdk-25\bin\jli.dll
0x00007ffc8d570000 - 0x00007ffc8d735000 	C:\Windows\System32\USER32.dll
0x00007ffc8bf20000 - 0x00007ffc8bf47000 	C:\Windows\System32\win32u.dll
0x00007ffc8dac0000 - 0x00007ffc8daeb000 	C:\Windows\System32\GDI32.dll
0x00007ffc8c840000 - 0x00007ffc8c96b000 	C:\Windows\System32\gdi32full.dll
0x00007ffc8c970000 - 0x00007ffc8ca13000 	C:\Windows\System32\msvcp_win.dll
0x00007ffc6b260000 - 0x00007ffc6b4f3000 	C:\Windows\WinSxS\amd64_microsoft.windows.common-controls_6595b64144ccf1df_6.0.26100.8037_none_3e092faae333b53b\COMCTL32.dll
0x00007ffc7db50000 - 0x00007ffc7db6e000 	C:\Program Files\Java\jdk-25\bin\VCRUNTIME140.dll
0x00007ffc8d3b0000 - 0x00007ffc8d459000 	C:\Windows\System32\msvcrt.dll
0x00007ffc8d460000 - 0x00007ffc8d491000 	C:\Windows\System32\IMM32.DLL
0x00007ffc7f670000 - 0x00007ffc7f67c000 	C:\Program Files\Java\jdk-25\bin\vcruntime140_1.dll
0x00007ffc784a0000 - 0x00007ffc7852d000 	C:\Program Files\Java\jdk-25\bin\msvcp140.dll
0x00007ffbef040000 - 0x00007ffbefe9f000 	C:\Program Files\Java\jdk-25\bin\server\jvm.dll
0x00007ffc8dd40000 - 0x00007ffc8ddfb000 	C:\Windows\System32\ADVAPI32.dll
0x00007ffc8caa0000 - 0x00007ffc8cb47000 	C:\Windows\System32\sechost.dll
0x00007ffc8cf10000 - 0x00007ffc8d028000 	C:\Windows\System32\RPCRT4.dll
0x00007ffc8dcc0000 - 0x00007ffc8dd34000 	C:\Windows\System32\WS2_32.dll
0x00007ffc8b3e0000 - 0x00007ffc8b43e000 	C:\Windows\SYSTEM32\POWRPROF.dll
0x00007ffc7fb60000 - 0x00007ffc7fb95000 	C:\Windows\SYSTEM32\WINMM.dll
0x00007ffc84fa0000 - 0x00007ffc84fab000 	C:\Windows\SYSTEM32\VERSION.dll
0x00007ffc8b3c0000 - 0x00007ffc8b3d4000 	C:\Windows\SYSTEM32\UMPDC.dll
0x00007ffc8a2b0000 - 0x00007ffc8a2cb000 	C:\Windows\SYSTEM32\kernel.appcore.dll
0x00007ffc79bc0000 - 0x00007ffc79bca000 	C:\Program Files\Java\jdk-25\bin\jimage.dll
0x00007ffc82d70000 - 0x00007ffc82fb2000 	C:\Windows\SYSTEM32\DBGHELP.DLL
0x00007ffc8cb80000 - 0x00007ffc8cf02000 	C:\Windows\System32\combase.dll
0x00007ffc8daf0000 - 0x00007ffc8dbc7000 	C:\Windows\System32\OLEAUT32.dll
0x00007ffc620f0000 - 0x00007ffc6212b000 	C:\Windows\SYSTEM32\dbgcore.DLL
0x00007ffc8c0c0000 - 0x00007ffc8c165000 	C:\Windows\System32\bcryptPrimitives.dll
0x00007ffc79690000 - 0x00007ffc796a0000 	C:\Program Files\Java\jdk-25\bin\instrument.dll
0x00007ffc79670000 - 0x00007ffc7968f000 	C:\Program Files\Java\jdk-25\bin\java.dll
0x00007ffc8d030000 - 0x00007ffc8d1c5000 	C:\Windows\System32\ole32.dll
0x00007ffc8dfb0000 - 0x00007ffc8e70f000 	C:\Windows\System32\SHELL32.dll
0x00007ffc8bf50000 - 0x00007ffc8c0ba000 	C:\Windows\System32\wintypes.dll
0x00007ffc77ee0000 - 0x00007ffc77ef7000 	C:\Program Files\Java\jdk-25\bin\zip.dll
0x00007ffc8b6b0000 - 0x00007ffc8bf14000 	C:\Windows\System32\windows.storage.dll
0x00007ffc8d920000 - 0x00007ffc8da17000 	C:\Windows\System32\SHCORE.dll
0x00007ffc8d500000 - 0x00007ffc8d567000 	C:\Windows\System32\shlwapi.dll
0x00007ffc8b480000 - 0x00007ffc8b4a9000 	C:\Windows\SYSTEM32\profapi.dll
0x00007ffc76810000 - 0x00007ffc76822000 	C:\Program Files\Java\jdk-25\bin\net.dll
0x00007ffc8a800000 - 0x00007ffc8a86b000 	C:\Windows\system32\mswsock.dll
0x00007ffc767f0000 - 0x00007ffc76806000 	C:\Program Files\Java\jdk-25\bin\nio.dll
0x00007ffc79660000 - 0x00007ffc79670000 	C:\Program Files\Java\jdk-25\bin\verify.dll
0x00007ffc76560000 - 0x00007ffc765a5000 	C:\Users\wakam\AppData\Roaming\Code\User\globalStorage\redhat.java\1.54.2026041108\config_win\org.eclipse.equinox.launcher\org.eclipse.equinox.launcher.win32.win32.x86_64_1.3.0.v20260203-2149\eclipse_11919.dll
0x00007ffc8ac00000 - 0x00007ffc8ac1b000 	C:\Windows\SYSTEM32\CRYPTSP.dll
0x00007ffc8a210000 - 0x00007ffc8a249000 	C:\Windows\system32\rsaenh.dll
0x00007ffc8a8b0000 - 0x00007ffc8a8e2000 	C:\Windows\SYSTEM32\USERENV.dll
0x00007ffc8b450000 - 0x00007ffc8b47a000 	C:\Windows\SYSTEM32\bcrypt.dll
0x00007ffc8aa60000 - 0x00007ffc8aa6c000 	C:\Windows\SYSTEM32\CRYPTBASE.dll
0x00007ffc89bc0000 - 0x00007ffc89bf3000 	C:\Windows\SYSTEM32\IPHLPAPI.DLL
0x00007ffc8dab0000 - 0x00007ffc8daba000 	C:\Windows\System32\NSI.dll
0x00007ffc764c0000 - 0x00007ffc76509000 	C:\Users\wakam\AppData\Local\Temp\jna-112894669\jna4074580536273734470.dll
0x00007ffc8cb50000 - 0x00007ffc8cb58000 	C:\Windows\System32\PSAPI.DLL
0x00007ffc84800000 - 0x00007ffc84927000 	C:\Windows\SYSTEM32\winhttp.dll
0x00007ffc847b0000 - 0x00007ffc847cd000 	C:\Windows\SYSTEM32\dhcpcsvc6.DLL
0x00007ffc84780000 - 0x00007ffc847a3000 	C:\Windows\SYSTEM32\dhcpcsvc.DLL
0x00007ffc8a3d0000 - 0x00007ffc8a406000 	C:\Windows\SYSTEM32\ntmarta.dll

JVMTI agents:
c:\Users\wakam\.vscode\extensions\redhat.java-1.54.2026041108-win32-x64\lombok\lombok-1.18.39-4050.jar path:C:\Program Files\Java\jdk-25\bin\instrument.dll, loaded, initialized, instrumentlib options:none

dbghelp: loaded successfully - version: 4.0.5 - missing functions: none
symbol engine: initialized successfully - sym options: 0x614 - pdb path: .;C:\Program Files\Java\jdk-25\bin;C:\Windows\SYSTEM32;C:\Windows\WinSxS\amd64_microsoft.windows.common-controls_6595b64144ccf1df_6.0.26100.8037_none_3e092faae333b53b;C:\Program Files\Java\jdk-25\bin\server;C:\Users\wakam\AppData\Roaming\Code\User\globalStorage\redhat.java\1.54.2026041108\config_win\org.eclipse.equinox.launcher\org.eclipse.equinox.launcher.win32.win32.x86_64_1.3.0.v20260203-2149;C:\Users\wakam\AppData\Local\Temp\jna-112894669

VM Arguments:
jvm_args: -Djdk.xml.maxGeneralEntitySizeLimit=0 -Djdk.xml.totalEntitySizeLimit=0 --add-modules=ALL-SYSTEM --add-opens=java.base/java.util=ALL-UNNAMED --add-opens=java.base/java.lang=ALL-UNNAMED --add-opens=java.base/sun.nio.fs=ALL-UNNAMED -Declipse.application=org.eclipse.jdt.ls.core.id1 -Dosgi.bundles.defaultStartLevel=4 -Declipse.product=org.eclipse.jdt.ls.core.product -Djava.import.generatesMetadataFilesAtProjectRoot=false -DDetectVMInstallationsJob.disabled=true -Dfile.encoding=utf8 -XX:+UseParallelGC -XX:GCTimeRatio=4 -XX:AdaptiveSizePolicyWeight=90 -Dsun.zip.disableMemoryMapping=true -Xmx2G -Xms100m -Xlog:disable -javaagent:c:\Users\wakam\.vscode\extensions\redhat.java-1.54.2026041108-win32-x64\lombok\lombok-1.18.39-4050.jar -XX:+HeapDumpOnOutOfMemoryError -XX:HeapDumpPath=c:\Users\wakam\AppData\Roaming\Code\User\workspaceStorage\21f1205e5cd5c5ef57f7413777eb285a\redhat.java -Daether.dependencyCollector.impl=bf -XX:+UnlockDiagnosticVMOptions -XX:+AllowArchivingWithJavaAgent -XX:+AutoCreateSharedArchive -XX:SharedArchiveFile=c:\Users\wakam\AppData\Roaming\Code\User\globalStorage\redhat.java\1.54.2026041108\jdtls.jsa 
java_command: c:\Users\wakam\.vscode\extensions\redhat.java-1.54.2026041108-win32-x64\server\plugins\org.eclipse.equinox.launcher_1.7.100.v20251111-0406.jar -configuration c:\Users\wakam\AppData\Roaming\Code\User\globalStorage\redhat.java\1.54.2026041108\config_win -data c:\Users\wakam\AppData\Roaming\Code\User\workspaceStorage\21f1205e5cd5c5ef57f7413777eb285a\redhat.java\jdt_ws --pipe=\\.\pipe\lsp-fcc5edfc5fdb1fbd650f0eb5b19a4550-sock
java_class_path (initial): c:\Users\wakam\.vscode\extensions\redhat.java-1.54.2026041108-win32-x64\server\plugins\org.eclipse.equinox.launcher_1.7.100.v20251111-0406.jar
Launcher Type: SUN_STANDARD

[Global flags]
     bool AOTInvokeDynamicLinking                  = false                                  {diagnostic} {ergonomic}
     bool AOTRecordTraining                        = false                                  {diagnostic} {ergonomic}
     bool AOTReplayTraining                        = false                                  {diagnostic} {ergonomic}
     uint AdaptiveSizePolicyWeight                 = 90                                        {product} {command line}
     bool AllowArchivingWithJavaAgent              = true                                   {diagnostic} {command line}
    ccstr ArchiveClassesAtExit                     = c:\Users\wakam\AppData\Roaming\Code\User\globalStorage\redhat.java\1.54.2026041108\jdtls.jsa            {product} {ergonomic}
     bool AutoCreateSharedArchive                  = true                                      {product} {command line}
     intx CICompilerCount                          = 4                                         {product} {ergonomic}
     uint GCTimeRatio                              = 4                                         {product} {command line}
     bool HeapDumpOnOutOfMemoryError               = true                                   {manageable} {command line}
    ccstr HeapDumpPath                             = c:\Users\wakam\AppData\Roaming\Code\User\workspaceStorage\21f1205e5cd5c5ef57f7413777eb285a\redhat.java         {manageable} {command line}
   size_t InitialHeapSize                          = 104857600                                 {product} {command line}
   size_t MaxHeapSize                              = 2147483648                                {product} {command line}
   size_t MaxNewSize                               = 715653120                                 {product} {ergonomic}
   size_t MinHeapDeltaBytes                        = 524288                                    {product} {ergonomic}
   size_t MinHeapSize                              = 104857600                                 {product} {command line}
   size_t NewSize                                  = 34603008                                  {product} {ergonomic}
    uintx NonNMethodCodeHeapSize                   = 5832704                                {pd product} {ergonomic}
    uintx NonProfiledCodeHeapSize                  = 122945536                              {pd product} {ergonomic}
    uintx ProfiledCodeHeapSize                     = 122880000                              {pd product} {ergonomic}
    uintx ReservedCodeCacheSize                    = 251658240                              {pd product} {ergonomic}
     bool SegmentedCodeCache                       = true                                      {product} {ergonomic}
    ccstr SharedArchiveFile                        =                                           {product} {command line, ergonomic}
   size_t SoftMaxHeapSize                          = 2147483648                             {manageable} {ergonomic}
     bool UnlockDiagnosticVMOptions                = true                                   {diagnostic} {command line}
     bool UseCompressedOops                        = true                           {product lp64_product} {ergonomic}
     bool UseLargePagesIndividualAllocation        = false                                  {pd product} {ergonomic}
     bool UseParallelGC                            = true                                      {product} {command line}
      int X86ICacheSync                            = 2                                 {ARCH diagnostic} {ergonomic}

Logging:
Log output configuration:
 #0: stdout all=off uptime,level,tags foldmultilines=false
 #1: stderr all=off uptime,level,tags foldmultilines=false

Release file:
IMPLEMENTOR="Oracle Corporation" 
JAVA_RUNTIME_VERSION="25+37-LTS-3491" 
JAVA_VERSION="25" 
JAVA_VERSION_DATE="2025-09-16" 
LIBC="default" 
MODULES="java.base java.compiler java.datatransfer java.xml java.prefs java.desktop java.instrument java.logging java.management java.security.sasl java.naming java.rmi java.management.rmi java.net.http java.scripting java.security.jgss java.transaction.xa java.sql java.sql.rowset java.xml.crypto java.se java.smartcardio jdk.accessibility jdk.internal.jvmstat jdk.attach jdk.charsets jdk.internal.opt jdk.zipfs jdk.compiler jdk.crypto.cryptoki jdk.crypto.ec jdk.crypto.mscapi jdk.dynalink jdk.internal.ed jdk.editpad jdk.internal.vm.ci jdk.graal.compiler jdk.graal.compiler.management jdk.hotspot.agent jdk.httpserver jdk.incubator.vector jdk.internal.le jdk.internal.md jdk.jartool jdk.javadoc jdk.jcmd jdk.management jdk.management.agent jdk.jconsole jdk.jdeps jdk.jdwp.agent jdk.jdi jdk.jfr jdk.jlink jdk.jpackage jdk.jshell jdk.jsobject jdk.jstatd jdk.localedata jdk.management.jfr jdk.naming.dns jdk.naming.rmi jdk.net jdk.nio.mapmode jdk.sctp jdk.security.auth jdk.security.jgss jdk.unsupported jdk.unsupported.desktop jdk.xml.dom" 
OS_ARCH="x86_64" 
OS_NAME="Windows" 
SOURCE=".:git:49d6a23b8806 open:git:6c48f4ed707b" 

Environment Variables:
JAVA_HOME=C:\Program Files\Eclipse Adoptium\jdk-17.0.18.8-hotspot
PATH=C:\Users\wakam\AppData\Local\Programs\Microsoft VS Code;C:\Windows\system32;C:\Windows;C:\Windows\System32\Wbem;C:\Windows\System32\WindowsPowerShell\v1.0\;C:\Windows\System32\OpenSSH\;C:\Program Files\dotnet\;C:\Program Files\Microsoft SQL Server\150\Tools\Binn\;C:\Program Files\Microsoft SQL Server\Client SDK\ODBC\170\Tools\Binn\;C:\Program Files (x86)\Windows Kits\10\Windows Performance Toolkit\;C:\Program Files\Git\cmd;C:\Program Files\Eclipse Adoptium\jdk-17.0.18.8-hotspot\bin;C:\Users\wakam\AppData\Local\Microsoft\WindowsApps;C:\Users\wakam\AppData\Local\Programs\Microsoft VS Code\bin;C:\Users\wakam\.dotnet\tools;
USERNAME=wakam
OS=Windows_NT
PROCESSOR_IDENTIFIER=Intel64 Family 6 Model 165 Stepping 3, GenuineIntel
TMP=C:\Users\wakam\AppData\Local\Temp
TEMP=C:\Users\wakam\AppData\Local\Temp




Compilation memory statistics disabled.

Periodic native trim disabled

---------------  S Y S T E M  ---------------

OS:
 Windows 11 , 64 bit Build 26100 (10.0.26100.7920)
OS uptime: 0 days 1:44 hours
Hyper-V role detected

CPU: total 12 (initial active 12) (6 cores per cpu, 2 threads per core) family 6 model 165 stepping 3 microcode 0x100, cx8, cmov, fxsr, ht, mmx, 3dnowpref, sse, sse2, sse3, ssse3, sse4.1, sse4.2, popcnt, lzcnt, tsc, tscinvbit, avx, avx2, aes, erms, clmul, bmi1, bmi2, adx, fma, vzeroupper, clflush, clflushopt, hv, rdtscp, f16c
Processor Information for the first 12 processors :
  Max Mhz: 3101, Current Mhz: 3101, Mhz Limit: 3101

Memory: 4k page, system-wide physical 16080M (6214M free)
TotalPageFile size 17104M (AvailPageFile size 5830M)
current process WorkingSet (physical memory assigned to process): 1366M, peak: 1366M
current process commit charge ("private bytes"): 1413M, peak: 1413M

vm_info: Java HotSpot(TM) 64-Bit Server VM (25+37-LTS-3491) for windows-amd64 JRE (25+37-LTS-3491), built on 2025-08-14T21:13:00Z with unknown MS VC++:1943

END.
