#
# A fatal error has been detected by the Java Runtime Environment:
#
#  EXCEPTION_ACCESS_VIOLATION (0xc0000005) at pc=0x00007ff967e5b804, pid=12204, tid=15604
#
# JRE version: Java(TM) SE Runtime Environment (25.0+37) (build 25+37-LTS-3491)
# Java VM: Java HotSpot(TM) 64-Bit Server VM (25+37-LTS-3491, mixed mode, sharing, tiered, compressed oops, compressed class ptrs, parallel gc, windows-amd64)
# Problematic frame:
# V  [jvm.dll+0x45b804]
#
# No core dump will be written. Minidumps are not enabled by default on client versions of Windows
#
# If you would like to submit a bug report, please visit:
#   https://bugreport.java.com/bugreport/crash.jsp
#

---------------  S U M M A R Y ------------

Command Line: -Djdk.xml.maxGeneralEntitySizeLimit=0 -Djdk.xml.totalEntitySizeLimit=0 --add-modules=ALL-SYSTEM --add-opens=java.base/java.util=ALL-UNNAMED --add-opens=java.base/java.lang=ALL-UNNAMED --add-opens=java.base/sun.nio.fs=ALL-UNNAMED -Declipse.application=org.eclipse.jdt.ls.core.id1 -Dosgi.bundles.defaultStartLevel=4 -Declipse.product=org.eclipse.jdt.ls.core.product -Djava.import.generatesMetadataFilesAtProjectRoot=false -DDetectVMInstallationsJob.disabled=true -Dfile.encoding=utf8 -XX:+UseParallelGC -XX:GCTimeRatio=4 -XX:AdaptiveSizePolicyWeight=90 -Dsun.zip.disableMemoryMapping=true -Xmx2G -Xms100m -Xlog:disable -javaagent:c:\Users\wakam\.vscode\extensions\redhat.java-1.54.2026041108-win32-x64\lombok\lombok-1.18.39-4050.jar -XX:+HeapDumpOnOutOfMemoryError -XX:HeapDumpPath=c:\Users\wakam\AppData\Roaming\Code\User\workspaceStorage\21f1205e5cd5c5ef57f7413777eb285a\redhat.java -Daether.dependencyCollector.impl=bf -XX:+UnlockDiagnosticVMOptions -XX:+AllowArchivingWithJavaAgent -XX:+AutoCreateSharedArchive -XX:SharedArchiveFile=c:\Users\wakam\AppData\Roaming\Code\User\globalStorage\redhat.java\1.54.2026041108\jdtls.jsa c:\Users\wakam\.vscode\extensions\redhat.java-1.54.2026041108-win32-x64\server\plugins\org.eclipse.equinox.launcher_1.7.100.v20251111-0406.jar -configuration c:\Users\wakam\AppData\Roaming\Code\User\globalStorage\redhat.java\1.54.2026041108\config_win -data c:\Users\wakam\AppData\Roaming\Code\User\workspaceStorage\21f1205e5cd5c5ef57f7413777eb285a\redhat.java\jdt_ws --pipe=\\.\pipe\lsp-58db512a0d782859acd12b8e7a8cfc72-sock

Host: Intel(R) Core(TM) i5-10500 CPU @ 3.10GHz, 12 cores, 15G,  Windows 11 , 64 bit Build 26100 (10.0.26100.7920)
Time: Tue Apr 14 18:06:11 2026 elapsed time: 166.740216 seconds (0d 0h 2m 46s)

---------------  T H R E A D  ---------------

Current thread (0x000001c7d4539f50):  VMThread "VM Thread"          [id=15604, stack(0x0000007829800000,0x0000007829900000) (1024K)]

Stack: [0x0000007829800000,0x0000007829900000],  sp=0x00000078298fef00,  free space=1019k
Native frames: (J=compiled Java code, j=interpreted, Vv=VM code, C=native code)
V  [jvm.dll+0x45b804]  (no source info available)
V  [jvm.dll+0x45b84f]  (no source info available)
V  [jvm.dll+0x4612b6]  (no source info available)
V  [jvm.dll+0x38668a]  (no source info available)
V  [jvm.dll+0x3855c6]  (no source info available)
V  [jvm.dll+0x385a03]  (no source info available)
V  [jvm.dll+0x96ee71]  (no source info available)
V  [jvm.dll+0x97018d]  (no source info available)
V  [jvm.dll+0x970709]  (no source info available)
V  [jvm.dll+0x9709b3]  (no source info available)
V  [jvm.dll+0x90681d]  (no source info available)
V  [jvm.dll+0x7a5015]  (no source info available)
C  [ucrtbase.dll+0x37b0]  (no source info available)
C  [KERNEL32.DLL+0x2e8d7]  (no source info available)
C  [ntdll.dll+0x8c48c]  (no source info available)


siginfo: EXCEPTION_ACCESS_VIOLATION (0xc0000005), reading address 0x00000000000000e0


Registers:
RAX=0x000000002f183901, RBX=0x0000000000000000, RCX=0x0000000000000000, RDX=0x0000000000000000
RSP=0x00000078298fef00, RBP=0x00000078298fefe0, RSI=0x0000000000000001, RDI=0x000001c79204ac78
R8 =0x000001c7d20648c0, R9 =0x00000000000002c5, R10=0x000001c7d2060000, R11=0x00000078298fef50
R12=0x00007ff9684cdbc0, R13=0x00007ff9684daca8, R14=0x000001c78fa721d0, R15=0x00007ff9684cdae8
RIP=0x00007ff967e5b804, EFLAGS=0x0000000000010287

XMM[0]=0x0000000000000000 0x0000000000000000
XMM[1]=0x000001c78e91fe50 0x000001c78e91fea8
XMM[2]=0x000001c78e91f9d8 0x000001c78e91f8d0
XMM[3]=0x000001c78e91fa88 0x000001c78e91f980
XMM[4]=0x000001c78e91fd48 0x000001c78e91fda0
XMM[5]=0x000001c78e91fdf8 0x000001c78e91fe50
XMM[6]=0x0000000000000000 0x0000000000000000
XMM[7]=0x0000000000000000 0x0000000000000000
XMM[8]=0x0000000000000000 0x404e000000000000
XMM[9]=0x0000000000000000 0x0000000000000000
XMM[10]=0x0000000000000000 0x0000000000000000
XMM[11]=0x0000000000000000 0x0000000000000000
XMM[12]=0x0000000000000000 0x0000000000000000
XMM[13]=0x0000000000000000 0x0000000000000000
XMM[14]=0x0000000000000000 0x0000000000000000
XMM[15]=0x0000000000000000 0x0000000000000000
  MXCSR=0x00001fa0


Register to memory mapping:

RAX=0x000000002f183901 is pointing into metadata
RBX=0x0 is null
RCX=0x0 is null
RDX=0x0 is null
RSP=0x00000078298fef00 points into unknown readable memory: 0x000001c7d21c0000 | 00 00 1c d2 c7 01 00 00
RBP=0x00000078298fefe0 points into unknown readable memory: 0x00007ff9684dacb8 | b8 ac 4d 68 f9 7f 00 00
RSI=0x0000000000000001 is an unknown value
RDI=0x000001c79204ac78 points into unknown readable memory: 0x0000000000000000 | 00 00 00 00 00 00 00 00
R8 =0x000001c7d20648c0 points into unknown readable memory: 0x000001c7d2060d20 | 20 0d 06 d2 c7 01 00 00
R9 =0x00000000000002c5 is an unknown value
R10=0x000001c7d2060000 points into unknown readable memory: 0x0000000000000000 | 00 00 00 00 00 00 00 00
R11=0x00000078298fef50 points into unknown readable memory: 0x000001c78fa72360 | 60 23 a7 8f c7 01 00 00
R12=0x00007ff9684cdbc0 jvm.dll
R13=0x00007ff9684daca8 jvm.dll
R14=0x000001c78fa721d0 points into unknown readable memory: 0x000000002f010080 | 80 00 01 2f 00 00 00 00
R15=0x00007ff9684cdae8 jvm.dll

Top of Stack: (sp=0x00000078298fef00)
0x00000078298fef00:   000001c7d21c0000 0000000000000000   ................
0x00000078298fef10:   000001c7cf038610 00007ff968066bd6   .........k.h....
0x00000078298fef20:   000001c79204ac78 00007ff967e5b84f   x.......O..g....
0x00000078298fef30:   0000000000000000 0000000000000001   ................
0x00000078298fef40:   000001c78fa721d0 000001c7d453a4b0   .!........S.....
0x00000078298fef50:   000001c78fa72360 00007ff967e612b6   `#.........g....
0x00000078298fef60:   0000000000000000 00007ff9684f3f40   ........@?Oh....
0x00000078298fef70:   000001c78fa721d0 00000078298fefe0   .!.........)x...
0x00000078298fef80:   0000000000012e10 0000000000000000   ................
0x00000078298fef90:   00000000000025c2 00000078295fe9b0   .%........_)x...
0x00000078298fefa0:   000001c78fa721d0 00007ff967d8668a   .!.......f.g....
0x00000078298fefb0:   0000000000000048 000001c7d453a4b0   H.........S.....
0x00000078298fefc0:   0000000000000000 000000000046c8b7   ..........F.....
0x00000078298fefd0:   000001c78fa71838 00000016000001d8   8...............
0x00000078298fefe0:   00007ff9684dacb8 0000000000000000   ..Mh............
0x00000078298feff0:   0000000000000000 0000000000000000   ................
0x00000078298ff000:   00000000000003d8 0000000000000000   ................
0x00000078298ff010:   00000000304787c8 00000078295fe9b0   ..G0......_)x...
0x00000078298ff020:   00000000000137c0 00007ff968497350   .7......PsIh....
0x00000078298ff030:   00000000000026f8 00007ff967d855c6   .&.......U.g....
0x00000078298ff040:   00007ff9000025c2 0000000000012e10   .%..............
0x00000078298ff050:   000001c7d453a4b0 00007ff968778ca8   ..S.......wh....
0x00000078298ff060:   0000003bc5e40b3c 000001c7d453a6d8   <...;.....S.....
0x00000078298ff070:   000001c7d453a6b0 0000000000000000   ..S.............
0x00000078298ff080:   0000000000000000 000001c7d4539f50   ........P.S.....
0x00000078298ff090:   000001c7f69eef20 000000782ccf0100    ..........,x...
0x00000078298ff0a0:   0000000000000000 00007ff9ef2f10c4   ........../.....
0x00000078298ff0b0:   0000000000000000 00007ff900000035   ........5.......
0x00000078298ff0c0:   0000003bc5e40b3c 00007ff96837d343   <...;...C.7h....
0x00000078298ff0d0:   000000000000d6d8 00007ff968309a20   ........ .0h....
0x00000078298ff0e0:   0000000000000000 000001c7d4536e60   ........`nS.....
0x00000078298ff0f0:   00007ff9687a1b30 00007ff968497350   0.zh....PsIh....

Instructions: (pc=0x00007ff967e5b804)
  0x00007ff967e5b704:   7e 20 74 0c 4d 89 66 18 4d 89 7e 20 4d 89 6e 28
  0x00007ff967e5b714:   4c 8b b4 24 08 01 00 00 4c 8b ac 24 10 01 00 00
  0x00007ff967e5b724:   4c 8b a4 24 18 01 00 00 4c 8b bc 24 00 01 00 00
  0x00007ff967e5b734:   48 83 7c 24 40 00 74 55 48 8b 9f b0 06 00 00 48
  0x00007ff967e5b744:   8d 44 24 58 33 c9 48 89 45 a8 48 8d 45 99 48 89
  0x00007ff967e5b754:   4d c8 89 4d b8 4c 8d 44 24 50 88 4d c0 48 8d 54
  0x00007ff967e5b764:   24 40 4c 8b cf 48 89 45 b0 48 8d 4c 24 30 48 89
  0x00007ff967e5b774:   b7 b0 06 00 00 c7 45 bc 08 00 00 00 c6 44 24 30
  0x00007ff967e5b784:   0e e8 66 f8 01 00 48 89 9f b0 06 00 00 48 8d 4c
  0x00007ff967e5b794:   24 40 e8 05 eb fd ff 48 8b 9c 24 50 01 00 00 48
  0x00007ff967e5b7a4:   8b 4d f0 48 33 cc e8 61 c3 58 00 48 81 c4 20 01
  0x00007ff967e5b7b4:   00 00 5f 5e 5d c3 cc cc cc cc cc cc 0f b7 41 0e
  0x00007ff967e5b7c4:   66 c1 e8 09 a8 01 74 03 32 c0 c3 e9 6c 9b 20 00
  0x00007ff967e5b7d4:   cc cc cc cc cc cc cc cc cc cc cc cc 48 89 5c 24
  0x00007ff967e5b7e4:   08 48 89 74 24 10 57 48 83 ec 20 48 3b 0d 8a ed
  0x00007ff967e5b7f4:   8d 00 48 8b d9 73 09 48 3b 0d 76 ed 8d 00 73 5b
=>0x00007ff967e5b804:   48 8b 81 e0 00 00 00 66 83 78 30 32 72 5f 48 8b
  0x00007ff967e5b814:   01 ff 50 78 48 85 c0 74 15 48 8b 03 48 8b cb ff
  0x00007ff967e5b824:   50 78 48 8b c8 e8 b2 ff ff ff 84 c0 74 3f 48 8b
  0x00007ff967e5b834:   bb a0 01 00 00 48 63 37 48 85 f6 7e 1e 33 db 48
  0x00007ff967e5b844:   83 c7 08 48 8b 0f e8 91 ff ff ff 84 c0 74 1e 48
  0x00007ff967e5b854:   ff c3 48 83 c7 08 48 3b de 7c e8 b0 01 48 8b 5c
  0x00007ff967e5b864:   24 30 48 8b 74 24 38 48 83 c4 20 5f c3 48 8b 5c
  0x00007ff967e5b874:   24 30 32 c0 48 8b 74 24 38 48 83 c4 20 5f c3 cc
  0x00007ff967e5b884:   cc cc cc cc cc cc cc cc cc cc cc cc 4c 89 44 24
  0x00007ff967e5b894:   18 53 56 57 48 83 ec 70 48 3b 15 2d 53 8e 00 49
  0x00007ff967e5b8a4:   8b f0 48 8b fa 48 8b d9 0f 84 88 02 00 00 48 8b
  0x00007ff967e5b8b4:   4a 08 48 85 c9 0f 84 7b 02 00 00 ff 15 5b e7 87
  0x00007ff967e5b8c4:   00 48 85 c0 0f 84 6c 02 00 00 48 8b cf e8 8a b9
  0x00007ff967e5b8d4:   e3 ff 84 c0 0f 85 5c 02 00 00 48 85 db 0f 84 53
  0x00007ff967e5b8e4:   02 00 00 66 83 7b 04 05 0f 82 48 02 00 00 48 8b
  0x00007ff967e5b8f4:   b6 a8 03 00 00 48 8b cb 0f b6 43 0a 0a 43 09 0a


Stack slot to memory mapping:

stack at sp + 0 slots: 0x000001c7d21c0000 points into unknown readable memory: 0x0000000000000000 | 00 00 00 00 00 00 00 00
stack at sp + 1 slots: 0x0 is null
stack at sp + 2 slots: 0x000001c7cf038610 points into unknown readable memory: 0xcae20faa53445352 | 52 53 44 53 aa 0f e2 ca
stack at sp + 3 slots: 0x00007ff968066bd6 jvm.dll
stack at sp + 4 slots: 0x000001c79204ac78 points into unknown readable memory: 0x0000000000000000 | 00 00 00 00 00 00 00 00
stack at sp + 5 slots: 0x00007ff967e5b84f jvm.dll
stack at sp + 6 slots: 0x0 is null
stack at sp + 7 slots: 0x0000000000000001 is an unknown value

VM_Operation (0x00000078295fe9a0): PopulateDumpSharedSpace, mode: safepoint, requested by thread 0x000001c7d448df70


---------------  P R O C E S S  ---------------

Threads class SMR info:
_java_thread_list=0x000001c7fa6b4e70, length=55, elements={
0x000001c7d448df70, 0x000001c7d4548760, 0x000001c7ee0a0390, 0x000001c7ee0a3a80,
0x000001c7ee0a46e0, 0x000001c7d454cff0, 0x000001c7d454e7c0, 0x000001c7d44a27c0,
0x000001c7d449ef50, 0x000001c7f43732e0, 0x000001c7f4a80670, 0x000001c7f4e06ba0,
0x000001c7f5c5ba80, 0x000001c7f5c5c250, 0x000001c7f5c5aae0, 0x000001c7f5c5d1f0,
0x000001c7f5c5d9c0, 0x000001c7f5c5e960, 0x000001c7f5c5e190, 0x000001c7f5c5b2b0,
0x000001c7f5c62010, 0x000001c7f5c608a0, 0x000001c7f5c5f130, 0x000001c7f5c5f900,
0x000001c7f5c61070, 0x000001c7f65a3360, 0x000001c7f5156770, 0x000001c7f5157710,
0x000001c7f51586b0, 0x000001c7f5158e80, 0x000001c7f515adc0, 0x000001c7f515a5f0,
0x000001c7f515b590, 0x000001c7f7b31e30, 0x000001c7f7b30e90, 0x000001c7f7b31660,
0x000001c7f7b2fef0, 0x000001c7f7b306c0, 0x000001c7f7b2e780, 0x000001c7f72524c0,
0x000001c7f7253c30, 0x000001c7f4a8c030, 0x000001c7f7c1a6b0, 0x000001c7f7c1b650,
0x000001c7f7c19ee0, 0x000001c7f7c18f40, 0x000001c7f7c1ae80, 0x000001c7f7c1f4d0,
0x000001c7f7c20470, 0x000001c7f7c1ed00, 0x000001c7f7c21410, 0x000001c7f7c1e530,
0x000001c7f698a170, 0x000001c7f45dc520, 0x000001c7f8e77a40
}

Java Threads: ( => current thread )
  0x000001c7d448df70 JavaThread "main"                              [_thread_blocked, id=16808, stack(0x0000007829500000,0x0000007829600000) (1024K)]
  0x000001c7d4548760 JavaThread "Reference Handler"          daemon [_thread_blocked, id=16940, stack(0x0000007829900000,0x0000007829a00000) (1024K)]
  0x000001c7ee0a0390 JavaThread "Finalizer"                  daemon [_thread_blocked, id=17264, stack(0x0000007829a00000,0x0000007829b00000) (1024K)]
  0x000001c7ee0a3a80 JavaThread "Signal Dispatcher"          daemon [_thread_blocked, id=15592, stack(0x0000007829b00000,0x0000007829c00000) (1024K)]
  0x000001c7ee0a46e0 JavaThread "Attach Listener"            daemon [_thread_blocked, id=16548, stack(0x0000007829c00000,0x0000007829d00000) (1024K)]
  0x000001c7d454cff0 JavaThread "Service Thread"             daemon [_thread_blocked, id=15588, stack(0x0000007829d00000,0x0000007829e00000) (1024K)]
  0x000001c7d454e7c0 JavaThread "Monitor Deflation Thread"   daemon [_thread_blocked, id=4280, stack(0x0000007829e00000,0x0000007829f00000) (1024K)]
  0x000001c7d44a27c0 JavaThread "C2 CompilerThread0"         daemon [_thread_blocked, id=17136, stack(0x0000007829f00000,0x000000782a000000) (1024K)]
  0x000001c7d449ef50 JavaThread "C1 CompilerThread0"         daemon [_thread_blocked, id=17148, stack(0x000000782a000000,0x000000782a100000) (1024K)]
  0x000001c7f43732e0 JavaThread "Common-Cleaner"             daemon [_thread_blocked, id=16448, stack(0x000000782a200000,0x000000782a300000) (1024K)]
  0x000001c7f4a80670 JavaThread "Notification Thread"        daemon [_thread_blocked, id=9808, stack(0x000000782a300000,0x000000782a400000) (1024K)]
  0x000001c7f4e06ba0 JavaThread "JNA Cleaner"                daemon [_thread_blocked, id=4688, stack(0x000000782b100000,0x000000782b200000) (1024K)]
  0x000001c7f5c5ba80 JavaThread "InnocuousThread-1"          daemon [_thread_in_native, id=14680, stack(0x000000782bd00000,0x000000782be00000) (1024K)]
  0x000001c7f5c5c250 JavaThread "InnocuousThread-2"          daemon [_thread_in_native, id=3716, stack(0x000000782be00000,0x000000782bf00000) (1024K)]
  0x000001c7f5c5aae0 JavaThread "InnocuousThread-3"          daemon [_thread_in_native, id=5028, stack(0x000000782bf00000,0x000000782c000000) (1024K)]
  0x000001c7f5c5d1f0 JavaThread "InnocuousThread-4"          daemon [_thread_in_native, id=11804, stack(0x000000782c000000,0x000000782c100000) (1024K)]
  0x000001c7f5c5d9c0 JavaThread "InnocuousThread-5"          daemon [_thread_in_native, id=1216, stack(0x000000782c100000,0x000000782c200000) (1024K)]
  0x000001c7f5c5e960 JavaThread "InnocuousThread-6"          daemon [_thread_in_native, id=17204, stack(0x000000782c200000,0x000000782c300000) (1024K)]
  0x000001c7f5c5e190 JavaThread "InnocuousThread-7"          daemon [_thread_in_native, id=6940, stack(0x000000782c300000,0x000000782c400000) (1024K)]
  0x000001c7f5c5b2b0 JavaThread "InnocuousThread-8"          daemon [_thread_in_native, id=16932, stack(0x000000782c400000,0x000000782c500000) (1024K)]
  0x000001c7f5c62010 JavaThread "InnocuousThread-9"          daemon [_thread_in_native, id=4904, stack(0x000000782c500000,0x000000782c600000) (1024K)]
  0x000001c7f5c608a0 JavaThread "InnocuousThread-10"         daemon [_thread_in_native, id=1956, stack(0x000000782c600000,0x000000782c700000) (1024K)]
  0x000001c7f5c5f130 JavaThread "InnocuousThread-11"         daemon [_thread_in_native, id=17376, stack(0x000000782c700000,0x000000782c800000) (1024K)]
  0x000001c7f5c5f900 JavaThread "InnocuousThread-12"         daemon [_thread_in_native, id=14228, stack(0x000000782c800000,0x000000782c900000) (1024K)]
  0x000001c7f5c61070 JavaThread "InnocuousThread-13"         daemon [_thread_in_native, id=16528, stack(0x000000782c900000,0x000000782ca00000) (1024K)]
  0x000001c7f65a3360 JavaThread "pool-2-thread-1"                   [_thread_blocked, id=1540, stack(0x000000782ca00000,0x000000782cb00000) (1024K)]
  0x000001c7f5156770 JavaThread "WorkspaceEventsHandler"            [_thread_blocked, id=5748, stack(0x000000782cb00000,0x000000782cc00000) (1024K)]
  0x000001c7f5157710 JavaThread "pool-1-thread-1"                   [_thread_blocked, id=17068, stack(0x000000782cc00000,0x000000782cd00000) (1024K)]
  0x000001c7f51586b0 JavaThread "ForkJoinPool.commonPool-worker-1" daemon [_thread_blocked, id=4692, stack(0x000000782cd00000,0x000000782ce00000) (1024K)]
  0x000001c7f5158e80 JavaThread "ForkJoinPool.commonPool-worker-2" daemon [_thread_blocked, id=8148, stack(0x000000782ce00000,0x000000782cf00000) (1024K)]
  0x000001c7f515adc0 JavaThread "ForkJoinPool.commonPool-worker-3" daemon [_thread_blocked, id=4176, stack(0x000000782cf00000,0x000000782d000000) (1024K)]
  0x000001c7f515a5f0 JavaThread "ForkJoinPool.commonPool-worker-4" daemon [_thread_blocked, id=17372, stack(0x000000782d000000,0x000000782d100000) (1024K)]
  0x000001c7f515b590 JavaThread "ForkJoinPool.commonPool-worker-5" daemon [_thread_blocked, id=3260, stack(0x000000782d100000,0x000000782d200000) (1024K)]
  0x000001c7f7b31e30 JavaThread "ForkJoinPool.commonPool-worker-6" daemon [_thread_blocked, id=3672, stack(0x000000782d300000,0x000000782d400000) (1024K)]
  0x000001c7f7b30e90 JavaThread "ForkJoinPool.commonPool-worker-7" daemon [_thread_blocked, id=4884, stack(0x000000782d400000,0x000000782d500000) (1024K)]
  0x000001c7f7b31660 JavaThread "ForkJoinPool.commonPool-worker-9" daemon [_thread_blocked, id=17284, stack(0x000000782d500000,0x000000782d600000) (1024K)]
  0x000001c7f7b2fef0 JavaThread "ForkJoinPool.commonPool-worker-8" daemon [_thread_blocked, id=2268, stack(0x000000782d600000,0x000000782d700000) (1024K)]
  0x000001c7f7b306c0 JavaThread "ForkJoinPool.commonPool-worker-11" daemon [_thread_blocked, id=2520, stack(0x000000782d700000,0x000000782d800000) (1024K)]
  0x000001c7f7b2e780 JavaThread "ForkJoinPool.commonPool-worker-10" daemon [_thread_blocked, id=8932, stack(0x000000782d800000,0x000000782d900000) (1024K)]
  0x000001c7f72524c0 JavaThread "Cleaner-0"                  daemon [_thread_blocked, id=7220, stack(0x000000782da00000,0x000000782db00000) (1024K)]
  0x000001c7f7253c30 JavaThread "Compiler Source File Reader" daemon [_thread_blocked, id=16592, stack(0x000000782db00000,0x000000782dc00000) (1024K)]
  0x000001c7f4a8c030 JavaThread "pool-1-thread-2"                   [_thread_blocked, id=12704, stack(0x0000007829300000,0x0000007829400000) (1024K)]
  0x000001c7f7c1a6b0 JavaThread "Compiler Source File Reader" daemon [_thread_blocked, id=4356, stack(0x0000007829200000,0x0000007829300000) (1024K)]
  0x000001c7f7c1b650 JavaThread "Compiler Source File Reader" daemon [_thread_blocked, id=2848, stack(0x0000007829400000,0x0000007829500000) (1024K)]
  0x000001c7f7c19ee0 JavaThread "Compiler Source File Reader" daemon [_thread_blocked, id=13640, stack(0x000000782ae00000,0x000000782af00000) (1024K)]
  0x000001c7f7c18f40 JavaThread "Compiler Source File Reader" daemon [_thread_blocked, id=4172, stack(0x000000782b200000,0x000000782b300000) (1024K)]
  0x000001c7f7c1ae80 JavaThread "Compiler Source File Reader" daemon [_thread_blocked, id=4200, stack(0x000000782b700000,0x000000782b800000) (1024K)]
  0x000001c7f7c1f4d0 JavaThread "Compiler Source File Reader" daemon [_thread_blocked, id=11220, stack(0x000000782b800000,0x000000782b900000) (1024K)]
  0x000001c7f7c20470 JavaThread "Compiler Source File Reader" daemon [_thread_blocked, id=5536, stack(0x000000782ba00000,0x000000782bb00000) (1024K)]
  0x000001c7f7c1ed00 JavaThread "Compiler Source File Reader" daemon [_thread_blocked, id=4316, stack(0x000000782bb00000,0x000000782bc00000) (1024K)]
  0x000001c7f7c21410 JavaThread "Compiler Source File Reader" daemon [_thread_blocked, id=14568, stack(0x000000782d900000,0x000000782da00000) (1024K)]
  0x000001c7f7c1e530 JavaThread "Compiler Processing Task"   daemon [_thread_blocked, id=9384, stack(0x000000782dd00000,0x000000782de00000) (1024K)]
  0x000001c7f698a170 JavaThread "pool-5-thread-1"                   [_thread_blocked, id=9388, stack(0x000000782de00000,0x000000782df00000) (1024K)]
  0x000001c7f45dc520 JavaThread "C2 CompilerThread1"         daemon [_thread_blocked, id=9396, stack(0x000000782a100000,0x000000782a200000) (1024K)]
  0x000001c7f8e77a40 JavaThread "C2 CompilerThread2"         daemon [_thread_blocked, id=9796, stack(0x000000782a400000,0x000000782a500000) (1024K)]
Total: 55

Other Threads:
=>0x000001c7d4539f50 VMThread "VM Thread"                           [id=15604, stack(0x0000007829800000,0x0000007829900000) (1024K)]
  0x000001c7d44b53e0 WatcherThread "VM Periodic Task Thread"        [id=17220, stack(0x0000007829700000,0x0000007829800000) (1024K)]
  0x000001c7d44ad9e0 WorkerThread "GC Thread#0"                     [id=17080, stack(0x0000007829600000,0x0000007829700000) (1024K)]
  0x000001c7f4b52060 WorkerThread "GC Thread#1"                     [id=4748, stack(0x000000782a500000,0x000000782a600000) (1024K)]
  0x000001c7f4b53e90 WorkerThread "GC Thread#2"                     [id=4728, stack(0x000000782a600000,0x000000782a700000) (1024K)]
  0x000001c7f4b54730 WorkerThread "GC Thread#3"                     [id=2252, stack(0x000000782a700000,0x000000782a800000) (1024K)]
  0x000001c7f4b52900 WorkerThread "GC Thread#4"                     [id=5688, stack(0x000000782a900000,0x000000782aa00000) (1024K)]
  0x000001c7f522b210 WorkerThread "GC Thread#5"                     [id=4968, stack(0x000000782ac00000,0x000000782ad00000) (1024K)]
  0x000001c7f522e180 WorkerThread "GC Thread#6"                     [id=17140, stack(0x000000782af00000,0x000000782b000000) (1024K)]
  0x000001c7f522c350 WorkerThread "GC Thread#7"                     [id=1976, stack(0x000000782b000000,0x000000782b100000) (1024K)]
  0x000001c7f522a970 WorkerThread "GC Thread#8"                     [id=4708, stack(0x000000782b400000,0x000000782b500000) (1024K)]
  0x000001c7f522ea20 WorkerThread "GC Thread#9"                     [id=2672, stack(0x000000782b500000,0x000000782b600000) (1024K)]
Total: 12

Threads with active compile tasks:
C2 CompilerThread0  166851 26045       4       java.lang.invoke.InvokerBytecodeGenerator::emitImplicitConversion (166 bytes)
C2 CompilerThread1  166851 26053       4       java.lang.invoke.InvokerBytecodeGenerator::emitPushArgument (145 bytes)
C2 CompilerThread2  166851 26240       4       jdk.internal.classfile.impl.SplitConstantPool::methodRefEntry (72 bytes)
Total: 3

VM state: at safepoint (normal execution)

VM Mutex/Monitor currently owned by a thread:  ([mutex/lock_event])
[0x00007ff968778ca8] DumpTimeTable_lock - owner thread: 0x000001c7d4539f50
[0x00007ff9687794a8] Threads_lock - owner thread: 0x000001c7d4539f50
[0x00007ff968779628] Heap_lock - owner thread: 0x000001c7d448df70

Heap address: 0x0000000080000000, size: 2048 MB, Compressed Oops mode: 32-bit

CDS archive(s) mapped at: [0x000000002f000000-0x000000002fdd0000-0x000000002fdd0000), size 14483456, SharedBaseAddress: 0x000000002f000000, ArchiveRelocationMode: 1.
Compressed class space mapped at: 0x0000000030000000-0x0000000070000000, reserved size: 1073741824
UseCompressedClassPointers 1, UseCompactObjectHeaders 0
Narrow klass pointer bits 32, Max shift 3
Narrow klass base: 0x000000002f000000, Narrow klass shift: 0
Encoding Range: [0x000000002f000000 - 0x000000012f000000), (4294967296 bytes)
Klass Range:    [0x000000002f010000 - 0x0000000070000000), (1090453504 bytes)
Klass ID Range:  [65536 - 1090519033) (1090453497)
Protection zone: [0x000000002f000000 - 0x000000002f010000), (65536 bytes)

GC Precious Log:
 CardTable entry size: 512
 CPUs: 12 total, 12 available
 Memory: 16080M
 Large Page Support: Disabled
 NUMA Support: Disabled
 Compressed Oops: Enabled (32-bit)
 Alignments: Space 512K, Generation 512K, Heap 2M
 Heap Min Capacity: 100M
 Heap Initial Capacity: 100M
 Heap Max Capacity: 2G
 Pre-touch: Disabled
 Parallel Workers: 10

Heap:
 PSYoungGen      total 34816K, used 33447K [0x00000000d5580000, 0x00000000d7800000, 0x0000000100000000)
  eden space 34304K, 96% used [0x00000000d5580000,0x00000000d75d9fc8,0x00000000d7700000)
  from space 512K, 62% used [0x00000000d7780000,0x00000000d77d0000,0x00000000d7800000)
  to   space 512K, 0% used [0x00000000d7700000,0x00000000d7700000,0x00000000d7780000)
 ParOldGen       total 228352K, used 174299K [0x0000000080000000, 0x000000008df00000, 0x00000000d5580000)
  object space 228352K, 76% used [0x0000000080000000,0x000000008aa36f88,0x000000008df00000)

Card table byte_map: [0x000001c7d3f20000,0x000001c7d4320000] _byte_map_base: 0x000001c7d3b20000

Marking Bits: (ParMarkBitMap*) 0x00007ff96877e9c0
 Begin Bits: [0x000001c7ebfc0000, 0x000001c7edfc0000)

Polling page: 0x000001c7d2440000

Metaspace:
Metaspace        used 84836K, committed 86784K, reserved 1179648K
 class space     used 7596K, committed 8384K, reserved 1048576K

Usage:
  Non-class:     75.43 MB used.
      Class:      7.42 MB used.
       Both:     82.85 MB used.

Virtual space:
  Non-class space:      128.00 MB reserved,      76.56 MB ( 60%) committed,  2 nodes.
      Class space:        1.00 GB reserved,       8.19 MB ( <1%) committed,  1 nodes.
             Both:        1.12 GB reserved,      84.75 MB (  7%) committed. 

Chunk freelists:
   Non-Class:  2.56 MB
       Class:  7.63 MB
        Both:  10.19 MB

MaxMetaspaceSize: unlimited
CompressedClassSpaceSize: 1.00 GB
Initial GC threshold: 21.00 MB
Current GC threshold: 133.25 MB
CDS: on
 - commit_granule_bytes: 65536.
 - commit_granule_words: 8192.
 - virtual_space_node_default_size: 8388608.
 - enlarge_chunks_in_place: 1.
UseCompressedClassPointers 1, UseCompactObjectHeaders 0
Narrow klass pointer bits 32, Max shift 3
Narrow klass base: 0x000000002f000000, Narrow klass shift: 0
Encoding Range: [0x000000002f000000 - 0x000000012f000000), (4294967296 bytes)
Klass Range:    [0x000000002f010000 - 0x0000000070000000), (1090453504 bytes)
Klass ID Range:  [65536 - 1090519033) (1090453497)
Protection zone: [0x000000002f000000 - 0x000000002f010000), (65536 bytes)


Internal statistics:

num_allocs_failed_limit: 11.
num_arena_births: 1962.
num_arena_deaths: 44.
num_vsnodes_births: 3.
num_vsnodes_deaths: 0.
num_space_committed: 1356.
num_space_uncommitted: 0.
num_chunks_returned_to_freelist: 69.
num_chunks_taken_from_freelist: 5937.
num_chunk_merges: 29.
num_chunk_splits: 3657.
num_chunks_enlarged: 2040.
num_inconsistent_stats: 0.

CodeHeap 'non-profiled nmethods': size=120064Kb used=12490Kb max_used=12490Kb free=107573Kb
 bounds [0x000001c7e47d0000, 0x000001c7e5410000, 0x000001c7ebd10000]
CodeHeap 'profiled nmethods': size=120000Kb used=39874Kb max_used=39874Kb free=80125Kb
 bounds [0x000001c7dcd10000, 0x000001c7df410000, 0x000001c7e4240000]
CodeHeap 'non-nmethods': size=5696Kb used=1640Kb max_used=1698Kb free=4055Kb
 bounds [0x000001c7e4240000, 0x000001c7e44b0000, 0x000001c7e47d0000]
CodeCache: size=245760Kb, used=54004Kb, max_used=54062Kb, free=191753Kb
 total_blobs=22202, nmethods=21292, adapters=811, full_count=0
Compilation: enabled, stopped_count=0, restarted_count=0

Compilation events (20 events):
Event: 165.096 Thread 0x000001c7f8e77a40 nmethod 26238 0x000001c7e5401f88 code [0x000001c7e5402080, 0x000001c7e5402140]
Event: 165.096 Thread 0x000001c7f8e77a40 26054       4       jdk.internal.classfile.impl.Util::isAttributeAllowed (45 bytes)
Event: 165.097 Thread 0x000001c7f8e77a40 nmethod 26054 0x000001c7e5402288 code [0x000001c7e5402380, 0x000001c7e5402408]
Event: 165.097 Thread 0x000001c7f8e77a40 26058       4       jdk.internal.classfile.impl.AbstractPoolEntry$NameAndTypeEntryImpl::<init> (12 bytes)
Event: 165.097 Thread 0x000001c7d449ef50 26239       3       jdk.internal.classfile.impl.DirectCodeBuilder::areturn (12 bytes)
Event: 165.097 Thread 0x000001c7d449ef50 nmethod 26239 0x000001c7df3fd408 code [0x000001c7df3fd500, 0x000001c7df3fd6d8]
Event: 165.097 Thread 0x000001c7d449ef50 26241       3       java.lang.invoke.ClassSpecializer$Factory$1$1Var::isInHeap (13 bytes)
Event: 165.097 Thread 0x000001c7d449ef50 nmethod 26241 0x000001c7df3fd708 code [0x000001c7df3fd800, 0x000001c7df3fd958]
Event: 165.097 Thread 0x000001c7d449ef50 26242       3       java.lang.invoke.ClassSpecializer$Factory$1$1Var::nextIndex (18 bytes)
Event: 165.097 Thread 0x000001c7d449ef50 nmethod 26242 0x000001c7df3fda08 code [0x000001c7df3fdb00, 0x000001c7df3fde98]
Event: 165.097 Thread 0x000001c7d449ef50 26244       3       java.lang.invoke.ClassSpecializer$Factory$1$1Var::<init> (137 bytes)
Event: 165.097 Thread 0x000001c7f8e77a40 nmethod 26058 0x000001c7e5402588 code [0x000001c7e5402680, 0x000001c7e5402780]
Event: 165.097 Thread 0x000001c7f8e77a40 26240       4       jdk.internal.classfile.impl.SplitConstantPool::methodRefEntry (72 bytes)
Event: 165.098 Thread 0x000001c7d449ef50 nmethod 26244 0x000001c7df3fdf08 code [0x000001c7df3fe000, 0x000001c7df3ffb38]
Event: 165.098 Thread 0x000001c7d449ef50 26245       3       java.lang.invoke.ClassSpecializer$Factory$1$1Var::nextSlotIndex (24 bytes)
Event: 165.098 Thread 0x000001c7d449ef50 nmethod 26245 0x000001c7df3ffb88 code [0x000001c7df3ffc80, 0x000001c7df400000]
Event: 165.098 Thread 0x000001c7d449ef50 26246       3       java.lang.invoke.ClassSpecializer$Factory$1$1Var::emitLoadInstruction (19 bytes)
Event: 165.098 Thread 0x000001c7d449ef50 nmethod 26246 0x000001c7df400008 code [0x000001c7df400100, 0x000001c7df4002b0]
Event: 165.098 Thread 0x000001c7d449ef50 26248       3       jdk.internal.classfile.impl.DirectCodeBuilder::getfield (22 bytes)
Event: 165.098 Thread 0x000001c7d449ef50 nmethod 26248 0x000001c7df400308 code [0x000001c7df400400, 0x000001c7df4008d0]

GC Heap Usage History (20 events):
Event: 137.683 {heap Before GC invocations=175 (full 4):
 PSYoungGen      total 32768K, used 32674K [0x00000000d5580000, 0x00000000d8180000, 0x0000000100000000)
  eden space 27648K, 99% used [0x00000000d5580000,0x00000000d707eb60,0x00000000d7080000)
  from space 5120K, 98% used [0x00000000d7c80000,0x00000000d8169fe8,0x00000000d8180000)
  to   space 7168K, 0% used [0x00000000d7380000,0x00000000d7380000,0x00000000d7a80000)
 ParOldGen       total 228352K, used 139658K [0x0000000080000000, 0x000000008df00000, 0x00000000d5580Event: 137.686 {heap After GC invocations=175 (full 4):
 PSYoungGen      total 34304K, used 7141K [0x00000000d5580000, 0x00000000d8400000, 0x0000000100000000)
  eden space 27136K, 0% used [0x00000000d5580000,0x00000000d5580000,0x00000000d7000000)
  from space 7168K, 99% used [0x00000000d7380000,0x00000000d7a79490,0x00000000d7a80000)
  to   space 9728K, 0% used [0x00000000d7a80000,0x00000000d7a80000,0x00000000d8400000)
 ParOldGen       total 228352K, used 141786K [0x0000000080000000, 0x000000008df00000, 0x00000000d5580000Event: 138.215 {heap Before GC invocations=176 (full 4):
 PSYoungGen      total 34304K, used 28892K [0x00000000d5580000, 0x00000000d8400000, 0x0000000100000000)
  eden space 27136K, 80% used [0x00000000d5580000,0x00000000d6abde30,0x00000000d7000000)
  from space 7168K, 99% used [0x00000000d7380000,0x00000000d7a79490,0x00000000d7a80000)
  to   space 9728K, 0% used [0x00000000d7a80000,0x00000000d7a80000,0x00000000d8400000)
 ParOldGen       total 228352K, used 141786K [0x0000000080000000, 0x000000008df00000, 0x00000000d5580Event: 138.218 {heap After GC invocations=176 (full 4):
 PSYoungGen      total 31232K, used 4191K [0x00000000d5580000, 0x00000000d7f00000, 0x0000000100000000)
  eden space 26624K, 0% used [0x00000000d5580000,0x00000000d5580000,0x00000000d6f80000)
  from space 4608K, 90% used [0x00000000d7a80000,0x00000000d7e97fe8,0x00000000d7f00000)
  to   space 6144K, 0% used [0x00000000d7300000,0x00000000d7300000,0x00000000d7900000)
 ParOldGen       total 228352K, used 146877K [0x0000000080000000, 0x000000008df00000, 0x00000000d5580000Event: 138.219 {heap Before GC invocations=177 (full 4):
 PSYoungGen      total 31232K, used 23494K [0x00000000d5580000, 0x00000000d7f00000, 0x0000000100000000)
  eden space 26624K, 72% used [0x00000000d5580000,0x00000000d6859c10,0x00000000d6f80000)
  from space 4608K, 90% used [0x00000000d7a80000,0x00000000d7e97fe8,0x00000000d7f00000)
  to   space 6144K, 0% used [0x00000000d7300000,0x00000000d7300000,0x00000000d7900000)
 ParOldGen       total 228352K, used 146877K [0x0000000080000000, 0x000000008df00000, 0x00000000d5580Event: 138.223 {heap After GC invocations=177 (full 4):
 PSYoungGen      total 36352K, used 32K [0x00000000d5580000, 0x00000000d7b00000, 0x0000000100000000)
  eden space 30208K, 0% used [0x00000000d5580000,0x00000000d5580000,0x00000000d7300000)
  from space 6144K, 0% used [0x00000000d7300000,0x00000000d7308000,0x00000000d7900000)
  to   space 2048K, 0% used [0x00000000d7900000,0x00000000d7900000,0x00000000d7b00000)
 ParOldGen       total 228352K, used 170261K [0x0000000080000000, 0x000000008df00000, 0x00000000d5580000)
 Event: 139.364 {heap Before GC invocations=178 (full 4):
 PSYoungGen      total 36352K, used 30240K [0x00000000d5580000, 0x00000000d7b00000, 0x0000000100000000)
  eden space 30208K, 100% used [0x00000000d5580000,0x00000000d7300000,0x00000000d7300000)
  from space 6144K, 0% used [0x00000000d7300000,0x00000000d7308000,0x00000000d7900000)
  to   space 2048K, 0% used [0x00000000d7900000,0x00000000d7900000,0x00000000d7b00000)
 ParOldGen       total 228352K, used 170261K [0x0000000080000000, 0x000000008df00000, 0x00000000d5580Event: 139.365 {heap After GC invocations=178 (full 4):
 PSYoungGen      total 31744K, used 1844K [0x00000000d5580000, 0x00000000d7b00000, 0x0000000100000000)
  eden space 29696K, 0% used [0x00000000d5580000,0x00000000d5580000,0x00000000d7280000)
  from space 2048K, 90% used [0x00000000d7900000,0x00000000d7acd208,0x00000000d7b00000)
  to   space 2560K, 0% used [0x00000000d7600000,0x00000000d7600000,0x00000000d7880000)
 ParOldGen       total 228352K, used 170261K [0x0000000080000000, 0x000000008df00000, 0x00000000d5580000Event: 141.933 {heap Before GC invocations=179 (full 4):
 PSYoungGen      total 31744K, used 31540K [0x00000000d5580000, 0x00000000d7b00000, 0x0000000100000000)
  eden space 29696K, 100% used [0x00000000d5580000,0x00000000d7280000,0x00000000d7280000)
  from space 2048K, 90% used [0x00000000d7900000,0x00000000d7acd208,0x00000000d7b00000)
  to   space 2560K, 0% used [0x00000000d7600000,0x00000000d7600000,0x00000000d7880000)
 ParOldGen       total 228352K, used 170261K [0x0000000080000000, 0x000000008df00000, 0x00000000d558Event: 141.935 {heap After GC invocations=179 (full 4):
 PSYoungGen      total 35328K, used 1609K [0x00000000d5580000, 0x00000000d7980000, 0x0000000100000000)
  eden space 33280K, 0% used [0x00000000d5580000,0x00000000d5580000,0x00000000d7600000)
  from space 2048K, 78% used [0x00000000d7600000,0x00000000d7792440,0x00000000d7800000)
  to   space 1536K, 0% used [0x00000000d7800000,0x00000000d7800000,0x00000000d7980000)
 ParOldGen       total 228352K, used 170490K [0x0000000080000000, 0x000000008df00000, 0x00000000d5580000Event: 144.271 {heap Before GC invocations=180 (full 4):
 PSYoungGen      total 35328K, used 34889K [0x00000000d5580000, 0x00000000d7980000, 0x0000000100000000)
  eden space 33280K, 100% used [0x00000000d5580000,0x00000000d7600000,0x00000000d7600000)
  from space 2048K, 78% used [0x00000000d7600000,0x00000000d7792440,0x00000000d7800000)
  to   space 1536K, 0% used [0x00000000d7800000,0x00000000d7800000,0x00000000d7980000)
 ParOldGen       total 228352K, used 170490K [0x0000000080000000, 0x000000008df00000, 0x00000000d558Event: 144.272 {heap After GC invocations=180 (full 4):
 PSYoungGen      total 34304K, used 1033K [0x00000000d5580000, 0x00000000d7980000, 0x0000000100000000)
  eden space 32768K, 0% used [0x00000000d5580000,0x00000000d5580000,0x00000000d7580000)
  from space 1536K, 67% used [0x00000000d7800000,0x00000000d7902440,0x00000000d7980000)
  to   space 1536K, 0% used [0x00000000d7680000,0x00000000d7680000,0x00000000d7800000)
 ParOldGen       total 228352K, used 171498K [0x0000000080000000, 0x000000008df00000, 0x00000000d5580000Event: 145.330 {heap Before GC invocations=181 (full 4):
 PSYoungGen      total 34304K, used 33801K [0x00000000d5580000, 0x00000000d7980000, 0x0000000100000000)
  eden space 32768K, 100% used [0x00000000d5580000,0x00000000d7580000,0x00000000d7580000)
  from space 1536K, 67% used [0x00000000d7800000,0x00000000d7902440,0x00000000d7980000)
  to   space 1536K, 0% used [0x00000000d7680000,0x00000000d7680000,0x00000000d7800000)
 ParOldGen       total 228352K, used 171498K [0x0000000080000000, 0x000000008df00000, 0x00000000d558Event: 145.331 {heap After GC invocations=181 (full 4):
 PSYoungGen      total 33792K, used 1529K [0x00000000d5580000, 0x00000000d7a00000, 0x0000000100000000)
  eden space 32256K, 0% used [0x00000000d5580000,0x00000000d5580000,0x00000000d7500000)
  from space 1536K, 99% used [0x00000000d7680000,0x00000000d77fe430,0x00000000d7800000)
  to   space 2048K, 0% used [0x00000000d7800000,0x00000000d7800000,0x00000000d7a00000)
 ParOldGen       total 228352K, used 172247K [0x0000000080000000, 0x000000008df00000, 0x00000000d5580000Event: 146.118 {heap Before GC invocations=182 (full 4):
 PSYoungGen      total 33792K, used 33785K [0x00000000d5580000, 0x00000000d7a00000, 0x0000000100000000)
  eden space 32256K, 100% used [0x00000000d5580000,0x00000000d7500000,0x00000000d7500000)
  from space 1536K, 99% used [0x00000000d7680000,0x00000000d77fe430,0x00000000d7800000)
  to   space 2048K, 0% used [0x00000000d7800000,0x00000000d7800000,0x00000000d7a00000)
 ParOldGen       total 228352K, used 172247K [0x0000000080000000, 0x000000008df00000, 0x00000000d558Event: 146.119 {heap After GC invocations=182 (full 4):
 PSYoungGen      total 33280K, used 1204K [0x00000000d5580000, 0x00000000d7980000, 0x0000000100000000)
  eden space 31744K, 0% used [0x00000000d5580000,0x00000000d5580000,0x00000000d7480000)
  from space 1536K, 78% used [0x00000000d7800000,0x00000000d792d240,0x00000000d7980000)
  to   space 2048K, 0% used [0x00000000d7580000,0x00000000d7580000,0x00000000d7780000)
 ParOldGen       total 228352K, used 173219K [0x0000000080000000, 0x000000008df00000, 0x00000000d5580000Event: 164.289 {heap Before GC invocations=183 (full 4):
 PSYoungGen      total 33280K, used 32948K [0x00000000d5580000, 0x00000000d7980000, 0x0000000100000000)
  eden space 31744K, 100% used [0x00000000d5580000,0x00000000d7480000,0x00000000d7480000)
  from space 1536K, 78% used [0x00000000d7800000,0x00000000d792d240,0x00000000d7980000)
  to   space 2048K, 0% used [0x00000000d7580000,0x00000000d7580000,0x00000000d7780000)
 ParOldGen       total 228352K, used 173219K [0x0000000080000000, 0x000000008df00000, 0x00000000d558Event: 164.290 {heap After GC invocations=183 (full 4):
 PSYoungGen      total 34816K, used 384K [0x00000000d5580000, 0x00000000d7880000, 0x0000000100000000)
  eden space 32768K, 0% used [0x00000000d5580000,0x00000000d5580000,0x00000000d7580000)
  from space 2048K, 18% used [0x00000000d7580000,0x00000000d75e0000,0x00000000d7780000)
  to   space 1024K, 0% used [0x00000000d7780000,0x00000000d7780000,0x00000000d7880000)
 ParOldGen       total 228352K, used 174093K [0x0000000080000000, 0x000000008df00000, 0x00000000d5580000)Event: 164.964 {heap Before GC invocations=184 (full 4):
 PSYoungGen      total 34816K, used 33152K [0x00000000d5580000, 0x00000000d7880000, 0x0000000100000000)
  eden space 32768K, 100% used [0x00000000d5580000,0x00000000d7580000,0x00000000d7580000)
  from space 2048K, 18% used [0x00000000d7580000,0x00000000d75e0000,0x00000000d7780000)
  to   space 1024K, 0% used [0x00000000d7780000,0x00000000d7780000,0x00000000d7880000)
 ParOldGen       total 228352K, used 174093K [0x0000000080000000, 0x000000008df00000, 0x00000000d558Event: 164.965 {heap After GC invocations=184 (full 4):
 PSYoungGen      total 34816K, used 320K [0x00000000d5580000, 0x00000000d7800000, 0x0000000100000000)
  eden space 34304K, 0% used [0x00000000d5580000,0x00000000d5580000,0x00000000d7700000)
  from space 512K, 62% used [0x00000000d7780000,0x00000000d77d0000,0x00000000d7800000)
  to   space 512K, 0% used [0x00000000d7700000,0x00000000d7700000,0x00000000d7780000)
 ParOldGen       total 228352K, used 174299K [0x0000000080000000, 0x000000008df00000, 0x00000000d5580000)
 
Metaspace Usage History (20 events):
Event: 137.683 {metaspace Before GC invocations=175 (full 4):
 Metaspace       used 81746K, committed 83264K, reserved 1179648K
  class space    used 7175K, committed 7808K, reserved 1048576K
}
Event: 137.686 {metaspace After GC invocations=175 (full 4):
 Metaspace       used 81746K, committed 83264K, reserved 1179648K
  class space    used 7175K, committed 7808K, reserved 1048576K
}
Event: 138.215 {metaspace Before GC invocations=176 (full 4):
 Metaspace       used 81853K, committed 83328K, reserved 1179648K
  class space    used 7186K, committed 7808K, reserved 1048576K
}
Event: 138.218 {metaspace After GC invocations=176 (full 4):
 Metaspace       used 81853K, committed 83328K, reserved 1179648K
  class space    used 7186K, committed 7808K, reserved 1048576K
}
Event: 138.219 {metaspace Before GC invocations=177 (full 4):
 Metaspace       used 81853K, committed 83328K, reserved 1179648K
  class space    used 7186K, committed 7808K, reserved 1048576K
}
Event: 138.223 {metaspace After GC invocations=177 (full 4):
 Metaspace       used 81853K, committed 83328K, reserved 1179648K
  class space    used 7186K, committed 7808K, reserved 1048576K
}
Event: 139.364 {metaspace Before GC invocations=178 (full 4):
 Metaspace       used 81917K, committed 83392K, reserved 1179648K
  class space    used 7187K, committed 7808K, reserved 1048576K
}
Event: 139.365 {metaspace After GC invocations=178 (full 4):
 Metaspace       used 81917K, committed 83392K, reserved 1179648K
  class space    used 7187K, committed 7808K, reserved 1048576K
}
Event: 141.933 {metaspace Before GC invocations=179 (full 4):
 Metaspace       used 81936K, committed 83392K, reserved 1179648K
  class space    used 7188K, committed 7808K, reserved 1048576K
}
Event: 141.936 {metaspace After GC invocations=179 (full 4):
 Metaspace       used 81936K, committed 83392K, reserved 1179648K
  class space    used 7188K, committed 7808K, reserved 1048576K
}
Event: 144.272 {metaspace Before GC invocations=180 (full 4):
 Metaspace       used 81995K, committed 83456K, reserved 1179648K
  class space    used 7191K, committed 7808K, reserved 1048576K
}
Event: 144.272 {metaspace After GC invocations=180 (full 4):
 Metaspace       used 81995K, committed 83456K, reserved 1179648K
  class space    used 7191K, committed 7808K, reserved 1048576K
}
Event: 145.330 {metaspace Before GC invocations=181 (full 4):
 Metaspace       used 82907K, committed 84480K, reserved 1179648K
  class space    used 7326K, committed 8000K, reserved 1048576K
}
Event: 145.331 {metaspace After GC invocations=181 (full 4):
 Metaspace       used 82907K, committed 84480K, reserved 1179648K
  class space    used 7326K, committed 8000K, reserved 1048576K
}
Event: 146.118 {metaspace Before GC invocations=182 (full 4):
 Metaspace       used 83056K, committed 84608K, reserved 1179648K
  class space    used 7329K, committed 8000K, reserved 1048576K
}
Event: 146.119 {metaspace After GC invocations=182 (full 4):
 Metaspace       used 83056K, committed 84608K, reserved 1179648K
  class space    used 7329K, committed 8000K, reserved 1048576K
}
Event: 164.289 {metaspace Before GC invocations=183 (full 4):
 Metaspace       used 83647K, committed 85248K, reserved 1179648K
  class space    used 7384K, committed 8064K, reserved 1048576K
}
Event: 164.290 {metaspace After GC invocations=183 (full 4):
 Metaspace       used 83647K, committed 85248K, reserved 1179648K
  class space    used 7384K, committed 8064K, reserved 1048576K
}
Event: 164.964 {metaspace Before GC invocations=184 (full 4):
 Metaspace       used 83758K, committed 85312K, reserved 1179648K
  class space    used 7396K, committed 8064K, reserved 1048576K
}
Event: 164.965 {metaspace After GC invocations=184 (full 4):
 Metaspace       used 83758K, committed 85312K, reserved 1179648K
  class space    used 7396K, committed 8064K, reserved 1048576K
}

Dll operation events (12 events):
Event: 0.030 Loaded shared library C:\Program Files\Java\jdk-25\bin\java.dll
Event: 0.052 Loaded shared library C:\Program Files\Java\jdk-25\bin\zip.dll
Event: 0.180 Loaded shared library C:\Program Files\Java\jdk-25\bin\instrument.dll
Event: 0.187 Loaded shared library C:\Program Files\Java\jdk-25\bin\net.dll
Event: 0.191 Loaded shared library C:\Program Files\Java\jdk-25\bin\nio.dll
Event: 0.196 Loaded shared library C:\Program Files\Java\jdk-25\bin\zip.dll
Event: 0.224 Loaded shared library C:\Program Files\Java\jdk-25\bin\jimage.dll
Event: 0.344 Loaded shared library C:\Program Files\Java\jdk-25\bin\verify.dll
Event: 2.017 Loaded shared library C:\Users\wakam\AppData\Roaming\Code\User\globalStorage\redhat.java\1.54.2026041108\config_win\org.eclipse.equinox.launcher\org.eclipse.equinox.launcher.win32.win32.x86_64_1.3.0.v20260203-2149\eclipse_11919.dll
Event: 4.640 Loaded shared library C:\Users\wakam\AppData\Local\Temp\jna-112894669\jna5302022201364750604.dll
Event: 8.664 Loaded shared library C:\Program Files\Java\jdk-25\bin\sunmscapi.dll
Event: 9.101 Loaded shared library C:\Program Files\Java\jdk-25\bin\extnet.dll

Deoptimization events (20 events):
Event: 165.048 Thread 0x000001c7d448df70 Uncommon trap: trap_request=0xffffff45 fr.pc=0x000001c7e490a014 relative=0x0000000000000094
Event: 165.048 Thread 0x000001c7d448df70 Uncommon trap: reason=unstable_if action=reinterpret pc=0x000001c7e490a014 method=java.lang.invoke.LambdaForm$BasicType.basicType(C)Ljava/lang/invoke/LambdaForm$BasicType; @ 1 c2
Event: 165.048 Thread 0x000001c7d448df70 DEOPT PACKING pc=0x000001c7e490a014 sp=0x00000078295fde60
Event: 165.048 Thread 0x000001c7d448df70 DEOPT UNPACKING pc=0x000001c7e42c1d82 sp=0x00000078295fddf8 mode 2
Event: 165.048 Thread 0x000001c7d448df70 Uncommon trap: trap_request=0xffffff45 fr.pc=0x000001c7e52dc7bc relative=0x000000000000093c
Event: 165.048 Thread 0x000001c7d448df70 Uncommon trap: reason=unstable_if action=reinterpret pc=0x000001c7e52dc7bc method=java.lang.invoke.LambdaForm$BasicType.basicType(C)Ljava/lang/invoke/LambdaForm$BasicType; @ 1 c2
Event: 165.048 Thread 0x000001c7d448df70 DEOPT PACKING pc=0x000001c7e52dc7bc sp=0x00000078295fddb0
Event: 165.048 Thread 0x000001c7d448df70 DEOPT UNPACKING pc=0x000001c7e42c1d82 sp=0x00000078295fdbb0 mode 2
Event: 165.050 Thread 0x000001c7d448df70 Uncommon trap: trap_request=0xffffff45 fr.pc=0x000001c7e4f2d980 relative=0x00000000000011e0
Event: 165.050 Thread 0x000001c7d448df70 Uncommon trap: reason=unstable_if action=reinterpret pc=0x000001c7e4f2d980 method=jdk.internal.classfile.impl.SplitConstantPool.findEntry(ILjdk/internal/classfile/impl/AbstractPoolEntry;Ljdk/internal/classfile/impl/AbstractPoolEntry;)Ljdk/internal/classfi
Event: 165.050 Thread 0x000001c7d448df70 DEOPT PACKING pc=0x000001c7e4f2d980 sp=0x00000078295fd6f0
Event: 165.050 Thread 0x000001c7d448df70 DEOPT UNPACKING pc=0x000001c7e42c1d82 sp=0x00000078295fd598 mode 2
Event: 165.050 Thread 0x000001c7d448df70 Uncommon trap: trap_request=0xffffff45 fr.pc=0x000001c7e4f2f480 relative=0x00000000000011e0
Event: 165.050 Thread 0x000001c7d448df70 Uncommon trap: reason=unstable_if action=reinterpret pc=0x000001c7e4f2f480 method=jdk.internal.classfile.impl.SplitConstantPool.findEntry(ILjdk/internal/classfile/impl/AbstractPoolEntry;Ljdk/internal/classfile/impl/AbstractPoolEntry;)Ljdk/internal/classfi
Event: 165.050 Thread 0x000001c7d448df70 DEOPT PACKING pc=0x000001c7e4f2f480 sp=0x00000078295fd660
Event: 165.050 Thread 0x000001c7d448df70 DEOPT UNPACKING pc=0x000001c7e42c1d82 sp=0x00000078295fd590 mode 2
Event: 165.050 Thread 0x000001c7d448df70 Uncommon trap: trap_request=0xffffff45 fr.pc=0x000001c7e4a603c4 relative=0x0000000000000624
Event: 165.050 Thread 0x000001c7d448df70 Uncommon trap: reason=unstable_if action=reinterpret pc=0x000001c7e4a603c4 method=jdk.internal.classfile.impl.SplitConstantPool.findEntry(ILjdk/internal/classfile/impl/AbstractPoolEntry;Ljdk/internal/classfile/impl/AbstractPoolEntry;)Ljdk/internal/classfi
Event: 165.050 Thread 0x000001c7d448df70 DEOPT PACKING pc=0x000001c7e4a603c4 sp=0x00000078295fd5d0
Event: 165.050 Thread 0x000001c7d448df70 DEOPT UNPACKING pc=0x000001c7e42c1d82 sp=0x00000078295fd590 mode 2

Classes loaded (20 events):
Event: 164.249 Loading class java/io/ObjectOutputStream$BlockDataOutputStream
Event: 164.249 Loading class java/io/ObjectOutputStream$BlockDataOutputStream done
Event: 164.249 Loading class java/io/ObjectOutputStream$HandleTable
Event: 164.250 Loading class java/io/ObjectOutputStream$HandleTable done
Event: 164.250 Loading class java/io/ObjectOutputStream$ReplaceTable
Event: 164.250 Loading class java/io/ObjectOutputStream$ReplaceTable done
Event: 164.285 Loading class java/lang/Throwable$WrappedPrintWriter
Event: 164.285 Loading class java/lang/Throwable$PrintStreamOrWriter
Event: 164.285 Loading class java/lang/Throwable$PrintStreamOrWriter done
Event: 164.285 Loading class java/lang/Throwable$WrappedPrintWriter done
Event: 164.964 Loading class javax/security/auth/login/Configuration
Event: 164.964 Loading class javax/security/auth/login/Configuration done
Event: 165.032 Loading class java/lang/invoke/GenerateJLIClassesHelper
Event: 165.032 Loading class java/lang/invoke/GenerateJLIClassesHelper done
Event: 165.032 Loading class java/lang/invoke/GenerateJLIClassesHelper$HolderClassBuilder
Event: 165.032 Loading class java/lang/invoke/GenerateJLIClassesHelper$HolderClassBuilder done
Event: 165.063 Loading class java/lang/invoke/BoundMethodHandle$Species_J
Event: 165.063 Loading class java/lang/invoke/BoundMethodHandle$Species_J done
Event: 165.084 Loading class java/lang/invoke/BoundMethodHandle$Species_F
Event: 165.084 Loading class java/lang/invoke/BoundMethodHandle$Species_F done

Classes unloaded (20 events):
Event: 5.845 Thread 0x000001c7d4539f50 Unloading class 0x0000000030181800 'java/lang/invoke/LambdaForm$MH+0x0000000030181800'
Event: 5.845 Thread 0x000001c7d4539f50 Unloading class 0x0000000030181400 'java/lang/invoke/LambdaForm$MH+0x0000000030181400'
Event: 5.845 Thread 0x000001c7d4539f50 Unloading class 0x0000000030181000 'java/lang/invoke/LambdaForm$BMH+0x0000000030181000'
Event: 5.845 Thread 0x000001c7d4539f50 Unloading class 0x0000000030180c00 'java/lang/invoke/LambdaForm$DMH+0x0000000030180c00'
Event: 5.845 Thread 0x000001c7d4539f50 Unloading class 0x000000003013b400 'java/lang/invoke/LambdaForm$DMH+0x000000003013b400'
Event: 115.791 Thread 0x000001c7d4539f50 Unloading class 0x000000003066b800 'java/lang/invoke/LambdaForm$MH+0x000000003066b800'
Event: 115.791 Thread 0x000001c7d4539f50 Unloading class 0x000000003066b400 'java/lang/invoke/LambdaForm$MH+0x000000003066b400'
Event: 115.791 Thread 0x000001c7d4539f50 Unloading class 0x000000003066b000 'java/lang/invoke/LambdaForm$MH+0x000000003066b000'
Event: 115.791 Thread 0x000001c7d4539f50 Unloading class 0x000000003066ac00 'java/lang/invoke/LambdaForm$MH+0x000000003066ac00'
Event: 115.791 Thread 0x000001c7d4539f50 Unloading class 0x000000003066a000 'java/lang/invoke/LambdaForm$MH+0x000000003066a000'
Event: 115.791 Thread 0x000001c7d4539f50 Unloading class 0x0000000030669c00 'java/lang/invoke/LambdaForm$MH+0x0000000030669c00'
Event: 115.791 Thread 0x000001c7d4539f50 Unloading class 0x0000000030669400 'java/lang/invoke/LambdaForm$MH+0x0000000030669400'
Event: 115.791 Thread 0x000001c7d4539f50 Unloading class 0x0000000030669800 'java/lang/invoke/LambdaForm$MH+0x0000000030669800'
Event: 115.791 Thread 0x000001c7d4539f50 Unloading class 0x0000000030659400 'java/lang/invoke/LambdaForm$DMH+0x0000000030659400'
Event: 115.791 Thread 0x000001c7d4539f50 Unloading class 0x0000000030658800 'java/lang/invoke/LambdaForm$DMH+0x0000000030658800'
Event: 115.791 Thread 0x000001c7d4539f50 Unloading class 0x0000000030658400 'java/lang/invoke/LambdaForm$DMH+0x0000000030658400'
Event: 115.791 Thread 0x000001c7d4539f50 Unloading class 0x0000000030659000 'java/lang/invoke/LambdaForm$DMH+0x0000000030659000'
Event: 115.791 Thread 0x000001c7d4539f50 Unloading class 0x0000000030640000 'java/lang/invoke/LambdaForm$DMH+0x0000000030640000'
Event: 115.791 Thread 0x000001c7d4539f50 Unloading class 0x0000000030639800 'java/lang/invoke/LambdaForm$DMH+0x0000000030639800'
Event: 115.791 Thread 0x000001c7d4539f50 Unloading class 0x0000000030639c00 'java/lang/invoke/LambdaForm$DMH+0x0000000030639c00'

Classes redefined (0 events):
No events

Internal exceptions (20 events):
Event: 165.092 Thread 0x000001c7d448df70 Exception <a 'java/lang/NoSuchMethodError'{0x00000000d716ba38}: 'java.lang.Object java.lang.invoke.Invokers$Holder.invoke_MT(java.lang.Object, java.lang.Object, java.lang.Object, java.lang.Object, java.lang.Object)'> (0x00000000d716ba38) 
thrown [s\open\src\hotspot\share\interpreter\linkResolver.cpp, line 804]
Event: 165.092 Thread 0x000001c7d448df70 Exception <a 'java/lang/NoSuchMethodError'{0x00000000d71744d8}: 'java.lang.Object java.lang.invoke.Invokers$Holder.invoke_MT(java.lang.Object, int, java.lang.Object)'> (0x00000000d71744d8) 
thrown [s\open\src\hotspot\share\interpreter\linkResolver.cpp, line 804]
Event: 165.092 Thread 0x000001c7d448df70 Exception <a 'java/lang/NoSuchMethodError'{0x00000000d717c938}: 'void java.lang.invoke.Invokers$Holder.invoke_MT(java.lang.Object, java.lang.Object, int, java.lang.Object)'> (0x00000000d717c938) 
thrown [s\open\src\hotspot\share\interpreter\linkResolver.cpp, line 804]
Event: 165.092 Thread 0x000001c7d448df70 Exception <a 'java/lang/NoSuchMethodError'{0x00000000d7184d80}: 'int java.lang.invoke.Invokers$Holder.invoke_MT(java.lang.Object, java.lang.Object)'> (0x00000000d7184d80) 
thrown [s\open\src\hotspot\share\interpreter\linkResolver.cpp, line 804]
Event: 165.093 Thread 0x000001c7d448df70 Exception <a 'java/lang/NoSuchMethodError'{0x00000000d718d468}: 'long java.lang.invoke.Invokers$Holder.invoke_MT(java.lang.Object, java.lang.Object)'> (0x00000000d718d468) 
thrown [s\open\src\hotspot\share\interpreter\linkResolver.cpp, line 804]
Event: 165.093 Thread 0x000001c7d448df70 Exception <a 'java/lang/NoSuchMethodError'{0x00000000d71991f0}: 'java.lang.Object java.lang.invoke.Invokers$Holder.linkToCallSite(int, int, int, java.lang.Object)'> (0x00000000d71991f0) 
thrown [s\open\src\hotspot\share\interpreter\linkResolver.cpp, line 804]
Event: 165.093 Thread 0x000001c7d448df70 Exception <a 'java/lang/NoSuchMethodError'{0x00000000d71a18e8}: 'java.lang.Object java.lang.invoke.Invokers$Holder.linkToCallSite(int, long, java.lang.Object)'> (0x00000000d71a18e8) 
thrown [s\open\src\hotspot\share\interpreter\linkResolver.cpp, line 804]
Event: 165.093 Thread 0x000001c7d448df70 Exception <a 'java/lang/NoSuchMethodError'{0x00000000d71a5a60}: 'java.lang.Object java.lang.invoke.Invokers$Holder.linkToCallSite(int, java.lang.Object, java.lang.Object, java.lang.Object)'> (0x00000000d71a5a60) 
thrown [s\open\src\hotspot\share\interpreter\linkResolver.cpp, line 804]
Event: 165.093 Thread 0x000001c7d448df70 Exception <a 'java/lang/NoSuchMethodError'{0x00000000d71b5d38}: 'java.lang.Object java.lang.invoke.Invokers$Holder.linkToCallSite(java.lang.Object, java.lang.Object, java.lang.Object, int, java.lang.Object, java.lang.Object, java.lang.Object)'> (0x00000000d71b5d38) 
thrown [s\open\src\hotspot\share\interpreter\linkResolver.cpp, line 804]
Event: 165.093 Thread 0x000001c7d448df70 Exception <a 'java/lang/NoSuchMethodError'{0x00000000d71be298}: 'java.lang.Object java.lang.invoke.Invokers$Holder.linkToCallSite(java.lang.Object, java.lang.Object, java.lang.Object, int, java.lang.Object, java.lang.Object)'> (0x00000000d71be298) 
thrown [s\open\src\hotspot\share\interpreter\linkResolver.cpp, line 804]
Event: 165.094 Thread 0x000001c7d448df70 Exception <a 'java/lang/NoSuchMethodError'{0x00000000d71c99d0}: 'java.lang.Object java.lang.invoke.Invokers$Holder.linkToCallSite(java.lang.Object, java.lang.Object, java.lang.Object, java.lang.Object, java.lang.Object, java.lang.Object, java.lang.Object, java.lang.Object, java.lang.Object, int, java.lang.Object, java.lang.Object, java.lang.Object, java.lang.Object)'> (0x00000000d71c99d0) 
thrown [s\open\src\hotspot\share\interpreter\linkResolver.cpp, line 804]
Event: 165.094 Thread 0x000001c7d448df70 Exception <a 'java/lang/NoSuchMethodError'{0x00000000d71d4cf0}: 'java.lang.Object java.lang.invoke.Invokers$Holder.linkToCallSite(java.lang.Object, int, java.lang.Object, java.lang.Object, java.lang.Object)'> (0x00000000d71d4cf0) 
thrown [s\open\src\hotspot\share\interpreter\linkResolver.cpp, line 804]
Event: 165.094 Thread 0x000001c7d448df70 Exception <a 'java/lang/NoSuchMethodError'{0x00000000d71dd158}: 'java.lang.Object java.lang.invoke.Invokers$Holder.linkToCallSite(java.lang.Object, int, java.lang.Object, java.lang.Object, java.lang.Object, java.lang.Object, java.lang.Object)'> (0x00000000d71dd158) 
thrown [s\open\src\hotspot\share\interpreter\linkResolver.cpp, line 804]
Event: 165.094 Thread 0x000001c7d448df70 Exception <a 'java/lang/NoSuchMethodError'{0x00000000d71e5908}: 'java.lang.Object java.lang.invoke.Invokers$Holder.linkToCallSite(java.lang.Object, int, java.lang.Object, int, java.lang.Object, java.lang.Object)'> (0x00000000d71e5908) 
thrown [s\open\src\hotspot\share\interpreter\linkResolver.cpp, line 804]
Event: 165.094 Thread 0x000001c7d448df70 Exception <a 'java/lang/NoSuchMethodError'{0x00000000d71edc70}: 'java.lang.Object java.lang.invoke.Invokers$Holder.linkToCallSite(java.lang.Object, int, java.lang.Object, java.lang.Object)'> (0x00000000d71edc70) 
thrown [s\open\src\hotspot\share\interpreter\linkResolver.cpp, line 804]
Event: 165.094 Thread 0x000001c7d448df70 Exception <a 'java/lang/NoSuchMethodError'{0x00000000d71f68b8}: 'java.lang.Object java.lang.invoke.Invokers$Holder.linkToCallSite(java.lang.Object, long, java.lang.Object, java.lang.Object)'> (0x00000000d71f68b8) 
thrown [s\open\src\hotspot\share\interpreter\linkResolver.cpp, line 804]
Event: 165.094 Thread 0x000001c7d448df70 Exception <a 'java/lang/NoSuchMethodError'{0x00000000d71fedb0}: 'java.lang.Object java.lang.invoke.Invokers$Holder.linkToCallSite(java.lang.Object, long, java.lang.Object)'> (0x00000000d71fedb0) 
thrown [s\open\src\hotspot\share\interpreter\linkResolver.cpp, line 804]
Event: 165.095 Thread 0x000001c7d448df70 Exception <a 'java/lang/NoSuchMethodError'{0x00000000d7207010}: 'java.lang.Object java.lang.invoke.Invokers$Holder.linkToCallSite(java.lang.Object, java.lang.Object, int, java.lang.Object, java.lang.Object)'> (0x00000000d7207010) 
thrown [s\open\src\hotspot\share\interpreter\linkResolver.cpp, line 804]
Event: 165.095 Thread 0x000001c7d448df70 Exception <a 'java/lang/NoSuchMethodError'{0x00000000d720f358}: 'java.lang.Object java.lang.invoke.Invokers$Holder.linkToCallSite(java.lang.Object, java.lang.Object, int, java.lang.Object)'> (0x00000000d720f358) 
thrown [s\open\src\hotspot\share\interpreter\linkResolver.cpp, line 804]
Event: 165.095 Thread 0x000001c7d448df70 Exception <a 'java/lang/NoSuchMethodError'{0x00000000d7217858}: 'java.lang.Object java.lang.invoke.Invokers$Holder.linkToCallSite(java.lang.Object, java.lang.Object, long, java.lang.Object)'> (0x00000000d7217858) 
thrown [s\open\src\hotspot\share\interpreter\linkResolver.cpp, line 804]

VM Operations (20 events):
Event: 164.265 Executing non-safepoint VM operation: HandshakeAllThreads (Deoptimize) done
Event: 164.289 Executing safepoint VM operation: ParallelCollectForAllocation (Allocation Failure)
Event: 164.290 Executing safepoint VM operation: ParallelCollectForAllocation (Allocation Failure) done
Event: 164.307 Executing non-safepoint VM operation: HandshakeAllThreads (Deoptimize)
Event: 164.307 Executing non-safepoint VM operation: HandshakeAllThreads (Deoptimize) done
Event: 164.964 Executing safepoint VM operation: ParallelCollectForAllocation (Allocation Failure)
Event: 164.965 Executing safepoint VM operation: ParallelCollectForAllocation (Allocation Failure) done
Event: 164.990 Executing non-safepoint VM operation: HandshakeAllThreads (Deoptimize)
Event: 164.990 Executing non-safepoint VM operation: HandshakeAllThreads (Deoptimize) done
Event: 164.995 Executing non-safepoint VM operation: HandshakeAllThreads (Deoptimize)
Event: 164.996 Executing non-safepoint VM operation: HandshakeAllThreads (Deoptimize) done
Event: 164.999 Executing non-safepoint VM operation: HandshakeAllThreads (Deoptimize)
Event: 164.999 Executing non-safepoint VM operation: HandshakeAllThreads (Deoptimize) done
Event: 165.004 Executing non-safepoint VM operation: HandshakeAllThreads (Deoptimize)
Event: 165.004 Executing non-safepoint VM operation: HandshakeAllThreads (Deoptimize) done
Event: 165.007 Executing non-safepoint VM operation: HandshakeAllThreads (Deoptimize)
Event: 165.007 Executing non-safepoint VM operation: HandshakeAllThreads (Deoptimize) done
Event: 165.014 Executing non-safepoint VM operation: HandshakeAllThreads (Deoptimize)
Event: 165.014 Executing non-safepoint VM operation: HandshakeAllThreads (Deoptimize) done
Event: 165.100 Executing safepoint VM operation: PopulateDumpSharedSpace

Memory protections (0 events):
No events

Nmethod flushes (20 events):
Event: 115.821 Thread 0x000001c7d4539f50 flushing  nmethod 0x000001c7dda2fe08
Event: 115.821 Thread 0x000001c7d4539f50 flushing  nmethod 0x000001c7dda30788
Event: 115.821 Thread 0x000001c7d4539f50 flushing  nmethod 0x000001c7dda31308
Event: 115.821 Thread 0x000001c7d4539f50 flushing  nmethod 0x000001c7dda31d08
Event: 115.821 Thread 0x000001c7d4539f50 flushing  nmethod 0x000001c7dda32308
Event: 115.821 Thread 0x000001c7d4539f50 flushing  nmethod 0x000001c7dda32b88
Event: 115.821 Thread 0x000001c7d4539f50 flushing  nmethod 0x000001c7dda36c88
Event: 115.821 Thread 0x000001c7d4539f50 flushing  nmethod 0x000001c7dda36f88
Event: 115.821 Thread 0x000001c7d4539f50 flushing  nmethod 0x000001c7dda37288
Event: 115.821 Thread 0x000001c7d4539f50 flushing  nmethod 0x000001c7dda37908
Event: 115.821 Thread 0x000001c7d4539f50 flushing  nmethod 0x000001c7dda37c88
Event: 115.821 Thread 0x000001c7d4539f50 flushing  nmethod 0x000001c7dda38888
Event: 115.821 Thread 0x000001c7d4539f50 flushing  nmethod 0x000001c7dda39b88
Event: 115.821 Thread 0x000001c7d4539f50 flushing  nmethod 0x000001c7dda40f08
Event: 115.821 Thread 0x000001c7d4539f50 flushing  nmethod 0x000001c7dda4c788
Event: 115.821 Thread 0x000001c7d4539f50 flushing  nmethod 0x000001c7dda4ec88
Event: 115.821 Thread 0x000001c7d4539f50 flushing  nmethod 0x000001c7dda4f388
Event: 115.821 Thread 0x000001c7d4539f50 flushing  nmethod 0x000001c7dda90308
Event: 115.821 Thread 0x000001c7d4539f50 flushing  nmethod 0x000001c7dda92c08
Event: 115.821 Thread 0x000001c7d4539f50 flushing osr nmethod 0x000001c7dda96608

Events (20 events):
Event: 164.277 Thread 0x000001c7f698b110 Thread exited: 0x000001c7f698b110
Event: 164.286 Thread 0x000001c7d448df70 Thread added: 0x000001c7f698d820
Event: 164.958 Thread 0x000001c7f4a8b860 Thread exited: 0x000001c7f4a8b860
Event: 164.959 Thread 0x000001c7f45d5cc0 Thread exited: 0x000001c7f45d5cc0
Event: 164.971 Thread 0x000001c7f4e07370 Thread exited: 0x000001c7f4e07370
Event: 164.971 Thread 0x000001c7f7c23b20 Thread exited: 0x000001c7f7c23b20
Event: 164.971 Thread 0x000001c7f7c26a00 Thread exited: 0x000001c7f7c26a00
Event: 164.971 Thread 0x000001c7f5c5ca20 Thread exited: 0x000001c7f5c5ca20
Event: 164.971 Thread 0x000001c7f4a879e0 Thread exited: 0x000001c7f4a879e0
Event: 164.973 Thread 0x000001c7f581ee00 Thread exited: 0x000001c7f581ee00
Event: 164.976 Thread 0x000001c7f533f5a0 Thread exited: 0x000001c7f533f5a0
Event: 164.976 Thread 0x000001c7f4e6f940 Thread exited: 0x000001c7f4e6f940
Event: 164.977 Thread 0x000001c7f5037800 Thread exited: 0x000001c7f5037800
Event: 164.977 Thread 0x000001c7f4dfbe30 Thread exited: 0x000001c7f4dfbe30
Event: 164.978 Thread 0x000001c7f698d820 Thread exited: 0x000001c7f698d820
Event: 164.978 Thread 0x000001c7d448df70 Thread added: 0x000001c7f698c0b0
Event: 164.978 Thread 0x000001c7f698c0b0 Thread exited: 0x000001c7f698c0b0
Event: 164.979 Thread 0x000001c7d448df70 Before exit entered
Event: 165.040 Thread 0x000001c7d44a27c0 Thread added: 0x000001c7f45dc520
Event: 165.094 Thread 0x000001c7d449ef50 Thread added: 0x000001c7f8e77a40


Dynamic libraries:
0x00007ff655ba0000 - 0x00007ff655bb0000 	C:\Program Files\Java\jdk-25\bin\java.exe
0x00007ff9ef220000 - 0x00007ff9ef487000 	C:\Windows\SYSTEM32\ntdll.dll
0x00007ff9edf90000 - 0x00007ff9ee059000 	C:\Windows\System32\KERNEL32.DLL
0x00007ff9ec990000 - 0x00007ff9ecd81000 	C:\Windows\System32\KERNELBASE.dll
0x00007ff9ebb00000 - 0x00007ff9ebc4b000 	C:\Windows\System32\ucrtbase.dll
0x00007ff9bc120000 - 0x00007ff9bc13e000 	C:\Program Files\Java\jdk-25\bin\VCRUNTIME140.dll
0x00007ff9bc100000 - 0x00007ff9bc117000 	C:\Program Files\Java\jdk-25\bin\jli.dll
0x00007ff9ed280000 - 0x00007ff9ed445000 	C:\Windows\System32\USER32.dll
0x00007ff9ecf90000 - 0x00007ff9ecfb7000 	C:\Windows\System32\win32u.dll
0x00007ff9cf100000 - 0x00007ff9cf393000 	C:\Windows\WinSxS\amd64_microsoft.windows.common-controls_6595b64144ccf1df_6.0.26100.8037_none_3e092faae333b53b\COMCTL32.dll
0x00007ff9ee180000 - 0x00007ff9ee229000 	C:\Windows\System32\msvcrt.dll
0x00007ff9ed1c0000 - 0x00007ff9ed1eb000 	C:\Windows\System32\GDI32.dll
0x00007ff9ebd10000 - 0x00007ff9ebe3b000 	C:\Windows\System32\gdi32full.dll
0x00007ff9ec830000 - 0x00007ff9ec8d3000 	C:\Windows\System32\msvcp_win.dll
0x00007ff9ef190000 - 0x00007ff9ef1c1000 	C:\Windows\System32\IMM32.DLL
0x00007ff9bc0f0000 - 0x00007ff9bc0fc000 	C:\Program Files\Java\jdk-25\bin\vcruntime140_1.dll
0x00007ff9bac00000 - 0x00007ff9bac8d000 	C:\Program Files\Java\jdk-25\bin\msvcp140.dll
0x00007ff967a00000 - 0x00007ff96885f000 	C:\Program Files\Java\jdk-25\bin\server\jvm.dll
0x00007ff9eef30000 - 0x00007ff9eefeb000 	C:\Windows\System32\ADVAPI32.dll
0x00007ff9eee80000 - 0x00007ff9eef27000 	C:\Windows\System32\sechost.dll
0x00007ff9ee060000 - 0x00007ff9ee178000 	C:\Windows\System32\RPCRT4.dll
0x00007ff9ed140000 - 0x00007ff9ed1b4000 	C:\Windows\System32\WS2_32.dll
0x00007ff9eb980000 - 0x00007ff9eb9de000 	C:\Windows\SYSTEM32\POWRPROF.dll
0x00007ff9e02f0000 - 0x00007ff9e0325000 	C:\Windows\SYSTEM32\WINMM.dll
0x00007ff9e5740000 - 0x00007ff9e574b000 	C:\Windows\SYSTEM32\VERSION.dll
0x00007ff9eb960000 - 0x00007ff9eb974000 	C:\Windows\SYSTEM32\UMPDC.dll
0x00007ff9ea850000 - 0x00007ff9ea86b000 	C:\Windows\SYSTEM32\kernel.appcore.dll
0x00007ff9bc0e0000 - 0x00007ff9bc0ea000 	C:\Program Files\Java\jdk-25\bin\jimage.dll
0x00007ff9e2fb0000 - 0x00007ff9e31f2000 	C:\Windows\SYSTEM32\DBGHELP.DLL
0x00007ff9ee290000 - 0x00007ff9ee612000 	C:\Windows\System32\combase.dll
0x00007ff9eec40000 - 0x00007ff9eed17000 	C:\Windows\System32\OLEAUT32.dll
0x00007ff9c2110000 - 0x00007ff9c214b000 	C:\Windows\SYSTEM32\dbgcore.DLL
0x00007ff9ec8e0000 - 0x00007ff9ec985000 	C:\Windows\System32\bcryptPrimitives.dll
0x00007ff9bc0d0000 - 0x00007ff9bc0e0000 	C:\Program Files\Java\jdk-25\bin\instrument.dll
0x00007ff9bc0b0000 - 0x00007ff9bc0cf000 	C:\Program Files\Java\jdk-25\bin\java.dll
0x00007ff9eeff0000 - 0x00007ff9ef185000 	C:\Windows\System32\ole32.dll
0x00007ff9ed710000 - 0x00007ff9ede6f000 	C:\Windows\System32\SHELL32.dll
0x00007ff9ece20000 - 0x00007ff9ecf8a000 	C:\Windows\System32\wintypes.dll
0x00007ff9bc090000 - 0x00007ff9bc0a7000 	C:\Program Files\Java\jdk-25\bin\zip.dll
0x00007ff9ebfc0000 - 0x00007ff9ec824000 	C:\Windows\System32\windows.storage.dll
0x00007ff9ed040000 - 0x00007ff9ed137000 	C:\Windows\System32\SHCORE.dll
0x00007ff9ed450000 - 0x00007ff9ed4b7000 	C:\Windows\System32\shlwapi.dll
0x00007ff9eba20000 - 0x00007ff9eba49000 	C:\Windows\SYSTEM32\profapi.dll
0x00007ff9babe0000 - 0x00007ff9babf2000 	C:\Program Files\Java\jdk-25\bin\net.dll
0x00007ff9eada0000 - 0x00007ff9eae0b000 	C:\Windows\system32\mswsock.dll
0x00007ff9babc0000 - 0x00007ff9babd6000 	C:\Program Files\Java\jdk-25\bin\nio.dll
0x00007ff9bc080000 - 0x00007ff9bc090000 	C:\Program Files\Java\jdk-25\bin\verify.dll
0x00007ff9ba7c0000 - 0x00007ff9ba805000 	C:\Users\wakam\AppData\Roaming\Code\User\globalStorage\redhat.java\1.54.2026041108\config_win\org.eclipse.equinox.launcher\org.eclipse.equinox.launcher.win32.win32.x86_64_1.3.0.v20260203-2149\eclipse_11919.dll
0x00007ff9eb1a0000 - 0x00007ff9eb1bb000 	C:\Windows\SYSTEM32\CRYPTSP.dll
0x00007ff9ea7b0000 - 0x00007ff9ea7e9000 	C:\Windows\system32\rsaenh.dll
0x00007ff9eae50000 - 0x00007ff9eae82000 	C:\Windows\SYSTEM32\USERENV.dll
0x00007ff9eb9f0000 - 0x00007ff9eba1a000 	C:\Windows\SYSTEM32\bcrypt.dll
0x00007ff9eb000000 - 0x00007ff9eb00c000 	C:\Windows\SYSTEM32\CRYPTBASE.dll
0x00007ff9ea160000 - 0x00007ff9ea193000 	C:\Windows\SYSTEM32\IPHLPAPI.DLL
0x00007ff9ef1d0000 - 0x00007ff9ef1da000 	C:\Windows\System32\NSI.dll
0x00007ff9ba760000 - 0x00007ff9ba7a9000 	C:\Users\wakam\AppData\Local\Temp\jna-112894669\jna5302022201364750604.dll
0x00007ff9ed700000 - 0x00007ff9ed708000 	C:\Windows\System32\PSAPI.DLL
0x00007ff9e4d80000 - 0x00007ff9e4ea7000 	C:\Windows\SYSTEM32\winhttp.dll
0x00007ff9e4ff0000 - 0x00007ff9e500d000 	C:\Windows\SYSTEM32\dhcpcsvc6.DLL
0x00007ff9e4d50000 - 0x00007ff9e4d73000 	C:\Windows\SYSTEM32\dhcpcsvc.DLL
0x00007ff9e7180000 - 0x00007ff9e718e000 	C:\Program Files\Java\jdk-25\bin\sunmscapi.dll
0x00007ff9ebe40000 - 0x00007ff9ebfb7000 	C:\Windows\System32\CRYPT32.dll
0x00007ff9eb300000 - 0x00007ff9eb330000 	C:\Windows\SYSTEM32\ncrypt.dll
0x00007ff9eb2b0000 - 0x00007ff9eb2ef000 	C:\Windows\SYSTEM32\NTASN1.dll
0x00007ff9ea280000 - 0x00007ff9ea3aa000 	C:\Windows\SYSTEM32\DNSAPI.dll
0x00007ff9e4cb0000 - 0x00007ff9e4cbb000 	C:\Windows\System32\rasadhlp.dll
0x00007ff9e3e80000 - 0x00007ff9e3f06000 	C:\Windows\System32\fwpuclnt.dll
0x00007ff9e71e0000 - 0x00007ff9e71e9000 	C:\Program Files\Java\jdk-25\bin\extnet.dll
0x00007ff9ea970000 - 0x00007ff9ea9a6000 	C:\Windows\SYSTEM32\ntmarta.dll

JVMTI agents:
c:\Users\wakam\.vscode\extensions\redhat.java-1.54.2026041108-win32-x64\lombok\lombok-1.18.39-4050.jar path:C:\Program Files\Java\jdk-25\bin\instrument.dll, loaded, initialized, instrumentlib options:none

dbghelp: loaded successfully - version: 4.0.5 - missing functions: none
symbol engine: initialized successfully - sym options: 0x614 - pdb path: .;C:\Program Files\Java\jdk-25\bin;C:\Windows\SYSTEM32;C:\Windows\WinSxS\amd64_microsoft.windows.common-controls_6595b64144ccf1df_6.0.26100.8037_none_3e092faae333b53b;C:\Program Files\Java\jdk-25\bin\server;C:\Users\wakam\AppData\Roaming\Code\User\globalStorage\redhat.java\1.54.2026041108\config_win\org.eclipse.equinox.launcher\org.eclipse.equinox.launcher.win32.win32.x86_64_1.3.0.v20260203-2149;C:\Users\wakam\AppData\Local\Temp\jna-112894669

VM Arguments:
jvm_args: -Djdk.xml.maxGeneralEntitySizeLimit=0 -Djdk.xml.totalEntitySizeLimit=0 --add-modules=ALL-SYSTEM --add-opens=java.base/java.util=ALL-UNNAMED --add-opens=java.base/java.lang=ALL-UNNAMED --add-opens=java.base/sun.nio.fs=ALL-UNNAMED -Declipse.application=org.eclipse.jdt.ls.core.id1 -Dosgi.bundles.defaultStartLevel=4 -Declipse.product=org.eclipse.jdt.ls.core.product -Djava.import.generatesMetadataFilesAtProjectRoot=false -DDetectVMInstallationsJob.disabled=true -Dfile.encoding=utf8 -XX:+UseParallelGC -XX:GCTimeRatio=4 -XX:AdaptiveSizePolicyWeight=90 -Dsun.zip.disableMemoryMapping=true -Xmx2G -Xms100m -Xlog:disable -javaagent:c:\Users\wakam\.vscode\extensions\redhat.java-1.54.2026041108-win32-x64\lombok\lombok-1.18.39-4050.jar -XX:+HeapDumpOnOutOfMemoryError -XX:HeapDumpPath=c:\Users\wakam\AppData\Roaming\Code\User\workspaceStorage\21f1205e5cd5c5ef57f7413777eb285a\redhat.java -Daether.dependencyCollector.impl=bf -XX:+UnlockDiagnosticVMOptions -XX:+AllowArchivingWithJavaAgent -XX:+AutoCreateSharedArchive -XX:SharedArchiveFile=c:\Users\wakam\AppData\Roaming\Code\User\globalStorage\redhat.java\1.54.2026041108\jdtls.jsa 
java_command: c:\Users\wakam\.vscode\extensions\redhat.java-1.54.2026041108-win32-x64\server\plugins\org.eclipse.equinox.launcher_1.7.100.v20251111-0406.jar -configuration c:\Users\wakam\AppData\Roaming\Code\User\globalStorage\redhat.java\1.54.2026041108\config_win -data c:\Users\wakam\AppData\Roaming\Code\User\workspaceStorage\21f1205e5cd5c5ef57f7413777eb285a\redhat.java\jdt_ws --pipe=\\.\pipe\lsp-58db512a0d782859acd12b8e7a8cfc72-sock
java_class_path (initial): c:\Users\wakam\.vscode\extensions\redhat.java-1.54.2026041108-win32-x64\server\plugins\org.eclipse.equinox.launcher_1.7.100.v20251111-0406.jar
Launcher Type: SUN_STANDARD

[Global flags]
     bool AOTInvokeDynamicLinking                  = false                                  {diagnostic} {ergonomic}
     bool AOTRecordTraining                        = false                                  {diagnostic} {ergonomic}
     bool AOTReplayTraining                        = false                                  {diagnostic} {ergonomic}
     uint AdaptiveSizePolicyWeight                 = 90                                        {product} {command line}
     bool AllowArchivingWithJavaAgent              = true                                   {diagnostic} {command line}
    ccstr ArchiveClassesAtExit                     = c:\Users\wakam\AppData\Roaming\Code\User\globalStorage\redhat.java\1.54.2026041108\jdtls.jsa            {product} {ergonomic}
     bool AutoCreateSharedArchive                  = true                                      {product} {command line}
     intx CICompilerCount                          = 4                                         {product} {ergonomic}
     uint GCTimeRatio                              = 4                                         {product} {command line}
     bool HeapDumpOnOutOfMemoryError               = true                                   {manageable} {command line}
    ccstr HeapDumpPath                             = c:\Users\wakam\AppData\Roaming\Code\User\workspaceStorage\21f1205e5cd5c5ef57f7413777eb285a\redhat.java         {manageable} {command line}
   size_t InitialHeapSize                          = 104857600                                 {product} {command line}
   size_t MaxHeapSize                              = 2147483648                                {product} {command line}
   size_t MaxNewSize                               = 715653120                                 {product} {ergonomic}
   size_t MinHeapDeltaBytes                        = 524288                                    {product} {ergonomic}
   size_t MinHeapSize                              = 104857600                                 {product} {command line}
   size_t NewSize                                  = 34603008                                  {product} {ergonomic}
    uintx NonNMethodCodeHeapSize                   = 5832704                                {pd product} {ergonomic}
    uintx NonProfiledCodeHeapSize                  = 122945536                              {pd product} {ergonomic}
    uintx ProfiledCodeHeapSize                     = 122880000                              {pd product} {ergonomic}
    uintx ReservedCodeCacheSize                    = 251658240                              {pd product} {ergonomic}
     bool SegmentedCodeCache                       = true                                      {product} {ergonomic}
    ccstr SharedArchiveFile                        =                                           {product} {command line, ergonomic}
   size_t SoftMaxHeapSize                          = 2147483648                             {manageable} {ergonomic}
     bool UnlockDiagnosticVMOptions                = true                                   {diagnostic} {command line}
     bool UseCompressedOops                        = true                           {product lp64_product} {ergonomic}
     bool UseLargePagesIndividualAllocation        = false                                  {pd product} {ergonomic}
     bool UseParallelGC                            = true                                      {product} {command line}
      int X86ICacheSync                            = 2                                 {ARCH diagnostic} {ergonomic}

Logging:
Log output configuration:
 #0: stdout all=off uptime,level,tags foldmultilines=false
 #1: stderr all=off uptime,level,tags foldmultilines=false

Release file:
IMPLEMENTOR="Oracle Corporation" 
JAVA_RUNTIME_VERSION="25+37-LTS-3491" 
JAVA_VERSION="25" 
JAVA_VERSION_DATE="2025-09-16" 
LIBC="default" 
MODULES="java.base java.compiler java.datatransfer java.xml java.prefs java.desktop java.instrument java.logging java.management java.security.sasl java.naming java.rmi java.management.rmi java.net.http java.scripting java.security.jgss java.transaction.xa java.sql java.sql.rowset java.xml.crypto java.se java.smartcardio jdk.accessibility jdk.internal.jvmstat jdk.attach jdk.charsets jdk.internal.opt jdk.zipfs jdk.compiler jdk.crypto.cryptoki jdk.crypto.ec jdk.crypto.mscapi jdk.dynalink jdk.internal.ed jdk.editpad jdk.internal.vm.ci jdk.graal.compiler jdk.graal.compiler.management jdk.hotspot.agent jdk.httpserver jdk.incubator.vector jdk.internal.le jdk.internal.md jdk.jartool jdk.javadoc jdk.jcmd jdk.management jdk.management.agent jdk.jconsole jdk.jdeps jdk.jdwp.agent jdk.jdi jdk.jfr jdk.jlink jdk.jpackage jdk.jshell jdk.jsobject jdk.jstatd jdk.localedata jdk.management.jfr jdk.naming.dns jdk.naming.rmi jdk.net jdk.nio.mapmode jdk.sctp jdk.security.auth jdk.security.jgss jdk.unsupported jdk.unsupported.desktop jdk.xml.dom" 
OS_ARCH="x86_64" 
OS_NAME="Windows" 
SOURCE=".:git:49d6a23b8806 open:git:6c48f4ed707b" 

Environment Variables:
JAVA_HOME=C:\Program Files\Eclipse Adoptium\jdk-17.0.18.8-hotspot
PATH=C:\Users\wakam\AppData\Local\Programs\Microsoft VS Code;C:\Windows\system32;C:\Windows;C:\Windows\System32\Wbem;C:\Windows\System32\WindowsPowerShell\v1.0\;C:\Windows\System32\OpenSSH\;C:\Program Files\dotnet\;C:\Program Files\Microsoft SQL Server\150\Tools\Binn\;C:\Program Files\Microsoft SQL Server\Client SDK\ODBC\170\Tools\Binn\;C:\Program Files (x86)\Windows Kits\10\Windows Performance Toolkit\;C:\Program Files\Git\cmd;C:\Program Files\Eclipse Adoptium\jdk-17.0.18.8-hotspot\bin;C:\Users\wakam\AppData\Local\Microsoft\WindowsApps;C:\Users\wakam\AppData\Local\Programs\Microsoft VS Code\bin;C:\Users\wakam\.dotnet\tools;
USERNAME=wakam
OS=Windows_NT
PROCESSOR_IDENTIFIER=Intel64 Family 6 Model 165 Stepping 3, GenuineIntel
TMP=C:\Users\wakam\AppData\Local\Temp
TEMP=C:\Users\wakam\AppData\Local\Temp




Compilation memory statistics disabled.

Periodic native trim disabled

---------------  S Y S T E M  ---------------

OS:
 Windows 11 , 64 bit Build 26100 (10.0.26100.7920)
OS uptime: 0 days 0:04 hours
Hyper-V role detected

CPU: total 12 (initial active 12) (6 cores per cpu, 2 threads per core) family 6 model 165 stepping 3 microcode 0x100, cx8, cmov, fxsr, ht, mmx, 3dnowpref, sse, sse2, sse3, ssse3, sse4.1, sse4.2, popcnt, lzcnt, tsc, tscinvbit, avx, avx2, aes, erms, clmul, bmi1, bmi2, adx, fma, vzeroupper, clflush, clflushopt, hv, rdtscp, f16c
Processor Information for the first 12 processors :
  Max Mhz: 3101, Current Mhz: 3101, Mhz Limit: 3101

Memory: 4k page, system-wide physical 16080M (7691M free)
TotalPageFile size 17104M (AvailPageFile size 8292M)
current process WorkingSet (physical memory assigned to process): 692M, peak: 692M
current process commit charge ("private bytes"): 737M, peak: 737M

vm_info: Java HotSpot(TM) 64-Bit Server VM (25+37-LTS-3491) for windows-amd64 JRE (25+37-LTS-3491), built on 2025-08-14T21:13:00Z with unknown MS VC++:1943

END.
